[ ,
  { difficulty: 20,
    child: 'no',
    types: { spirit: 1 },
    subtypes: { kd: 1, child2: 1, wallet: 1 },
    name: 'All 4 Wasteland/ Colossus area Skulltulas',
    goal: 
     { subtypes: [Object],
       jp: '幻影の砂漠・巨大邪神像エリアの黄金のスタルチュラ4匹',
       types: [Object],
       child: 'no',
       name: 'All 4 Wasteland/ Colossus area Skulltulas' },
    synergy: 0 },
  { difficulty: 22,
    child: 'yes',
    types: { claimcheck: 1, mapcompass: 1 },
    subtypes: undefined,
    name: '7 Maps',
    goal: { jp: 'マップ7つ', types: [Object], child: 'yes', name: '7 Maps' },
    synergy: 0 },
  { difficulty: 4,
    child: 'yes',
    types: { bottle: 1 },
    subtypes: undefined,
    name: 'Ruto\'s Letter',
    goal: 
     { jp: 'ルトの手紙\u001a',
       types: [Object],
       child: 'yes',
       name: 'Ruto\'s Letter' },
    synergy: 0 },
  { difficulty: 11,
    child: 'yes',
    types: { lonlon: 1, jabu: 1 },
    subtypes: { wallet: 1 },
    name: 'All 4 Lon-Lon Ranch area Skulltulas',
    goal: 
     { subtypes: [Object],
       jp: 'ロンロン牧場エリアの黄金のスタルチュラ4匹',
       types: [Object],
       child: 'yes',
       name: 'All 4 Lon-Lon Ranch area Skulltulas' },
    synergy: 0 },
  { difficulty: 8,
    child: 'yes',
    types: { fortress: 1 },
    subtypes: undefined,
    name: '5 unused keys in Gerudo Training Grounds',
    goal: 
     { jp: 'ゲルドの修練場の未使用のカギ5つ',
       types: [Object],
       child: 'yes',
       name: '5 unused keys in Gerudo Training Grounds' },
    synergy: 0 },
  { difficulty: 14,
    child: 'no',
    types: { claimcheck: 1, quiver: 1, forest: 1 },
    subtypes: { mapcompass: 1, bosskey: 1 },
    name: 'Forest Temple Boss Key',
    goal: 
     { subtypes: [Object],
       jp: '森の神殿のボス部屋のカギ',
       types: [Object],
       child: 'no',
       name: 'Forest Temple Boss Key' },
    synergy: 0 },
  { difficulty: 6,
    child: 'no',
    types: { cow: 1 },
    subtypes: undefined,
    name: 'Cow in House',
    goal: 
     { jp: '牛(リンクの家)',
       types: [Object],
       child: 'no',
       name: 'Cow in House' },
    synergy: 0 },
  { difficulty: 18,
    child: 'no',
    types: { fire: 1 },
    subtypes: { mapcompass: 1, wallet: 1, bosskey: 1 },
    name: 'All 5 Skulltulas in Fire Temple',
    goal: 
     { subtypes: [Object],
       jp: '炎の神殿の黄金のスタルチュラ5匹',
       types: [Object],
       child: 'no',
       name: 'All 5 Skulltulas in Fire Temple' },
    synergy: 0 },
  { difficulty: 25,
    child: 'no',
    types: { zl: 1, strength: 1, saria: 1, bulletbag: 1, atrade: 1 },
    subtypes: { wallet: 1 },
    name: 'Green Gauntlets',
    goal: 
     { subtypes: [Object],
       jp: '緑のグローブ\u001a',
       types: [Object],
       child: 'no',
       name: 'Green Gauntlets' },
    synergy: 0 },
  { difficulty: 2,
    child: 'yes',
    types: { dc: 1 },
    subtypes: { mapcompass: 1 },
    name: 'Map & Compass in Dodongo\'s Cavern',
    goal: 
     { subtypes: [Object],
       jp: 'ドドンゴの洞窟のマップとコンパス',
       types: [Object],
       child: 'yes',
       name: 'Map & Compass in Dodongo\'s Cavern' },
    synergy: 0 },
  { difficulty: 23,
    child: 'yes',
    types: { zl: 1 },
    subtypes: { hearts: 1, songs: 1, child2: 1 },
    name: 'Both heart pieces in Lost Woods',
    goal: 
     { subtypes: [Object],
       jp: '迷いの森のハートのかけら２つ',
       types: [Object],
       child: 'yes',
       name: 'Both heart pieces in Lost Woods' },
    synergy: 0 },
  { difficulty: 5,
    child: 'yes',
    types: { fortress: 1 },
    subtypes: undefined,
    name: '3 unused keys in Gerudo Training Grounds',
    goal: 
     { jp: 'ゲルドの修練場の未使用のカギ3つ',
       types: [Object],
       child: 'yes',
       name: '3 unused keys in Gerudo Training Grounds' },
    synergy: 0 },
  { difficulty: 12,
    child: 'no',
    types: { quiver: 1, forest: 1 },
    subtypes: { mapcompass: 1, bosskey: 1 },
    name: 'Fairy Bow',
    goal: 
     { subtypes: [Object],
       jp: '妖精の弓',
       types: [Object],
       child: 'no',
       name: 'Fairy Bow' },
    synergy: 0 },
  { difficulty: 9,
    child: 'yes',
    types: { water: 1 },
    subtypes: { hearts: 1 },
    name: 'Defeat Morpha',
    goal: 
     { subtypes: [Object],
       jp: 'モーファ撃破',
       types: [Object],
       child: 'yes',
       name: 'Defeat Morpha' },
    synergy: 0 },
  { difficulty: 16,
    child: 'no',
    types: { jabu: 1, ice: 1 },
    subtypes: { wallet: 1 },
    name: 'All 8 Zora\'s Domain area Skulltulas',
    goal: 
     { subtypes: [Object],
       jp: 'ゾーラの里エリアの黄金のスタルチュラ8匹',
       types: [Object],
       child: 'no',
       name: 'All 8 Zora\'s Domain area Skulltulas' },
    synergy: 0 },
  { difficulty: 7,
    child: 'yes',
    types: { bottle: 1 },
    subtypes: undefined,
    name: 'Fill all 4 Bottle Slots',
    goal: 
     { jp: '4つの空きビンスロットを全て埋める\u001a',
       types: [Object],
       child: 'yes',
       name: 'Fill all 4 Bottle Slots' },
    synergy: 0 },
  { difficulty: 19,
    child: 'no',
    types: { spirit: 1 },
    subtypes: undefined,
    name: 'Defeat Nabooru-Knuckle',
    goal: 
     { jp: 'アイアンナック(ナボール)撃破',
       types: [Object],
       child: 'no',
       name: 'Defeat Nabooru-Knuckle' },
    synergy: 0 },
  { difficulty: 21,
    child: 'yes',
    types: { zl: 1 },
    subtypes: { child2: 1 },
    name: 'Din\'s Fire',
    goal: 
     { subtypes: [Object],
       jp: 'ディンの炎\u001a',
       types: [Object],
       child: 'yes',
       name: 'Din\'s Fire' },
    synergy: 0 },
  { difficulty: 3,
    child: 'yes',
    types: { dc: 1 },
    subtypes: undefined,
    name: 'Defeat all Lizalfos in Dodongo\'s Cavern',
    goal: 
     { jp: 'ドドンゴの洞窟のリザルフォス全て撃破',
       types: [Object],
       child: 'yes',
       name: 'Defeat all Lizalfos in Dodongo\'s Cavern' },
    synergy: 0 },
  { difficulty: 15,
    child: 'no',
    types: { quiver: 1, forest: 1 },
    subtypes: { mapcompass: 1, bosskey: 1 },
    name: 'Map & Compass in Forest Temple',
    goal: 
     { subtypes: [Object],
       jp: '森の神殿のマップとコンパス',
       types: [Object],
       child: 'no',
       name: 'Map & Compass in Forest Temple' },
    synergy: 0 },
  { difficulty: 1,
    child: 'yes',
    types: { skullkid: 1 },
    subtypes: undefined,
    name: 'Defeat a Skull Kid',
    goal: 
     { jp: 'スタルキッド撃破',
       types: [Object],
       child: 'yes',
       name: 'Defeat a Skull Kid' },
    synergy: 0 },
  { difficulty: 13,
    child: 'no',
    types: { water: 1, ice: 1 },
    subtypes: undefined,
    name: 'Longshot',
    goal: { jp: 'ロングフック', types: [Object], child: 'no', name: 'Longshot' },
    synergy: 0 },
  { difficulty: 10,
    child: 'yes',
    types: { fortress: 1 },
    subtypes: { hearts: 1, kd: 1 },
    name: '37th heart piece (Child Fortress)',
    goal: 
     { subtypes: [Object],
       jp: '37番目のハートのかけら(子供のゲルドの砦)',
       types: [Object],
       child: 'yes',
       name: '37th heart piece (Child Fortress)' },
    synergy: 0 },
  { difficulty: 17,
    child: 'yes',
    types: { spirit: 1 },
    subtypes: { wallet: 1 },
    name: 'All 5 Skulltulas in Spirit Temple',
    goal: 
     { subtypes: [Object],
       jp: '魂の神殿の黄金のスタルチュラ5匹',
       types: [Object],
       child: 'yes',
       name: 'All 5 Skulltulas in Spirit Temple' },
    synergy: 0 },
  { difficulty: 24,
    child: 'no',
    types: { fire: 1, ganon: 1 },
    subtypes: { pg: 1, mapcompass: 1, lightarrow: 1, bosskey: 1 },
    name: 'Get to the end of Shadow Trial',
    goal: 
     { subtypes: [Object],
       jp: '闇の結界の最後の部屋に到達\u001a',
       types: [Object],
       child: 'no',
       name: 'Get to the end of Shadow Trial' },
    synergy: 0 },
  meta: { iterations: 1 } ]
