[ ,
  { difficulty: 25,
    child: 'yes',
    types: { hearts: 1 },
    subtypes: undefined,
    name: '9 Hearts',
    synergy: 0 },
  { difficulty: 7,
    child: 'no',
    types: { forest: 1 },
    subtypes: { wallet: 1 },
    name: 'All 4 Lost Woods area Skulltulas',
    synergy: 0 },
  { difficulty: 19,
    child: 'no',
    types: { spirit: 1 },
    subtypes: undefined,
    name: 'Defeat Nabooru-Knuckle',
    synergy: 0 },
  { difficulty: 11,
    child: 'no',
    types: { botw: 1 },
    subtypes: { wallet: 1 },
    name: 'All 8 Kakariko area Skulltulas',
    synergy: 0 },
  { difficulty: 3,
    child: 'no',
    types: { fire: 1, dmc: 1 },
    subtypes: { songs: 1 },
    name: 'Bolero of Fire',
    synergy: 0 },
  { difficulty: 14,
    child: 'no',
    types: { claimcheck: 1, quiver: 1, forest: 1 },
    subtypes: { mapcompass: 1, bosskey: 1 },
    name: 'Forest Temple Boss Key',
    synergy: 0 },
  { difficulty: 1,
    child: 'yes',
    types: { bottle: 1 },
    subtypes: undefined,
    name: 'Bottled Fairy',
    synergy: 0 },
  { difficulty: 23,
    child: 'no',
    types: { fire: 1, ganon: 1, lightarrow: 1 },
    subtypes: { pg: 1, mapcompass: 1, bosskey: 1 },
    name: 'Get to the end of Water Trial',
    synergy: 0 },
  { difficulty: 10,
    child: 'yes',
    types: { beans: 1 },
    subtypes: { child2: 1, wallet: 1 },
    name: 'At least 7 Magic Beans',
    synergy: 0 },
  { difficulty: 17,
    child: 'yes',
    types: { spirit: 1 },
    subtypes: { wallet: 1 },
    name: 'All 5 Skulltulas in Spirit Temple',
    synergy: 0 },
  { difficulty: 8,
    child: 'yes',
    types: { beans: 1, dmc: 1 },
    subtypes: { child2: 1 },
    name: 'Plant bean in Death Mountain Crater',
    synergy: 0 },
  { difficulty: 20,
    child: 'no',
    types: { fire: 1 },
    subtypes: { mapcompass: 1, bosskey: 1 },
    name: 'Free all 9 gorons in Fire Temple',
    synergy: 0 },
  { difficulty: 12,
    child: 'no',
    types: { quiver: 1, forest: 1 },
    subtypes: { mapcompass: 1, bosskey: 1 },
    name: 'Fairy Bow',
    synergy: 0 },
  { difficulty: 4,
    child: 'yes',
    types: { kd: 1, dc: 1 },
    subtypes: { hearts: 1 },
    name: 'Defeat King Dodongo',
    synergy: 0 },
  { difficulty: 21,
    child: 'no',
    types: { water: 1, ice: 1 },
    subtypes: { mapcompass: 1, child2: 1, wallet: 1 },
    name: 'All 5 Lake Hylia Skulltulas',
    synergy: 0 },
  { difficulty: 2,
    child: 'yes',
    types: { dc: 1 },
    subtypes: { mapcompass: 1 },
    name: 'Map & Compass in Dodongo\'s Cavern',
    synergy: 0 },
  { difficulty: 24,
    child: 'no',
    types: { zl: 1, shadow: 1 },
    subtypes: { wallet: 1, bosskey: 1 },
    name: 'All 5 Skulltulas in Shadow Temple',
    synergy: 0 },
  { difficulty: 6,
    child: 'yes',
    types: { ice: 1 },
    subtypes: { mapcompass: 1, wallet: 1 },
    name: 'All 3 Skulltulas in Ice Cavern',
    synergy: 0 },
  { difficulty: 18,
    child: 'no',
    types: { fire: 1 },
    subtypes: { mapcompass: 1, wallet: 1, bosskey: 1 },
    name: 'All 5 Skulltulas in Fire Temple',
    synergy: 0 },
  { difficulty: 15,
    child: 'no',
    types: { quiver: 1, forest: 1 },
    subtypes: { mapcompass: 1, bosskey: 1 },
    name: 'Map & Compass in Forest Temple',
    synergy: 0 },
  { difficulty: 16,
    child: 'no',
    types: { jabu: 1, ice: 1 },
    subtypes: { wallet: 1 },
    name: 'All 8 Zora\'s Domain area Skulltulas',
    synergy: 0 },
  { difficulty: 13,
    child: 'yes',
    types: { hearts: 1 },
    subtypes: undefined,
    name: '7 Hearts',
    synergy: 0 },
  { difficulty: 5,
    child: 'yes',
    types: { fortress: 1 },
    subtypes: undefined,
    name: '3 unused keys in Gerudo Training Grounds',
    synergy: 0 },
  { difficulty: 22,
    child: 'no',
    types: { zl: 1, lightarrow: 1, spirit: 1 },
    subtypes: { bosskey: 1 },
    name: 'Spirit Temple Boss Key',
    synergy: 0 },
  { difficulty: 9,
    child: 'yes',
    types: { dc: 1 },
    subtypes: { wallet: 1 },
    name: 'All 5 Skulltulas in Dodongo\'s Cavern',
    synergy: 0 } ]
