[ ,
  { difficulty: 24,
    child: 'no',
    types: { zl: 1, shadow: 1 },
    subtypes: { wallet: 1, bosskey: 1 },
    name: 'All 5 Skulltulas in Shadow Temple',
    goal: 
     { subtypes: [Object],
       jp: '闇の神殿の黄金のスタルチュラ5匹',
       types: [Object],
       child: 'no',
       name: 'All 5 Skulltulas in Shadow Temple' },
    synergy: 0 },
  { difficulty: 18,
    child: 'no',
    types: { fire: 1 },
    subtypes: { pg: 1, mapcompass: 1, hearts: 1, bosskey: 1 },
    name: 'Defeat Volvagia',
    goal: 
     { subtypes: [Object],
       jp: 'ヴァルバジア撃破',
       types: [Object],
       child: 'no',
       name: 'Defeat Volvagia' },
    synergy: 0 },
  { difficulty: 15,
    child: 'no',
    types: { strength: 1, bulletbag: 1, spirit: 1, atrade: 1 },
    subtypes: { wallet: 1 },
    name: 'Blue Gauntlets',
    goal: 
     { subtypes: [Object],
       jp: '青のグローブ',
       types: [Object],
       child: 'no',
       name: 'Blue Gauntlets' },
    synergy: 0 },
  { difficulty: 7,
    child: 'no',
    types: { fortress: 1 },
    subtypes: { wallet: 1 },
    name: 'Both Gerudo\'s Fortress area Skulltulas',
    goal: 
     { subtypes: [Object],
       jp: 'ゲルドの砦の黄金のスタルチュラ2匹',
       types: [Object],
       child: 'no',
       name: 'Both Gerudo\'s Fortress area Skulltulas' },
    synergy: 0 },
  { difficulty: 1,
    child: 'yes',
    types: { skullkid: 1 },
    subtypes: undefined,
    name: 'Defeat a Skull Kid',
    goal: 
     { jp: 'スタルキッド撃破',
       types: [Object],
       child: 'yes',
       name: 'Defeat a Skull Kid' },
    synergy: 0 },
  { difficulty: 10,
    child: 'yes',
    types: { water: 1 },
    subtypes: { hearts: 1 },
    name: 'Beat the Water Temple',
    goal: 
     { subtypes: [Object],
       jp: '水の神殿クリア',
       types: [Object],
       child: 'yes',
       name: 'Beat the Water Temple' },
    synergy: 0 },
  { difficulty: 2,
    child: 'yes',
    types: { dc: 1 },
    subtypes: { mapcompass: 1 },
    name: 'Map & Compass in Dodongo\'s Cavern',
    goal: 
     { subtypes: [Object],
       jp: 'ドドンゴの洞窟のマップとコンパス',
       types: [Object],
       child: 'yes',
       name: 'Map & Compass in Dodongo\'s Cavern' },
    synergy: 0 },
  { difficulty: 21,
    child: 'no',
    types: { pg: 1, child2: 1, forest: 1 },
    subtypes: { hearts: 1, wallet: 1 },
    name: 'All 4 Market area Skulltulas',
    goal: 
     { subtypes: [Object],
       jp: '城下町エリアの黄金のスタルチュラ4匹',
       types: [Object],
       child: 'no',
       name: 'All 4 Market area Skulltulas' },
    synergy: 0 },
  { difficulty: 19,
    child: 'no',
    types: { fire: 1 },
    subtypes: { mapcompass: 1, bosskey: 1 },
    name: 'Free all 9 gorons in Fire Temple',
    goal: 
     { subtypes: [Object],
       jp: '炎の神殿で９人のゴロンを全員救う',
       types: [Object],
       child: 'no',
       name: 'Free all 9 gorons in Fire Temple' },
    synergy: 0 },
  { difficulty: 13,
    child: 'yes',
    types: { jabu: 1 },
    subtypes: { mapcompass: 1 },
    name: 'Map & Compass in Jabu-Jabu',
    goal: 
     { subtypes: [Object],
       jp: 'ジャブジャブ様のお腹のマップとコンパス',
       types: [Object],
       child: 'yes',
       name: 'Map & Compass in Jabu-Jabu' },
    synergy: 0 },
  { difficulty: 16,
    child: 'no',
    types: { fire: 1 },
    subtypes: { mapcompass: 1, bosskey: 1 },
    name: 'Megaton Hammer',
    goal: 
     { subtypes: [Object],
       jp: 'メガトンハンマー',
       types: [Object],
       child: 'no',
       name: 'Megaton Hammer' },
    synergy: 0 },
  { difficulty: 14,
    child: 'no',
    types: { claimcheck: 1, quiver: 1, forest: 1 },
    subtypes: { mapcompass: 1, bosskey: 1 },
    name: 'Forest Temple Boss Key',
    goal: 
     { subtypes: [Object],
       jp: '森の神殿のボス部屋のカギ',
       types: [Object],
       child: 'no',
       name: 'Forest Temple Boss Key' },
    synergy: 0 },
  { difficulty: 8,
    child: 'yes',
    types: { fortress: 1 },
    subtypes: undefined,
    name: '5 unused keys in Gerudo Training Grounds',
    goal: 
     { jp: 'ゲルドの修練場の未使用のカギ5つ',
       types: [Object],
       child: 'yes',
       name: '5 unused keys in Gerudo Training Grounds' },
    synergy: 0 },
  { difficulty: 5,
    child: 'yes',
    types: { deku: 1, bulletbag: 1 },
    subtypes: undefined,
    name: 'Bullet Bag (40)',
    goal: 
     { jp: 'デクのタネ袋(40)',
       types: [Object],
       child: 'yes',
       name: 'Bullet Bag (40)' },
    synergy: 0 },
  { difficulty: 22,
    child: 'yes',
    types: { ice: 1, spirit: 1, shields: 1, boots: 1 },
    subtypes: { mapcompass: 1 },
    name: '3 Shields & 3 Boots',
    goal: 
     { subtypes: [Object],
       jp: '盾3種類と靴3種類\u001a',
       types: [Object],
       child: 'yes',
       name: '3 Shields & 3 Boots' },
    synergy: 0 },
  { difficulty: 3,
    child: 'yes',
    types: { deku: 1, bulletbag: 1 },
    subtypes: undefined,
    name: 'Fairy Slingshot',
    goal: 
     { jp: '妖精のパチンコ',
       types: [Object],
       child: 'yes',
       name: 'Fairy Slingshot' },
    synergy: 0 },
  { difficulty: 25,
    child: 'no',
    types: { zl: 1, water: 1 },
    subtypes: undefined,
    name: 'All 5 Skulltulas in Water Temple',
    goal: 
     { jp: '水の神殿の黄金のスタルチュラ5匹',
       types: [Object],
       child: 'no',
       name: 'All 5 Skulltulas in Water Temple' },
    synergy: 0 },
  { difficulty: 17,
    child: 'no',
    types: { fire: 1 },
    subtypes: { mapcompass: 1, bosskey: 1 },
    name: 'Defeat both Flare Dancers',
    goal: 
     { subtypes: [Object],
       jp: 'フレアダンサー2体撃破',
       types: [Object],
       child: 'no',
       name: 'Defeat both Flare Dancers' },
    synergy: 0 },
  { difficulty: 11,
    child: 'no',
    types: { forest: 1 },
    subtypes: { wallet: 1 },
    name: 'All 5 Skulltulas in Forest Temple',
    goal: 
     { subtypes: [Object],
       jp: '森の神殿の黄金のスタルチュラ5匹',
       types: [Object],
       child: 'no',
       name: 'All 5 Skulltulas in Forest Temple' },
    synergy: 0 },
  { difficulty: 9,
    child: 'yes',
    types: { dc: 1 },
    subtypes: { wallet: 1 },
    name: 'All 5 Skulltulas in Dodongo\'s Cavern',
    goal: 
     { subtypes: [Object],
       jp: 'ドドンゴの洞窟の黄金のスタルチュラ5匹',
       types: [Object],
       child: 'yes',
       name: 'All 5 Skulltulas in Dodongo\'s Cavern' },
    synergy: 0 },
  { difficulty: 12,
    child: 'yes',
    types: { jabu: 1, ice: 1 },
    subtypes: { hearts: 1, wallet: 1 },
    name: 'All 4 Skulltulas in Jabu-Jabu',
    goal: 
     { subtypes: [Object],
       jp: 'ジャブジャブ様のお腹の黄金のスタルチュラ4匹',
       types: [Object],
       child: 'yes',
       name: 'All 4 Skulltulas in Jabu-Jabu' },
    synergy: 0 },
  { difficulty: 6,
    child: 'yes',
    types: { ganon: 1, deku: 1 },
    subtypes: undefined,
    name: 'Beat the Deku Tree',
    goal: 
     { jp: 'デクの樹様の中クリア',
       types: [Object],
       child: 'yes',
       name: 'Beat the Deku Tree' },
    synergy: 0 },
  { difficulty: 4,
    child: 'yes',
    types: { shadow: 1 },
    subtypes: { mapcompass: 1 },
    name: 'Map & Compass in Shadow Temple',
    goal: 
     { subtypes: [Object],
       jp: '闇の神殿のマップとコンパス',
       types: [Object],
       child: 'yes',
       name: 'Map & Compass in Shadow Temple' },
    synergy: 0 },
  { difficulty: 23,
    child: 'no',
    types: { spirit: 1 },
    subtypes: { hearts: 1 },
    name: 'Defeat Twinrova',
    goal: 
     { subtypes: [Object],
       jp: 'ツインローバ撃破',
       types: [Object],
       child: 'no',
       name: 'Defeat Twinrova' },
    synergy: 0 },
  { difficulty: 20,
    child: 'no',
    types: { fire: 1 },
    subtypes: { mapcompass: 1, bosskey: 1 },
    name: 'Free all 9 gorons in Fire Temple',
    goal: 
     { subtypes: [Object],
       jp: '炎の神殿で９人のゴロンを全員救う',
       types: [Object],
       child: 'no',
       name: 'Free all 9 gorons in Fire Temple' },
    synergy: 0 },
  meta: { iterations: 1 } ]
