[ ,
  { difficulty: 5,
    child: 'yes',
    types: { ganon: 1, deku: 1 },
    subtypes: { hearts: 1 },
    name: 'Defeat Queen Gohma',
    goal: 
     { subtypes: [Object],
       jp: 'ゴーマ撃破',
       types: [Object],
       child: 'yes',
       name: 'Defeat Queen Gohma' },
    synergy: 0 },
  { difficulty: 22,
    child: 'no',
    types: { fortress: 1, beans: 1, quiver: 1 },
    subtypes: undefined,
    name: 'Quiver (50)',
    goal: 
     { jp: '矢立て(50)',
       types: [Object],
       child: 'no',
       name: 'Quiver (50)' },
    synergy: 0 },
  { difficulty: 19,
    child: 'yes',
    types: { zl: 1, saria: 1 },
    subtypes: { child2: 1, songs: 1 },
    name: 'Saria\'s Song',
    goal: 
     { subtypes: [Object],
       jp: 'サリアの歌',
       types: [Object],
       child: 'yes',
       name: 'Saria\'s Song' },
    synergy: 0 },
  { difficulty: 6,
    child: 'yes',
    types: { botw: 1 },
    subtypes: { wallet: 1 },
    name: 'All 3 Skulltulas in Bottom of the Well',
    goal: 
     { subtypes: [Object],
       jp: '井戸の底の黄金のスタルチュラ3匹',
       types: [Object],
       child: 'yes',
       name: 'All 3 Skulltulas in Bottom of the Well' },
    synergy: 0 },
  { difficulty: 13,
    child: 'yes',
    types: { strength: 1, spirit: 1 },
    subtypes: undefined,
    name: 'Silver Gauntlets',
    goal: 
     { jp: '銀のグローブ',
       types: [Object],
       child: 'yes',
       name: 'Silver Gauntlets' },
    synergy: 0 },
  { difficulty: 9,
    child: 'yes',
    types: { dc: 1 },
    subtypes: { wallet: 1 },
    name: 'All 5 Skulltulas in Dodongo\'s Cavern',
    goal: 
     { subtypes: [Object],
       jp: 'ドドンゴの洞窟の黄金のスタルチュラ5匹',
       types: [Object],
       child: 'yes',
       name: 'All 5 Skulltulas in Dodongo\'s Cavern' },
    synergy: 0 },
  { difficulty: 11,
    child: 'no',
    types: { forest: 1 },
    subtypes: { wallet: 1 },
    name: 'All 5 Skulltulas in Forest Temple',
    goal: 
     { subtypes: [Object],
       jp: '森の神殿の黄金のスタルチュラ5匹',
       types: [Object],
       child: 'no',
       name: 'All 5 Skulltulas in Forest Temple' },
    synergy: 0 },
  { difficulty: 3,
    child: 'no',
    types: { fire: 1, dmc: 1 },
    subtypes: { songs: 1 },
    name: 'Bolero of Fire',
    goal: 
     { subtypes: [Object],
       jp: '炎のボレロ',
       types: [Object],
       child: 'no',
       name: 'Bolero of Fire' },
    synergy: 0 },
  { difficulty: 25,
    child: 'yes',
    types: { hearts: 1 },
    subtypes: undefined,
    name: '9 Hearts',
    goal: { jp: 'ハート9つ', types: [Object], child: 'yes', name: '9 Hearts' },
    synergy: 0 },
  { difficulty: 17,
    child: 'yes',
    types: { mapcompass: 1 },
    subtypes: undefined,
    name: '6 Compasses',
    goal: 
     { jp: 'コンパス6つ',
       types: [Object],
       child: 'yes',
       name: '6 Compasses' },
    synergy: 0 },
  { difficulty: 23,
    child: 'yes',
    types: { zl: 1 },
    subtypes: { hearts: 1, songs: 1, child2: 1 },
    name: 'Both heart pieces in Lost Woods',
    goal: 
     { subtypes: [Object],
       jp: '迷いの森のハートのかけら２つ',
       types: [Object],
       child: 'yes',
       name: 'Both heart pieces in Lost Woods' },
    synergy: 0 },
  { difficulty: 20,
    child: 'no',
    types: { fire: 1 },
    subtypes: { mapcompass: 1, bosskey: 1 },
    name: 'Free all 9 gorons in Fire Temple',
    goal: 
     { subtypes: [Object],
       jp: '炎の神殿で９人のゴロンを全員救う',
       types: [Object],
       child: 'no',
       name: 'Free all 9 gorons in Fire Temple' },
    synergy: 0 },
  { difficulty: 7,
    child: 'yes',
    types: { fortress: 1, kd: 1, dc: 1 },
    subtypes: undefined,
    name: 'Beat Dodongo\'s Cavern',
    goal: 
     { jp: 'ドドンゴの洞窟クリア',
       types: [Object],
       child: 'yes',
       name: 'Beat Dodongo\'s Cavern' },
    synergy: 0 },
  { difficulty: 14,
    child: 'no',
    types: { strength: 1, ganon: 1, bulletbag: 1, atrade: 1 },
    subtypes: { wallet: 1 },
    name: 'Bronze Gauntlets',
    goal: 
     { subtypes: [Object],
       jp: '銅のグローブ',
       types: [Object],
       child: 'no',
       name: 'Bronze Gauntlets' },
    synergy: 0 },
  { difficulty: 1,
    child: 'yes',
    types: { nuts: 1 },
    subtypes: undefined,
    name: 'At least 30 Deku Nuts',
    goal: 
     { jp: 'デクの実30個以上',
       types: [Object],
       child: 'yes',
       name: 'At least 30 Deku Nuts' },
    synergy: 0 },
  { difficulty: 12,
    child: 'yes',
    types: { spirit: 1 },
    subtypes: undefined,
    name: 'Get Bombchu chest in Spirit Temple',
    goal: 
     { jp: '魂の神殿のボムチュウ取得\u001a',
       types: [Object],
       child: 'yes',
       name: 'Get Bombchu chest in Spirit Temple' },
    synergy: 0 },
  { difficulty: 4,
    child: 'yes',
    types: { shadow: 1 },
    subtypes: { mapcompass: 1 },
    name: 'Map & Compass in Shadow Temple',
    goal: 
     { subtypes: [Object],
       jp: '闇の神殿のマップとコンパス',
       types: [Object],
       child: 'yes',
       name: 'Map & Compass in Shadow Temple' },
    synergy: 0 },
  { difficulty: 21,
    child: 'no',
    types: { water: 1, ice: 1 },
    subtypes: { mapcompass: 1, child2: 1, wallet: 1 },
    name: 'All 5 Lake Hylia Skulltulas',
    goal: 
     { subtypes: [Object],
       jp: 'ハイリア湖畔エリアの黄金のスタルチュラ5匹',
       types: [Object],
       child: 'no',
       name: 'All 5 Lake Hylia Skulltulas' },
    synergy: 0 },
  { difficulty: 18,
    child: 'no',
    types: { fire: 1 },
    subtypes: { mapcompass: 1, wallet: 1, bosskey: 1 },
    name: 'All 5 Skulltulas in Fire Temple',
    goal: 
     { subtypes: [Object],
       jp: '炎の神殿の黄金のスタルチュラ5匹',
       types: [Object],
       child: 'no',
       name: 'All 5 Skulltulas in Fire Temple' },
    synergy: 0 },
  { difficulty: 10,
    child: 'yes',
    types: { fortress: 1 },
    subtypes: { hearts: 1, kd: 1 },
    name: '37th heart piece (Child Fortress)',
    goal: 
     { subtypes: [Object],
       jp: '37番目のハートのかけら(子供のゲルドの砦)',
       types: [Object],
       child: 'yes',
       name: '37th heart piece (Child Fortress)' },
    synergy: 0 },
  { difficulty: 16,
    child: 'no',
    types: { fire: 1 },
    subtypes: { mapcompass: 1, bosskey: 1 },
    name: 'Megaton Hammer',
    goal: 
     { subtypes: [Object],
       jp: 'メガトンハンマー',
       types: [Object],
       child: 'no',
       name: 'Megaton Hammer' },
    synergy: 0 },
  { difficulty: 8,
    child: 'yes',
    types: { water: 1 },
    subtypes: { mapcompass: 1 },
    name: 'Map & Compass in Water Temple',
    goal: 
     { subtypes: [Object],
       jp: '水の神殿のマップとコンパス',
       types: [Object],
       child: 'yes',
       name: 'Map & Compass in Water Temple' },
    synergy: 0 },
  { difficulty: 15,
    child: 'no',
    types: { strength: 1, bulletbag: 1, spirit: 1, atrade: 1 },
    subtypes: { wallet: 1 },
    name: 'Blue Gauntlets',
    goal: 
     { subtypes: [Object],
       jp: '青のグローブ',
       types: [Object],
       child: 'no',
       name: 'Blue Gauntlets' },
    synergy: 0 },
  { difficulty: 2,
    child: 'no',
    types: { ice: 1, tunics: 1 },
    subtypes: undefined,
    name: 'Zora Tunic',
    goal: 
     { jp: 'ゾーラの服\u001a',
       types: [Object],
       child: 'no',
       name: 'Zora Tunic' },
    synergy: 0 },
  { difficulty: 24,
    child: 'no',
    types: { zl: 1, shadow: 1 },
    subtypes: { wallet: 1, bosskey: 1 },
    name: 'All 5 Skulltulas in Shadow Temple',
    goal: 
     { subtypes: [Object],
       jp: '闇の神殿の黄金のスタルチュラ5匹',
       types: [Object],
       child: 'no',
       name: 'All 5 Skulltulas in Shadow Temple' },
    synergy: 0 },
  meta: { iterations: 3 } ]
