[ ,
  { difficulty: 15,
    child: 'no',
    types: { dmc: 1 },
    subtypes: { child2: 1, wallet: 1 },
    name: 'All 8 Death Mountain area Skulltulas',
    synergy: 0 },
  { difficulty: 7,
    child: 'yes',
    types: { bottle: 1 },
    subtypes: undefined,
    name: 'Fill all 4 Bottle Slots',
    synergy: 0 },
  { difficulty: 24,
    child: 'no',
    types: { fire: 1, ganon: 1 },
    subtypes: { pg: 1, mapcompass: 1, lightarrow: 1, bosskey: 1 },
    name: 'Get to the end of Shadow Trial',
    synergy: 0 },
  { difficulty: 16,
    child: 'no',
    types: { jabu: 1, ice: 1 },
    subtypes: { wallet: 1 },
    name: 'All 8 Zora\'s Domain area Skulltulas',
    synergy: 0 },
  { difficulty: 3,
    child: 'yes',
    types: { dc: 1 },
    subtypes: undefined,
    name: 'Defeat all Lizalfos in Dodongo\'s Cavern',
    synergy: 0 },
  { difficulty: 19,
    child: 'no',
    types: { fire: 1, forest: 1 },
    subtypes: { pg: 1, mapcompass: 1, hearts: 1, bosskey: 1 },
    name: 'Beat the Fire Temple',
    synergy: 0 },
  { difficulty: 1,
    child: 'yes',
    types: { skullkid: 1 },
    subtypes: undefined,
    name: 'Defeat a Skull Kid',
    synergy: 0 },
  { difficulty: 13,
    child: 'yes',
    types: { jabu: 1 },
    subtypes: { mapcompass: 1 },
    name: 'Map & Compass in Jabu-Jabu',
    synergy: 0 },
  { difficulty: 10,
    child: 'yes',
    types: { water: 1 },
    subtypes: { hearts: 1 },
    name: 'Beat the Water Temple',
    synergy: 0 },
  { difficulty: 22,
    child: 'no',
    types: { zl: 1, lightarrow: 1, spirit: 1 },
    subtypes: { bosskey: 1 },
    name: 'Spirit Temple Boss Key',
    synergy: 0 },
  { difficulty: 8,
    child: 'yes',
    types: { fortress: 1 },
    subtypes: undefined,
    name: '5 unused keys in Gerudo Training Grounds',
    synergy: 0 },
  { difficulty: 25,
    child: 'no',
    types: { zl: 1, water: 1 },
    subtypes: undefined,
    name: 'All 5 Skulltulas in Water Temple',
    synergy: 0 },
  { difficulty: 17,
    child: 'no',
    types: { swords: 1, spirit: 1, shields: 1 },
    subtypes: { wallet: 1 },
    name: '3 Swords & 3 Shields',
    synergy: 0 },
  { difficulty: 4,
    child: 'yes',
    types: { bottle: 1 },
    subtypes: undefined,
    name: 'Ruto\'s Letter',
    synergy: 0 },
  { difficulty: 11,
    child: 'yes',
    types: { shadow: 1 },
    subtypes: { hearts: 1, bosskey: 1 },
    name: 'Defeat Bongo-Bongo',
    synergy: 0 },
  { difficulty: 2,
    child: 'no',
    types: { ice: 1, tunics: 1 },
    subtypes: undefined,
    name: 'Zora Tunic',
    synergy: 0 },
  { difficulty: 14,
    child: 'no',
    types: { strength: 1, ganon: 1, bulletbag: 1, atrade: 1 },
    subtypes: { wallet: 1 },
    name: 'Bronze Gauntlets',
    synergy: 0 },
  { difficulty: 6,
    child: 'yes',
    types: { botw: 1 },
    subtypes: { wallet: 1 },
    name: 'All 3 Skulltulas in Bottom of the Well',
    synergy: 0 },
  { difficulty: 23,
    child: 'yes',
    types: { zl: 1 },
    subtypes: { hearts: 1, songs: 1, child2: 1 },
    name: 'Both heart pieces in Lost Woods',
    synergy: 0 },
  { difficulty: 20,
    child: 'no',
    types: { quiver: 1, forest: 1 },
    subtypes: { mapcompass: 1, bosskey: 1 },
    name: 'Defeat Meg (purple Poe)',
    synergy: 0 },
  { difficulty: 21,
    child: 'yes',
    types: { zl: 1 },
    subtypes: { child2: 1 },
    name: 'Din\'s Fire',
    synergy: 0 },
  { difficulty: 18,
    child: 'no',
    types: { fire: 1 },
    subtypes: { pg: 1, mapcompass: 1, hearts: 1, bosskey: 1 },
    name: 'Defeat Volvagia',
    synergy: 0 },
  { difficulty: 5,
    child: 'yes',
    types: { deku: 1, bulletbag: 1 },
    subtypes: undefined,
    name: 'Bullet Bag (40)',
    synergy: 0 },
  { difficulty: 12,
    child: 'yes',
    types: { spirit: 1 },
    subtypes: undefined,
    name: 'Get Bombchu chest in Spirit Temple',
    synergy: 0 },
  { difficulty: 9,
    child: 'yes',
    types: { ice: 1, boots: 1 },
    subtypes: { mapcompass: 1 },
    name: '3 Boots',
    synergy: 0 } ]
