[ ,
  { difficulty: 2,
    child: 'no',
    types: { gtunic: 2.5, dmc: 2, fire: 1 },
    subtypes: undefined,
    name: 'Goron Tunic',
    synergy: 2 },
  { difficulty: 21,
    child: 'no',
    types: { ice: 4, irons: 2, water: 1 },
    subtypes: { hovers: 1, mapcompass: 3, child2: 3, wallet: 1.5 },
    name: 'All 5 Lake Hylia Skulltulas',
    synergy: 0 },
  { difficulty: 14,
    child: 'yes',
    types: { jabu: 7, lonlon: 1.5 },
    subtypes: { wallet: 1.5 },
    name: 'All 4 Lon-Lon Ranch area Skulltulas',
    synergy: 6 },
  { difficulty: 18,
    child: 'no',
    types: { songs: 15, zl: 6 },
    subtypes: { child2: 3 },
    name: 'At least 9 songs',
    synergy: 3 },
  { difficulty: 10,
    child: 'yes',
    types: { fortress: 2.5 },
    subtypes: { hearts: 1, kd: 2 },
    name: '37th heart piece (Child Fortress)',
    synergy: 3 },
  { difficulty: 19,
    child: 'yes',
    types: { hearts: 15 },
    subtypes: undefined,
    name: '8 Hearts',
    synergy: 0 },
  { difficulty: 8,
    child: 'no',
    types: { water: 3 },
    subtypes: { mapcompass: 3 },
    name: 'Map & Compass in Water Temple',
    synergy: 3 },
  { difficulty: 5,
    child: 'yes',
    types: { ice: 4 },
    subtypes: { hearts: 1, mapcompass: 3 },
    name: 'Ice Cavern Heart Piece',
    synergy: 0 },
  { difficulty: 22,
    child: 'no',
    types: { fortress: 3, gerudo: 7, quiver: 1, beans: 10 },
    subtypes: undefined,
    name: 'Quiver (50)',
    synergy: 0 },
  { difficulty: 11,
    child: 'no',
    types: { shadow: 3, hovers: 2.5 },
    subtypes: { wallet: 1.5 },
    name: 'At least 4 Skulltulas in Shadow Temple',
    synergy: 2.5 },
  { difficulty: 25,
    child: 'no',
    types: { mapcompass: 22 },
    subtypes: undefined,
    name: '7 Compasses',
    synergy: 0 },
  { difficulty: 12,
    child: 'yes',
    types: { strength: 100, ganon: 3, hovers: 1 },
    subtypes: undefined,
    name: 'Golden Gauntlets',
    synergy: 5 },
  { difficulty: 16,
    child: 'no',
    types: { zl: 6, childzl: 6, dmc: 1.5, magic: 2, ganon: 1 },
    subtypes: undefined,
    name: 'Double Defense',
    synergy: 0 },
  { difficulty: 9,
    child: 'yes',
    types: { dc: 4 },
    subtypes: { wallet: 2 },
    name: 'All 5 Skulltulas in Dodongo\'s Cavern',
    synergy: 3 },
  { difficulty: 3,
    child: 'no',
    types: { dmc: 2 },
    subtypes: { songs: 3 },
    name: 'Bolero of Fire',
    synergy: 5 },
  { difficulty: 6,
    child: 'no',
    types: { cow: 5 },
    subtypes: undefined,
    name: 'Cow in House',
    synergy: 2.5 },
  { difficulty: 4,
    child: 'no',
    types: { fire: 1, dmc: 2 },
    subtypes: { bosskey: 4 },
    name: 'Fire Temple Boss Key',
    synergy: 5 },
  { difficulty: 23,
    child: 'no',
    types: { fortress: 2.5, spirit: 3, hovers: 2.5, gtg: 1 },
    subtypes: { hearts: 3 },
    name: 'Defeat Twinrova',
    synergy: 0 },
  { difficulty: 15,
    child: 'no',
    types: { fortress: 2, jabu: 0.5 },
    subtypes: { wallet: 1.5, child2: 1.5 },
    name: 'All 4 Gerudo Valley area Skulltulas',
    synergy: 3 },
  { difficulty: 17,
    child: 'no',
    types: { forest: 4, child2: 3, pg: 4, hovers: 2.5 },
    subtypes: { hearts: 4, songs: 2 },
    name: 'Frog\'s Heart Piece',
    synergy: 5 },
  { difficulty: 13,
    child: 'no',
    types: { water: 3, longshot: 5 },
    subtypes: { mapcompass: 1.5, dc: 2.5, zl: 1.5 },
    name: 'Longshot',
    synergy: 5 },
  { difficulty: 20,
    child: 'no',
    types: { forest: 6, hovers: 2, quiver: 3 },
    subtypes: { mapcompass: 2, bosskey: 3 },
    name: 'Defeat Meg (purple Poe)',
    synergy: 3 },
  { difficulty: 7,
    child: 'yes',
    types: { fortress: 3, gtg: 3 },
    subtypes: undefined,
    name: '4 unused keys in Gerudo Training Grounds',
    synergy: 6 },
  { difficulty: 1,
    child: 'yes',
    types: { bottle: 0 },
    subtypes: undefined,
    name: 'Bottled Fairy',
    synergy: 3 },
  { difficulty: 24,
    child: 'yes',
    types: { hearts: 20 },
    subtypes: undefined,
    name: '9 Hearts',
    synergy: 0 } ]
