[ ,
  { difficulty: 5,
    child: 'yes',
    types: { ganon: 1, deku: 1 },
    subtypes: { hearts: 1 },
    name: 'Defeat Queen Gohma',
    goal: 
     { subtypes: [Object],
       jp: 'ゴーマ撃破',
       types: [Object],
       child: 'yes',
       name: 'Defeat Queen Gohma' },
    synergy: 0 },
  { difficulty: 12,
    child: 'yes',
    types: { shadow: 1 },
    subtypes: { hearts: 1, bosskey: 1 },
    name: 'Beat the Shadow Temple',
    goal: 
     { subtypes: [Object],
       jp: '闇の神殿クリア',
       types: [Object],
       child: 'yes',
       name: 'Beat the Shadow Temple' },
    synergy: 0 },
  { difficulty: 19,
    child: 'no',
    types: { fire: 1, spirit: 1, tunics: 1, shields: 1 },
    subtypes: undefined,
    name: '3 Shields & 3 Tunics',
    goal: 
     { jp: '盾3種類と服3種類\u001a',
       types: [Object],
       child: 'no',
       name: '3 Shields & 3 Tunics' },
    synergy: 0 },
  { difficulty: 21,
    child: 'yes',
    types: { zl: 1 },
    subtypes: { child2: 1 },
    name: 'Din\'s Fire',
    goal: 
     { subtypes: [Object],
       jp: 'ディンの炎\u001a',
       types: [Object],
       child: 'yes',
       name: 'Din\'s Fire' },
    synergy: 0 },
  { difficulty: 8,
    child: 'yes',
    types: { ice: 1, boots: 1 },
    subtypes: { mapcompass: 1 },
    name: 'Iron Boots',
    goal: 
     { subtypes: [Object],
       jp: 'ヘビーブーツ\u001a',
       types: [Object],
       child: 'yes',
       name: 'Iron Boots' },
    synergy: 0 },
  { difficulty: 24,
    child: 'no',
    types: { zl: 1, shadow: 1 },
    subtypes: { wallet: 1, bosskey: 1 },
    name: 'All 5 Skulltulas in Shadow Temple',
    goal: 
     { subtypes: [Object],
       jp: '闇の神殿の黄金のスタルチュラ5匹',
       types: [Object],
       child: 'no',
       name: 'All 5 Skulltulas in Shadow Temple' },
    synergy: 0 },
  { difficulty: 6,
    child: 'yes',
    types: { ice: 1 },
    subtypes: { mapcompass: 1, wallet: 1 },
    name: 'All 3 Skulltulas in Ice Cavern',
    goal: 
     { subtypes: [Object],
       jp: '氷の洞窟の黄金のスタルチュラ3匹',
       types: [Object],
       child: 'yes',
       name: 'All 3 Skulltulas in Ice Cavern' },
    synergy: 0 },
  { difficulty: 3,
    child: 'yes',
    types: { dc: 1 },
    subtypes: undefined,
    name: 'Defeat all Lizalfos in Dodongo\'s Cavern',
    goal: 
     { jp: 'ドドンゴの洞窟のリザルフォス全て撃破',
       types: [Object],
       child: 'yes',
       name: 'Defeat all Lizalfos in Dodongo\'s Cavern' },
    synergy: 0 },
  { difficulty: 15,
    child: 'no',
    types: { dmc: 1 },
    subtypes: { child2: 1, wallet: 1 },
    name: 'All 8 Death Mountain area Skulltulas',
    goal: 
     { subtypes: [Object],
       jp: 'デスマウンテンエリアの黄金のスタルチュラ8匹',
       types: [Object],
       child: 'no',
       name: 'All 8 Death Mountain area Skulltulas' },
    synergy: 0 },
  { difficulty: 17,
    child: 'no',
    types: { swords: 1, spirit: 1, shields: 1 },
    subtypes: { wallet: 1 },
    name: '3 Swords & 3 Shields',
    goal: 
     { subtypes: [Object],
       jp: '剣3種類と盾3種類\u001a',
       types: [Object],
       child: 'no',
       name: '3 Swords & 3 Shields' },
    synergy: 0 },
  { difficulty: 13,
    child: 'no',
    types: { water: 1, ice: 1 },
    subtypes: undefined,
    name: 'Longshot',
    goal: { jp: 'ロングフック', types: [Object], child: 'no', name: 'Longshot' },
    synergy: 0 },
  { difficulty: 20,
    child: 'no',
    types: { zl: 1, lightarrow: 1, atrade: 1 },
    subtypes: undefined,
    name: 'Light Arrows',
    goal: { jp: '光の矢', types: [Object], child: 'no', name: 'Light Arrows' },
    synergy: 0 },
  { difficulty: 22,
    child: 'no',
    types: { fortress: 1, beans: 1, quiver: 1 },
    subtypes: undefined,
    name: 'Quiver (50)',
    goal: 
     { jp: '矢立て(50)',
       types: [Object],
       child: 'no',
       name: 'Quiver (50)' },
    synergy: 0 },
  { difficulty: 9,
    child: 'yes',
    types: { dc: 1 },
    subtypes: { wallet: 1 },
    name: 'All 5 Skulltulas in Dodongo\'s Cavern',
    goal: 
     { subtypes: [Object],
       jp: 'ドドンゴの洞窟の黄金のスタルチュラ5匹',
       types: [Object],
       child: 'yes',
       name: 'All 5 Skulltulas in Dodongo\'s Cavern' },
    synergy: 0 },
  { difficulty: 1,
    child: 'yes',
    types: { skullkid: 1 },
    subtypes: undefined,
    name: 'Defeat a Skull Kid',
    goal: 
     { jp: 'スタルキッド撃破',
       types: [Object],
       child: 'yes',
       name: 'Defeat a Skull Kid' },
    synergy: 0 },
  { difficulty: 7,
    child: 'no',
    types: { fortress: 1 },
    subtypes: { wallet: 1 },
    name: 'Both Gerudo\'s Fortress area Skulltulas',
    goal: 
     { subtypes: [Object],
       jp: 'ゲルドの砦の黄金のスタルチュラ2匹',
       types: [Object],
       child: 'no',
       name: 'Both Gerudo\'s Fortress area Skulltulas' },
    synergy: 0 },
  { difficulty: 4,
    child: 'yes',
    types: { bottle: 1 },
    subtypes: undefined,
    name: 'Ruto\'s Letter',
    goal: 
     { jp: 'ルトの手紙\u001a',
       types: [Object],
       child: 'yes',
       name: 'Ruto\'s Letter' },
    synergy: 0 },
  { difficulty: 11,
    child: 'no',
    types: { shadow: 1 },
    subtypes: { wallet: 1 },
    name: 'At least 4 Skulltulas in Shadow Temple',
    goal: 
     { subtypes: [Object],
       jp: '闇の神殿の黄金のスタルチュラ4匹以上',
       types: [Object],
       child: 'no',
       name: 'At least 4 Skulltulas in Shadow Temple' },
    synergy: 0 },
  { difficulty: 18,
    child: 'no',
    types: { fire: 1 },
    subtypes: { mapcompass: 1, wallet: 1, bosskey: 1 },
    name: 'All 5 Skulltulas in Fire Temple',
    goal: 
     { subtypes: [Object],
       jp: '炎の神殿の黄金のスタルチュラ5匹',
       types: [Object],
       child: 'no',
       name: 'All 5 Skulltulas in Fire Temple' },
    synergy: 0 },
  { difficulty: 25,
    child: 'yes',
    types: { hearts: 1 },
    subtypes: undefined,
    name: '9 Hearts',
    goal: { jp: 'ハート9つ', types: [Object], child: 'yes', name: '9 Hearts' },
    synergy: 0 },
  { difficulty: 16,
    child: 'yes',
    types: { jabu: 1 },
    subtypes: { hearts: 1 },
    name: 'Defeat Barinade',
    goal: 
     { subtypes: [Object],
       jp: 'バリネード撃破',
       types: [Object],
       child: 'yes',
       name: 'Defeat Barinade' },
    synergy: 0 },
  { difficulty: 23,
    child: 'no',
    types: { spirit: 1 },
    subtypes: { hearts: 1 },
    name: 'Defeat Twinrova',
    goal: 
     { subtypes: [Object],
       jp: 'ツインローバ撃破',
       types: [Object],
       child: 'no',
       name: 'Defeat Twinrova' },
    synergy: 0 },
  { difficulty: 10,
    child: 'yes',
    types: { deku: 1 },
    subtypes: { wallet: 1 },
    name: 'All 4 Skulltulas in Deku Tree',
    goal: 
     { subtypes: [Object],
       jp: 'デクの樹様の中の黄金のスタルチュラ4匹',
       types: [Object],
       child: 'yes',
       name: 'All 4 Skulltulas in Deku Tree' },
    synergy: 0 },
  { difficulty: 2,
    child: 'no',
    types: { swords: 1 },
    subtypes: { wallet: 1 },
    name: 'Giant\'s Knife',
    goal: 
     { subtypes: [Object],
       jp: '巨人のナイフ',
       types: [Object],
       child: 'no',
       name: 'Giant\'s Knife' },
    synergy: 0 },
  { difficulty: 14,
    child: 'yes',
    types: { zl: 1, dmc: 1 },
    subtypes: undefined,
    name: 'Double Magic',
    goal: 
     { jp: '魔力2倍',
       types: [Object],
       child: 'yes',
       name: 'Double Magic' },
    synergy: 0 },
  meta: { iterations: 1 } ]
