[ ,
  { difficulty: 10,
    desiredTime: 7.5,
    types: { childchu: 0, jabu: 2, lonlon: 1.75, selfsynergy: 0 },
    subtypes: { wallet: 2.5 },
    rowtypes: { bottle: 0, hookshot: 0, ms: 0 },
    name: 'All 4 Lon-Lon Ranch area Skulltulas',
    time: 7.25,
    goal: 
     { difficulty: 9,
       id: 'all-4-lon-lon-ranch-area-skulltulas',
       jp: 'ロンロン牧場エリアの黄金のスタルチュラ4匹',
       name: 'All 4 Lon-Lon Ranch area Skulltulas',
       rowtypes: [Object],
       skill: '',
       subtypes: [Object],
       time: 7.25,
       types: [Object] },
    synergy: 0.5 },
  { difficulty: 2,
    desiredTime: 1.5,
    types: { dmc: 2, selfsynergy: 0 },
    subtypes: { bosskey: 1, hearts: 1.5, hovers: 0.25, songs: 1.5 },
    rowtypes: { bottle: 0, hookshot: 0, ms: 1 },
    name: 'Both heart pieces in Death Mountain Crater',
    time: 2,
    goal: 
     { difficulty: 2,
       id: 'both-heart-pieces-in-death-mountain-crater',
       jp: 'デスマウンテン火口のハートのかけら２つ',
       name: 'Both heart pieces in Death Mountain Crater',
       rowtypes: [Object],
       skill: '',
       subtypes: [Object],
       time: 2,
       types: [Object] },
    synergy: 1 },
  { difficulty: 14,
    desiredTime: 10.5,
    types: { fountain: 2, gtg: 1, jabu: 5, selfsynergy: 0 },
    subtypes: { childchu: 1, compass: 1.5, hearts: 0.5, wallet: 0.5 },
    rowtypes: { bottle: 0, hookshot: 0, ms: 0 },
    name: 'Boomerang',
    time: 10,
    goal: 
     { difficulty: 13,
       id: 'boomerang',
       jp: '',
       name: 'Boomerang',
       rowtypes: [Object],
       skill: '',
       subtypes: [Object],
       time: 10,
       types: [Object] },
    synergy: 7.75 },
  { difficulty: 16,
    desiredTime: 12,
    types: { childchu: 0, fortress: 2.5, selfsynergy: 0, spirit: 2.5 },
    subtypes: 
     { bosskey: 2,
       bosskey2: 4,
       child2: 5,
       childreset: 1.25,
       hovers: 0.5,
       map: 1.5,
       songs: 3,
       wallet: 2.25 },
    rowtypes: { bottle: 100, hookshot: 100, ms: 100 },
    name: 'All 4 Wasteland/ Colossus area Skulltulas',
    time: 11.75,
    goal: 
     { difficulty: 17,
       id: 'all-4-wasteland-colossus-area-skulltulas',
       jp: '幻影の砂漠・巨大邪神像エリアの黄金のスタルチュラ4匹',
       name: 'All 4 Wasteland/ Colossus area Skulltulas',
       rowtypes: [Object],
       skill: '',
       subtypes: [Object],
       time: 11.75,
       types: [Object] },
    synergy: 6.75 },
  { difficulty: 23,
    desiredTime: 17.25,
    types: 
     { bothzl: -4.25,
       bow: 1.5,
       czl: 4.25,
       fortress: 3,
       hovers: 3,
       poachers: 4.25,
       selfsynergy: 0,
       spirit: 2.5 },
    subtypes: 
     { bosskey: 2,
       bosskey2: 4,
       childchu: -2,
       compass: 4,
       hearts: 0.5,
       map: 3,
       songs: 1,
       wallet: 1 },
    rowtypes: { bottle: 100, hookshot: 100, ms: 5 },
    name: 'Map & Compass in Spirit Temple',
    time: 16.75,
    goal: 
     { difficulty: 23,
       id: 'map-compass-in-spirit-temple',
       jp: '魂の神殿のマップとコンパス',
       name: 'Map & Compass in Spirit Temple',
       rowtypes: [Object],
       skill: '',
       subtypes: [Object],
       time: 16.75,
       types: [Object] },
    synergy: 0.5 },
  { difficulty: 19,
    desiredTime: 14.25,
    types: { bow: 1.5, forest: 3, hovers: 2, quiver: 3, selfsynergy: 0 },
    subtypes: 
     { bosskey2: 3,
       compass: 4,
       hearts: 1,
       map: 2.5,
       songs: 1.75,
       wallet: 1 },
    rowtypes: { bottle: 0.5, hookshot: 100, ms: 100 },
    name: 'Defeat Meg (purple Poe)',
    time: 14,
    goal: 
     { difficulty: 18,
       id: 'defeat-meg-purple-poe-',
       jp: 'メグ撃破(紫のポウ)',
       name: 'Defeat Meg (purple Poe)',
       rowtypes: [Object],
       skill: '',
       subtypes: [Object],
       time: 14,
       types: [Object] },
    synergy: 3 },
  { difficulty: 21,
    desiredTime: 15.75,
    types: 
     { bothzl: -4.25,
       czl: 3,
       dc: 2.5,
       longshot: 4,
       poachers: 4.25,
       selfsynergy: 0,
       water: 4 },
    subtypes: 
     { bosskey: 3.75,
       childchu: -2,
       compass: 1.5,
       hearts: 0.5,
       hovers: 0.5,
       map: 2,
       spirit: -1,
       wallet: 2.5 },
    rowtypes: { bottle: 100, hookshot: 100, ms: 100 },
    name: 'All 5 Skulltulas in Water Temple',
    time: 15.75,
    goal: 
     { difficulty: 21,
       id: 'all-5-skulltulas-in-water-temple',
       jp: '水の神殿の黄金のスタルチュラ5匹',
       name: 'All 5 Skulltulas in Water Temple',
       rowtypes: [Object],
       skill: '',
       subtypes: [Object],
       time: 15.75,
       types: [Object] },
    synergy: 0.75 },
  { difficulty: 8,
    desiredTime: 6,
    types: { lonlon: 4, selfsynergy: 0 },
    subtypes: 
     { bottleslot: 4.5,
       childreset: 1,
       childtrade: 0.5,
       czl: 1.5,
       wallet: 0.5 },
    rowtypes: { bottle: 0, hookshot: 0, ms: 0 },
    name: 'Milk',
    time: 6.25,
    goal: 
     { difficulty: 8,
       id: 'milk',
       jp: 'ロンロン牛乳',
       name: 'Milk',
       rowtypes: [Object],
       skill: '',
       subtypes: [Object],
       time: 6.25,
       types: [Object] },
    synergy: 7.5 },
  { difficulty: 5,
    desiredTime: 3.75,
    types: { deku: 3, selfsynergy: 0 },
    subtypes: { compass: 3, hovers: 0.5, map: 3, wallet: 0.5 },
    rowtypes: { bottle: 0, hookshot: 0, ms: 0 },
    name: 'Map & Compass in Deku Tree',
    time: 3.75,
    goal: 
     { difficulty: 5,
       id: 'map-compass-in-deku-tree',
       jp: 'デクの樹様の中のマップとコンパス',
       name: 'Map & Compass in Deku Tree',
       rowtypes: [Object],
       skill: '',
       subtypes: [Object],
       time: 3.75,
       types: [Object] },
    synergy: 8 },
  { difficulty: 12,
    desiredTime: 9,
    types: { fountain: 2, gtg: 1, jabu: 3, selfsynergy: 0 },
    subtypes: { childchu: 1, compass: 2, hovers: 1, wallet: 0.75 },
    rowtypes: { bottle: 0, hookshot: 0.5, ms: 0 },
    name: 'Defeat Big Octo',
    time: 9.5,
    goal: 
     { difficulty: 12,
       id: 'defeat-big-octo',
       jp: '大オクタ撃破',
       name: 'Defeat Big Octo',
       rowtypes: [Object],
       skill: '',
       subtypes: [Object],
       time: 9.5,
       types: [Object] },
    synergy: 8 },
  { difficulty: 3,
    desiredTime: 2.25,
    types: { fire: 2.5, fountain: 1.5, gtunic: 1.75, selfsynergy: 0 },
    subtypes: 
     { bosskey: 0.25,
       compass: 1.5,
       dmc: 0.25,
       hearts: 0.5,
       map: 1.5,
       wallet: 0.5 },
    rowtypes: { bottle: 0, hookshot: 0, ms: 100 },
    name: '3 Tunics',
    time: 3.25,
    goal: 
     { difficulty: 4,
       id: '3-tunics',
       jp: '服3種類',
       name: '3 Tunics',
       rowtypes: [Object],
       skill: '',
       subtypes: [Object],
       time: 3.25,
       types: [Object] },
    synergy: 0.75 },
  { difficulty: 15,
    desiredTime: 11.25,
    types: { fountain: 2, ice: 1.5, irons: 2, selfsynergy: 0, water: 1 },
    subtypes: 
     { bottleslot: 2,
       child2: 3,
       compass: 4,
       hearts: 1.5,
       hovers: 0.5,
       map: 4,
       wallet: 3 },
    rowtypes: { bottle: 100, hookshot: 100, ms: 100 },
    name: 'All 5 Lake Hylia Skulltulas',
    time: 12,
    goal: 
     { difficulty: 16,
       id: 'all-5-lake-hylia-skulltulas',
       jp: 'ハイリア湖畔エリアの黄金のスタルチュラ5匹',
       name: 'All 5 Lake Hylia Skulltulas',
       rowtypes: [Object],
       skill: '',
       subtypes: [Object],
       time: 12,
       types: [Object] },
    synergy: 3.25 },
  { difficulty: 17,
    desiredTime: 12.75,
    types: 
     { childchu: 0,
       fortress: 2.5,
       gtg: 1,
       hovers: 3,
       selfsynergy: 0,
       spirit: 2.75,
       strength: 100 },
    subtypes: 
     { bombbag: 100,
       bosskey: 3,
       bosskey2: 5,
       bulletbag: 100,
       compass: 1,
       map: 3,
       songs: 1,
       wallet: 0.75 },
    rowtypes: { bottle: 100, hookshot: 100, ms: 100 },
    name: 'Blue Gauntlets',
    time: 12.5,
    goal: 
     { difficulty: 16,
       id: 'blue-gauntlets',
       jp: '青のグローブ',
       name: 'Blue Gauntlets',
       rowtypes: [Object],
       skill: '',
       subtypes: [Object],
       time: 12.5,
       types: [Object] },
    synergy: 6.75 },
  { difficulty: 24,
    desiredTime: 18,
    types: 
     { childchu: 0,
       childreset: 1.25,
       childtrade: 2.75,
       czl: 7,
       saria: 3,
       selfsynergy: -1 },
    subtypes: { child2: 2.5, hearts: 1.5, wallet: 0.25 },
    rowtypes: { bottle: 100, hookshot: 0, ms: 0 },
    name: 'Both heart pieces in Lost Woods',
    time: 17,
    goal: 
     { difficulty: 22,
       id: 'both-heart-pieces-in-lost-woods',
       jp: '迷いの森のハートのかけら２つ',
       name: 'Both heart pieces in Lost Woods',
       rowtypes: [Object],
       skill: '',
       subtypes: [Object],
       time: 17,
       types: [Object] },
    synergy: 1 },
  { difficulty: 6,
    desiredTime: 4.5,
    types: { selfsynergy: 0 },
    subtypes: { bottleslot: 4.5, wallet: 0.5 },
    rowtypes: { bottle: 0, hookshot: 0, ms: 0 },
    name: 'Ruto\'s Letter',
    time: 4.5,
    goal: 
     { difficulty: 6,
       id: 'ruto-s-letter',
       jp: 'ルトの手紙',
       name: 'Ruto\'s Letter',
       rowtypes: [Object],
       skill: '',
       subtypes: [Object],
       time: 4.5,
       types: [Object] },
    synergy: 6 },
  { difficulty: 22,
    desiredTime: 16.5,
    types: 
     { childchu: 0,
       childreset: 1.25,
       childtrade: 2.75,
       czl: 7,
       saria: 3,
       selfsynergy: -1 },
    subtypes: { child2: 2.5, hearts: 1.5, wallet: 0.25 },
    rowtypes: { bottle: 100, hookshot: 0, ms: 0 },
    name: 'Both heart pieces in Lost Woods',
    time: 17,
    goal: 
     { difficulty: 22,
       id: 'both-heart-pieces-in-lost-woods',
       jp: '迷いの森のハートのかけら２つ',
       name: 'Both heart pieces in Lost Woods',
       rowtypes: [Object],
       skill: '',
       subtypes: [Object],
       time: 17,
       types: [Object] },
    synergy: 5.5 },
  { difficulty: 9,
    desiredTime: 6.75,
    types: { fountain: 2, gtg: 1, jabu: 3, selfsynergy: 0 },
    subtypes: 
     { childchu: 1,
       childreset: 0.5,
       compass: 2,
       hearts: 1,
       wallet: 2.25 },
    rowtypes: { bottle: 0, hookshot: 0, ms: 0 },
    name: 'All 4 Skulltulas in Jabu-Jabu',
    time: 7,
    goal: 
     { difficulty: 9,
       id: 'all-4-skulltulas-in-jabu-jabu',
       jp: 'ジャブジャブ様のお腹の黄金のスタルチュラ4匹',
       name: 'All 4 Skulltulas in Jabu-Jabu',
       rowtypes: [Object],
       skill: '',
       subtypes: [Object],
       time: 7,
       types: [Object] },
    synergy: 7.5 },
  { difficulty: 1,
    desiredTime: 0.75,
    types: { selfsynergy: 0 },
    subtypes: { bulletbag: 100, childchu: -0.5 },
    rowtypes: { bottle: 100, hookshot: 0, ms: 2 },
    name: '30 Deku Sticks',
    time: 1.5,
    goal: 
     { difficulty: 2,
       id: '30-deku-sticks',
       jp: 'デクの棒30本',
       name: '30 Deku Sticks',
       rowtypes: [Object],
       skill: '',
       subtypes: [Object],
       time: 1.5,
       types: [Object] },
    synergy: 7.75 },
  { difficulty: 13,
    desiredTime: 9.75,
    types: { fountain: 2, gtg: 1, jabu: 5, selfsynergy: 0 },
    subtypes: { childchu: 1, compass: 1.5, hearts: 0.5, wallet: 0.5 },
    rowtypes: { bottle: 0, hookshot: 0, ms: 0 },
    name: 'Boomerang',
    time: 10,
    goal: 
     { difficulty: 13,
       id: 'boomerang',
       jp: '',
       name: 'Boomerang',
       rowtypes: [Object],
       skill: '',
       subtypes: [Object],
       time: 10,
       types: [Object] },
    synergy: 5.5 },
  { difficulty: 20,
    desiredTime: 15,
    types: { dmc: 1, fire: 10, forest: 2, gtunic: 1.75, selfsynergy: 0 },
    subtypes: 
     { bosskey: 2,
       compass: 4,
       hearts: 2,
       hovers: 0.25,
       lightarrow: 3,
       map: 2,
       pg: 1,
       songs: 2.5,
       wallet: 0.25 },
    rowtypes: { bottle: 0.5, hookshot: 0.5, ms: 100 },
    name: 'Fire Medallion',
    time: 14,
    goal: 
     { difficulty: 18,
       id: 'fire-medallion',
       jp: '',
       name: 'Fire Medallion',
       rowtypes: [Object],
       skill: '',
       subtypes: [Object],
       time: 14,
       types: [Object] },
    synergy: 6.5 },
  { difficulty: 11,
    desiredTime: 8.25,
    types: { dmc: 1, fire: 5, gtunic: 1, selfsynergy: 0 },
    subtypes: 
     { bosskey: 2,
       compass: 4,
       hovers: 0.25,
       map: 3,
       songs: 1.25,
       wallet: 0.25 },
    rowtypes: { bottle: 0.5, hookshot: 0.25, ms: 4 },
    name: 'Map & Compass in Fire Temple',
    time: 9,
    goal: 
     { difficulty: 12,
       id: 'map-compass-in-fire-temple',
       jp: '炎の神殿のマップとコンパス',
       name: 'Map & Compass in Fire Temple',
       rowtypes: [Object],
       skill: '',
       subtypes: [Object],
       time: 9,
       types: [Object] },
    synergy: 7.5 },
  { difficulty: 18,
    desiredTime: 13.5,
    types: 
     { childchu: 0,
       childtrade: 2.75,
       czl: 7,
       dmc: 1.5,
       magic: 2,
       selfsynergy: 0 },
    subtypes: { child2: 5.5, childreset: 1.25, wallet: 0.5 },
    rowtypes: { bottle: 100, hookshot: 0, ms: 0 },
    name: 'Din\'s Fire',
    time: 14.25,
    goal: 
     { difficulty: 19,
       id: 'din-s-fire',
       jp: 'ディンの炎',
       name: 'Din\'s Fire',
       rowtypes: [Object],
       skill: '',
       subtypes: [Object],
       time: 14.25,
       types: [Object] },
    synergy: 3 },
  { difficulty: 25,
    desiredTime: 18.75,
    types: 
     { dmc: 1,
       fire: 2,
       forest: 3,
       fortress: 2.5,
       gtg: 1,
       hovers: 3,
       selfsynergy: -3,
       shadow: 2,
       spirit: 3,
       water: 3 },
    subtypes: 
     { bosskey: 4,
       bosskey2: 3,
       compass: 6,
       hearts: 2,
       map: 6,
       songs: 5,
       wallet: 4.5 },
    rowtypes: { bottle: 0.5, hookshot: 100, ms: 100 },
    name: 'At Least 1 Skulltula from each Adult Dungeon',
    time: 19,
    goal: 
     { difficulty: 25,
       id: 'at-least-1-skulltula-from-each-adult-dungeon',
       jp: '',
       name: 'At Least 1 Skulltula from each Adult Dungeon',
       rowtypes: [Object],
       skill: '',
       subtypes: [Object],
       time: 19,
       types: [Object] },
    synergy: 0 },
  { difficulty: 7,
    desiredTime: 5.25,
    types: { selfsynergy: 0 },
    subtypes: undefined,
    rowtypes: { bottle: 0, hookshot: 0, ms: 100 },
    name: 'Cow in House',
    time: 4.5,
    goal: 
     { difficulty: 6,
       id: 'cow-in-house',
       jp: '牛(リンクの家)',
       name: 'Cow in House',
       rowtypes: [Object],
       skill: '',
       time: 4.5,
       types: [Object] },
    synergy: 3.75 },
  { difficulty: 4,
    desiredTime: 3,
    types: { fire: 2.5, fountain: 1.5, gtunic: 1.75, selfsynergy: 0 },
    subtypes: 
     { bosskey: 0.25,
       compass: 1.5,
       dmc: 0.25,
       hearts: 0.5,
       map: 1.5,
       wallet: 0.5 },
    rowtypes: { bottle: 0, hookshot: 0, ms: 100 },
    name: '3 Tunics',
    time: 3.25,
    goal: 
     { difficulty: 4,
       id: '3-tunics',
       jp: '服3種類',
       name: '3 Tunics',
       rowtypes: [Object],
       skill: '',
       subtypes: [Object],
       time: 3.25,
       types: [Object] },
    synergy: 2 },
  meta: { iterations: 1 } ]
