[ ,
  { difficulty: 25,
    desiredTime: 18.75,
    types: 
     { endon: -1,
       fortress: 2.5,
       gtg: 1,
       hovers: 3,
       selfsynergy: 0,
       spirit: 3 },
    subtypes: 
     { bosskey: 6,
       bosskey2: 6,
       childchu: 1,
       compass: 1,
       hearts: 3,
       map: 3,
       songs: 1,
       wallet: 0.5 },
    rowtypes: { bottle: 100, hookshot: 100, ms: 100 },
    name: 'Defeat Twinrova',
    time: 19.25,
    goal: 
     { difficulty: 24,
       id: 'defeat-twinrova',
       jp: 'ツインローバ撃破',
       name: 'Defeat Twinrova',
       rowtypes: [Object],
       skill: '',
       subtypes: [Object],
       time: 19.25,
       types: [Object] },
    synergy: 0 },
  { difficulty: 12,
    desiredTime: 9,
    types: 
     { bow: 1.5,
       forest: 3,
       fortress: 3,
       gtg: 1,
       quiver: 3,
       selfsynergy: 0 },
    subtypes: 
     { bosskey: 2,
       bosskey2: 5,
       childchu: -1,
       compass: 2,
       hearts: 1,
       hovers: 1,
       map: 4,
       songs: 1.75,
       wallet: 0.5 },
    rowtypes: { bottle: 0.5, hookshot: 100, ms: 100 },
    name: 'Defeat Amy (Green Poe)',
    time: 9.25,
    goal: 
     { difficulty: 12,
       id: 'defeat-amy-green-poe-',
       jp: 'エイミー撃破(緑のポウ)ｴ',
       name: 'Defeat Amy (Green Poe)',
       rowtypes: [Object],
       skill: '',
       subtypes: [Object],
       time: 9.25,
       types: [Object] },
    synergy: 5.5 },
  { difficulty: 4,
    desiredTime: 3,
    types: { lonlon: 1.75, selfsynergy: 0 },
    subtypes: { hearts: 1 },
    rowtypes: { bottle: 0, hookshot: 0, ms: 0 },
    name: 'Lon Lon Ranch HP',
    time: 2.5,
    goal: 
     { difficulty: 3,
       id: 'lon-lon-ranch-hp',
       jp: '',
       name: 'Lon Lon Ranch HP',
       rowtypes: [Object],
       skill: '',
       subtypes: [Object],
       time: 2.5,
       types: [Object] },
    synergy: 7.25 },
  { difficulty: 6,
    desiredTime: 4.5,
    types: { beans: 3, childreset: 0.5, selfsynergy: 0 },
    subtypes: { child2: 3, wallet: 0.25 },
    rowtypes: { bottle: 0, hookshot: 0, ms: 0 },
    name: 'At Least 5 Magic Beans',
    time: 3.75,
    goal: 
     { difficulty: 5,
       id: 'at-least-5-magic-beans',
       jp: '',
       name: 'At Least 5 Magic Beans',
       rowtypes: [Object],
       skill: '',
       subtypes: [Object],
       time: 3.75,
       types: [Object] },
    synergy: 6.25 },
  { difficulty: 18,
    desiredTime: 13.5,
    types: { dmc: 1, fire: 10, forest: 2, gtunic: 1.75, selfsynergy: 0 },
    subtypes: 
     { bosskey: 2,
       compass: 4,
       hearts: 2,
       hovers: 0.25,
       lightarrow: 3,
       map: 2,
       pg: 1,
       songs: 2.5,
       wallet: 0.25 },
    rowtypes: { bottle: 0.5, hookshot: 0.5, ms: 100 },
    name: 'Fire Medallion',
    time: 14,
    goal: 
     { difficulty: 18,
       id: 'fire-medallion',
       jp: '',
       name: 'Fire Medallion',
       rowtypes: [Object],
       skill: '',
       subtypes: [Object],
       time: 14,
       types: [Object] },
    synergy: 5 },
  { difficulty: 9,
    desiredTime: 6.75,
    types: { endon: -0.25, fortress: 3, gtg: 4, selfsynergy: 0 },
    subtypes: { bosskey: 3, hearts: 0.5, hovers: 0.5, map: 3, wallet: 0.25 },
    rowtypes: { bottle: 0, hookshot: 1, ms: 0 },
    name: '5 unused keys in Gerudo Training Grounds',
    time: 5.75,
    goal: 
     { difficulty: 7,
       id: '5-unused-keys-in-gerudo-training-grounds',
       jp: 'ゲルドの修練場の未使用のカギ5つ',
       name: '5 unused keys in Gerudo Training Grounds',
       rowtypes: [Object],
       skill: '',
       subtypes: [Object],
       time: 5.75,
       types: [Object] },
    synergy: 6.5 },
  { difficulty: 16,
    desiredTime: 12,
    types: { beans: 10, childreset: 0.5, selfsynergy: 0 },
    subtypes: { child2: 3, gerudo: 6, wallet: 0.5 },
    rowtypes: { bottle: 0, hookshot: 0, ms: 0 },
    name: 'At least 9 Magic Beans',
    time: 13.25,
    goal: 
     { difficulty: 17,
       id: 'at-least-9-magic-beans',
       jp: '魔法のマメ9つ以上',
       name: 'At least 9 Magic Beans',
       rowtypes: [Object],
       skill: '',
       subtypes: [Object],
       time: 13.25,
       types: [Object] },
    synergy: 6.75 },
  { difficulty: 23,
    desiredTime: 17.25,
    types: 
     { childchu: 0,
       childreset: 1.25,
       childtrade: 2.75,
       czl: 7,
       saria: 5,
       selfsynergy: -1,
       strength: 100 },
    subtypes: { bombbag: 100, bulletbag: 100, wallet: 0.5 },
    rowtypes: { bottle: 100, hookshot: 0, ms: 100 },
    name: 'Green Gauntlets',
    time: 17.75,
    goal: 
     { difficulty: 25,
       id: 'green-gauntlets',
       jp: '緑のグローブ',
       name: 'Green Gauntlets',
       rowtypes: [Object],
       skill: '',
       subtypes: [Object],
       time: 17.75,
       types: [Object] },
    synergy: 0 },
  { difficulty: 15,
    desiredTime: 11.25,
    types: { fortress: 2.5, hovers: 3, selfsynergy: 0, spirit: 2.5 },
    subtypes: { bosskey: 3, bosskey2: 5, childchu: 1, compass: 1, map: 3 },
    rowtypes: { bottle: 0, hookshot: 100, ms: 6 },
    name: '3 Shields',
    time: 11.25,
    goal: 
     { difficulty: 15,
       id: '3-shields',
       jp: '',
       name: '3 Shields',
       rowtypes: [Object],
       skill: '',
       subtypes: [Object],
       time: 11.25,
       types: [Object] },
    synergy: 3.25 },
  { difficulty: 2,
    desiredTime: 1.5,
    types: { fountain: 1.5, selfsynergy: 0 },
    subtypes: { compass: 1.5, hearts: 0.5, map: 1.5, wallet: 0.25 },
    rowtypes: { bottle: 0, hookshot: 0, ms: 100 },
    name: 'Zora Tunic',
    time: 1.5,
    goal: 
     { difficulty: 2,
       id: 'zora-tunic',
       jp: 'ゾーラの服',
       name: 'Zora Tunic',
       rowtypes: [Object],
       skill: '',
       subtypes: [Object],
       time: 1.5,
       types: [Object] },
    synergy: 1.75 },
  { difficulty: 13,
    desiredTime: 9.75,
    types: { deku: 3, selfsynergy: 0 },
    subtypes: 
     { bow: 1.5,
       compass: 3,
       fortress: 1,
       gtg: 1,
       hovers: 1,
       map: 1,
       wallet: 2 },
    rowtypes: { bottle: 0, hookshot: 1, ms: 0 },
    name: 'All 4 Skulltulas in Deku Tree',
    time: 9.75,
    goal: 
     { difficulty: 13,
       id: 'all-4-skulltulas-in-deku-tree',
       jp: 'デクの樹様の中の黄金のスタルチュラ4匹',
       name: 'All 4 Skulltulas in Deku Tree',
       rowtypes: [Object],
       skill: '',
       subtypes: [Object],
       time: 9.75,
       types: [Object] },
    synergy: 2.75 },
  { difficulty: 5,
    desiredTime: 3.75,
    types: { beans: -1, childchu: 0, dmc: 2, selfsynergy: 0 },
    subtypes: { child2: 5, childreset: 1.25, wallet: 0.5 },
    rowtypes: { bottle: 0, hookshot: 0, ms: 0 },
    name: 'Plant bean in Death Mountain Crater',
    time: 4.25,
    goal: 
     { difficulty: 5,
       id: 'plant-bean-in-death-mountain-crater',
       jp: 'デスマウンテン火口の土にマメを植える',
       name: 'Plant bean in Death Mountain Crater',
       rowtypes: [Object],
       skill: '',
       subtypes: [Object],
       time: 4.25,
       types: [Object] },
    synergy: 0 },
  { difficulty: 7,
    desiredTime: 5.25,
    types: { childchu: 0, hovers: 3, map: 6, selfsynergy: -3 },
    subtypes: { bosskey2: 2, compass: 6 },
    rowtypes: { bottle: 0, hookshot: 0.5, ms: 0.5 },
    name: '4 Maps',
    time: 4.25,
    goal: 
     { difficulty: 5,
       id: '4-maps',
       jp: '',
       name: '4 Maps',
       rowtypes: [Object],
       skill: '',
       subtypes: [Object],
       time: 4.25,
       types: [Object] },
    synergy: 3.5 },
  { difficulty: 19,
    desiredTime: 14.25,
    types: 
     { endon: -1,
       fortress: 2,
       lightarrow: 6.5,
       poachers: 4.25,
       quiver: 3,
       selfsynergy: 0 },
    subtypes: 
     { bosskey: 3,
       bosskey2: 6,
       childchu: -2,
       hearts: 0.5,
       hovers: 0.5,
       map: 3,
       wallet: 0.25 },
    rowtypes: { bottle: 100, hookshot: 0.5, ms: 100 },
    name: 'Light Arrows',
    time: 13.5,
    goal: 
     { difficulty: 18,
       id: 'light-arrows',
       jp: '光の矢',
       name: 'Light Arrows',
       rowtypes: [Object],
       skill: '',
       subtypes: [Object],
       time: 13.5,
       types: [Object] },
    synergy: 4 },
  { difficulty: 21,
    desiredTime: 15.75,
    types: 
     { childchu: 0,
       childreset: 1.25,
       childtrade: 2.75,
       czl: 7,
       saria: 5,
       selfsynergy: 0,
       strength: 100 },
    subtypes: { bombbag: 100, child2: 2.5, wallet: 0.25 },
    rowtypes: { bottle: 100, hookshot: 0, ms: 0 },
    name: 'Goron Bracelet',
    time: 16,
    goal: 
     { difficulty: 21,
       id: 'goron-bracelet',
       jp: 'ゴロンの腕輪',
       name: 'Goron Bracelet',
       rowtypes: [Object],
       skill: '',
       subtypes: [Object],
       time: 16,
       types: [Object] },
    synergy: 4.75 },
  { difficulty: 17,
    desiredTime: 12.75,
    types: { childchu: 0, fountain: 2, jabu: 8, selfsynergy: 0 },
    subtypes: 
     { child2: 3.5,
       childreset: 1.25,
       compass: 2.5,
       hearts: 3,
       map: 2,
       wallet: 0.5 },
    rowtypes: { bottle: 0, hookshot: 0, ms: 0 },
    name: 'Beat Jabu-Jabu\'s Belly',
    time: 12.25,
    goal: 
     { difficulty: 16,
       id: 'beat-jabu-jabu-s-belly',
       jp: 'ジャブジャブ様のお腹クリア',
       name: 'Beat Jabu-Jabu\'s Belly',
       rowtypes: [Object],
       skill: '',
       subtypes: [Object],
       time: 12.25,
       types: [Object] },
    synergy: 1.25 },
  { difficulty: 24,
    desiredTime: 18,
    types: 
     { childchu: 0,
       childreset: 1.25,
       childtrade: 2.75,
       czl: 7,
       saria: 5,
       selfsynergy: -1,
       strength: 100 },
    subtypes: { bombbag: 100, bulletbag: 100, wallet: 0.5 },
    rowtypes: { bottle: 100, hookshot: 0, ms: 100 },
    name: 'Green Gauntlets',
    time: 17.75,
    goal: 
     { difficulty: 25,
       id: 'green-gauntlets',
       jp: '緑のグローブ',
       name: 'Green Gauntlets',
       rowtypes: [Object],
       skill: '',
       subtypes: [Object],
       time: 17.75,
       types: [Object] },
    synergy: 0.25 },
  { difficulty: 11,
    desiredTime: 8.25,
    types: { deku: 2, endon: -0.25, hovers: 3, selfsynergy: 0, shadow: 5 },
    subtypes: { bosskey2: 2, hearts: 3, wallet: 0.25 },
    rowtypes: { bottle: 100, hookshot: 100, ms: 5 },
    name: 'Defeat Bongo-Bongo',
    time: 8,
    goal: 
     { difficulty: 10,
       id: 'defeat-bongo-bongo',
       jp: 'ボンゴボンゴ撃破',
       name: 'Defeat Bongo-Bongo',
       rowtypes: [Object],
       skill: '',
       subtypes: [Object],
       time: 8,
       types: [Object] },
    synergy: 6.75 },
  { difficulty: 3,
    desiredTime: 2.25,
    types: { selfsynergy: 0 },
    subtypes: { bulletbag: 100, childchu: -0.5 },
    rowtypes: { bottle: 100, hookshot: 0, ms: 2 },
    name: '30 Deku Sticks',
    time: 1.5,
    goal: 
     { difficulty: 2,
       id: '30-deku-sticks',
       jp: 'デクの棒30本',
       name: '30 Deku Sticks',
       rowtypes: [Object],
       skill: '',
       subtypes: [Object],
       time: 1.5,
       types: [Object] },
    synergy: 7 },
  { difficulty: 10,
    desiredTime: 7.5,
    types: { endon: -0.5, fortress: 3, gtg: 3, selfsynergy: 0 },
    subtypes: { bosskey: 3, hearts: 0.5, hovers: 0.75, map: 3, wallet: 0.5 },
    rowtypes: { bottle: 100, hookshot: 100, ms: 3 },
    name: '7 Different Unused Keys in Gerudo Training Grounds',
    time: 8.25,
    goal: 
     { difficulty: 11,
       id: '7-different-unused-keys-in-gerudo-training-grounds',
       jp: '',
       name: '7 Different Unused Keys in Gerudo Training Grounds',
       rowtypes: [Object],
       skill: '',
       subtypes: [Object],
       time: 8.25,
       types: [Object] },
    synergy: 1.75 },
  { difficulty: 1,
    desiredTime: 0.75,
    types: { dmc: 0.75, selfsynergy: 0 },
    subtypes: { bosskey: 1.5, gtunic: 0.25, songs: 1.25 },
    rowtypes: { bottle: 0, hookshot: 0.25, ms: 100 },
    name: 'Bolero of Fire',
    time: 1.25,
    goal: 
     { difficulty: 1,
       id: 'bolero-of-fire',
       jp: '炎のボレロ',
       name: 'Bolero of Fire',
       rowtypes: [Object],
       skill: '',
       subtypes: [Object],
       time: 1.25,
       types: [Object] },
    synergy: 5.5 },
  { difficulty: 8,
    desiredTime: 6,
    types: { childchu: 0, dc: 3, fortress: 1, gtg: 1, kd: 3, selfsynergy: 0 },
    subtypes: { child2: 3, compass: 2, hearts: 3, map: 2, wallet: 0.5 },
    rowtypes: { bottle: 0, hookshot: 0, ms: 0 },
    name: 'Win Bombchu Bowling Prize',
    time: 6.25,
    goal: 
     { difficulty: 8,
       id: 'win-bombchu-bowling-prize',
       jp: 'ボムチュウボウリングの景品',
       name: 'Win Bombchu Bowling Prize',
       rowtypes: [Object],
       skill: '',
       subtypes: [Object],
       time: 6.25,
       types: [Object] },
    synergy: 4.75 },
  { difficulty: 20,
    desiredTime: 15,
    types: { bow: 1.5, fortress: 2.5, hovers: 3, selfsynergy: 0, spirit: 6 },
    subtypes: 
     { bosskey: 2,
       bosskey2: 5,
       compass: 2.5,
       hearts: 0.5,
       map: 3,
       songs: 1,
       wallet: 2.5 },
    rowtypes: { bottle: 0, hookshot: 100, ms: 4 },
    name: 'All 5 Skulltulas in Spirit Temple',
    time: 14,
    goal: 
     { difficulty: 18,
       id: 'all-5-skulltulas-in-spirit-temple',
       jp: '魂の神殿の黄金のスタルチュラ5匹',
       name: 'All 5 Skulltulas in Spirit Temple',
       rowtypes: [Object],
       skill: '',
       subtypes: [Object],
       time: 14,
       types: [Object] },
    synergy: 4 },
  { difficulty: 22,
    desiredTime: 16.5,
    types: 
     { childchu: 0,
       childreset: 1.25,
       childtrade: 2.75,
       czl: 7,
       saria: 5,
       selfsynergy: 0,
       strength: 100 },
    subtypes: { bombbag: 100, child2: 2.5, wallet: 0.25 },
    rowtypes: { bottle: 100, hookshot: 0, ms: 0 },
    name: 'Goron Bracelet',
    time: 16,
    goal: 
     { difficulty: 21,
       id: 'goron-bracelet',
       jp: 'ゴロンの腕輪',
       name: 'Goron Bracelet',
       rowtypes: [Object],
       skill: '',
       subtypes: [Object],
       time: 16,
       types: [Object] },
    synergy: 5.25 },
  { difficulty: 14,
    desiredTime: 10.5,
    types: 
     { bow: 1.5,
       claimcheck: 10,
       forest: 4,
       hovers: 2,
       quiver: 3,
       selfsynergy: 0 },
    subtypes: 
     { bosskey: 4.25,
       bosskey2: 5.75,
       compass: 3.5,
       hearts: 1,
       lightarrow: 3,
       map: 2.5,
       songs: 1.75,
       wallet: 1 },
    rowtypes: { bottle: 0.5, hookshot: 100, ms: 100 },
    name: 'Forest Temple Boss Key',
    time: 10.5,
    goal: 
     { difficulty: 14,
       id: 'forest-temple-boss-key',
       jp: '森の神殿のボス部屋のカギ',
       name: 'Forest Temple Boss Key',
       rowtypes: [Object],
       skill: '',
       subtypes: [Object],
       time: 10.5,
       types: [Object] },
    synergy: 8 },
  meta: { iterations: 1 } ]
