[ ,
  { difficulty: 20,
    child: 'yes',
    types: { zl: 1 },
    subtypes: { child2: 1 },
    name: 'Din\'s Fire',
    goal: 
     { subtypes: [Object],
       jp: 'ディンの炎\u001a',
       types: [Object],
       child: 'yes',
       name: 'Din\'s Fire' },
    synergy: 0 },
  { difficulty: 22,
    child: 'yes',
    types: { claimcheck: 1, mapcompass: 1 },
    subtypes: undefined,
    name: '7 Maps',
    goal: { jp: 'マップ7つ', types: [Object], child: 'yes', name: '7 Maps' },
    synergy: 0 },
  { difficulty: 9,
    child: 'yes',
    types: { pg: 1, forest: 1 },
    subtypes: { hearts: 1 },
    name: 'Beat the Forest Temple',
    goal: 
     { subtypes: [Object],
       jp: '森の神殿クリア',
       types: [Object],
       child: 'yes',
       name: 'Beat the Forest Temple' },
    synergy: 0 },
  { difficulty: 11,
    child: 'no',
    types: { water: 1, ice: 1 },
    subtypes: undefined,
    name: 'Defeat Dark Link',
    goal: 
     { jp: 'ダークリンク撃破',
       types: [Object],
       child: 'no',
       name: 'Defeat Dark Link' },
    synergy: 0 },
  { difficulty: 3,
    child: 'yes',
    types: { deku: 1, bulletbag: 1 },
    subtypes: undefined,
    name: 'Fairy Slingshot',
    goal: 
     { jp: '妖精のパチンコ',
       types: [Object],
       child: 'yes',
       name: 'Fairy Slingshot' },
    synergy: 0 },
  { difficulty: 14,
    child: 'no',
    types: { claimcheck: 1, quiver: 1, forest: 1 },
    subtypes: { mapcompass: 1, bosskey: 1 },
    name: 'Forest Temple Boss Key',
    goal: 
     { subtypes: [Object],
       jp: '森の神殿のボス部屋のカギ',
       types: [Object],
       child: 'no',
       name: 'Forest Temple Boss Key' },
    synergy: 0 },
  { difficulty: 1,
    child: 'yes',
    types: { bottle: 1 },
    subtypes: undefined,
    name: 'Bottled Fairy',
    goal: 
     { jp: 'ビン(妖精)',
       types: [Object],
       child: 'yes',
       name: 'Bottled Fairy' },
    synergy: 0 },
  { difficulty: 18,
    child: 'no',
    types: { fire: 1 },
    subtypes: { mapcompass: 1, wallet: 1, bosskey: 1 },
    name: 'All 5 Skulltulas in Fire Temple',
    goal: 
     { subtypes: [Object],
       jp: '炎の神殿の黄金のスタルチュラ5匹',
       types: [Object],
       child: 'no',
       name: 'All 5 Skulltulas in Fire Temple' },
    synergy: 0 },
  { difficulty: 25,
    child: 'yes',
    types: { hearts: 1 },
    subtypes: undefined,
    name: '9 Hearts',
    goal: { jp: 'ハート9つ', types: [Object], child: 'yes', name: '9 Hearts' },
    synergy: 0 },
  { difficulty: 7,
    child: 'yes',
    types: { fortress: 1, kd: 1, dc: 1 },
    subtypes: undefined,
    name: 'Beat Dodongo\'s Cavern',
    goal: 
     { jp: 'ドドンゴの洞窟クリア',
       types: [Object],
       child: 'yes',
       name: 'Beat Dodongo\'s Cavern' },
    synergy: 0 },
  { difficulty: 23,
    child: 'no',
    types: { fire: 1, ganon: 1, lightarrow: 1 },
    subtypes: { pg: 1, mapcompass: 1, bosskey: 1 },
    name: 'Get to the end of Water Trial',
    goal: 
     { subtypes: [Object],
       jp: '水の結界の最後の部屋に到達\u001a',
       types: [Object],
       child: 'no',
       name: 'Get to the end of Water Trial' },
    synergy: 0 },
  { difficulty: 10,
    child: 'no',
    types: { zl: 1, songs: 1, atrade: 1 },
    subtypes: { child2: 1 },
    name: 'At least 6 songs',
    goal: 
     { subtypes: [Object],
       jp: '歌6つ以上\u001a',
       types: [Object],
       child: 'no',
       name: 'At least 6 songs' },
    synergy: 0 },
  { difficulty: 12,
    child: 'no',
    types: { fortress: 1, firearrow: 1, water: 1, quiver: 1 },
    subtypes: undefined,
    name: 'Fire Arrow',
    goal: { jp: '炎の矢', types: [Object], child: 'no', name: 'Fire Arrow' },
    synergy: 0 },
  { difficulty: 4,
    child: 'yes',
    types: { bottle: 1 },
    subtypes: undefined,
    name: 'Ruto\'s Letter',
    goal: 
     { jp: 'ルトの手紙\u001a',
       types: [Object],
       child: 'yes',
       name: 'Ruto\'s Letter' },
    synergy: 0 },
  { difficulty: 16,
    child: 'yes',
    types: { jabu: 1 },
    subtypes: { hearts: 1 },
    name: 'Defeat Barinade',
    goal: 
     { subtypes: [Object],
       jp: 'バリネード撃破',
       types: [Object],
       child: 'yes',
       name: 'Defeat Barinade' },
    synergy: 0 },
  { difficulty: 2,
    child: 'yes',
    types: { botw: 1 },
    subtypes: { mapcompass: 1 },
    name: 'Map & Compass in Bottom of the Well',
    goal: 
     { subtypes: [Object],
       jp: '井戸の底のマップとコンパス',
       types: [Object],
       child: 'yes',
       name: 'Map & Compass in Bottom of the Well' },
    synergy: 0 },
  { difficulty: 19,
    child: 'no',
    types: { fire: 1, spirit: 1, tunics: 1, shields: 1 },
    subtypes: undefined,
    name: '3 Shields & 3 Tunics',
    goal: 
     { jp: '盾3種類と服3種類\u001a',
       types: [Object],
       child: 'no',
       name: '3 Shields & 3 Tunics' },
    synergy: 0 },
  { difficulty: 21,
    child: 'yes',
    types: { zl: 1 },
    subtypes: { child2: 1 },
    name: 'Din\'s Fire',
    goal: 
     { subtypes: [Object],
       jp: 'ディンの炎\u001a',
       types: [Object],
       child: 'yes',
       name: 'Din\'s Fire' },
    synergy: 0 },
  { difficulty: 8,
    child: 'yes',
    types: { wallet: 1 },
    subtypes: undefined,
    name: 'Giant\'s Wallet',
    goal: 
     { jp: '巨人のサイフ',
       types: [Object],
       child: 'yes',
       name: 'Giant\'s Wallet' },
    synergy: 0 },
  { difficulty: 15,
    child: 'no',
    types: { quiver: 1, forest: 1 },
    subtypes: { mapcompass: 1, bosskey: 1 },
    name: 'Map & Compass in Forest Temple',
    goal: 
     { subtypes: [Object],
       jp: '森の神殿のマップとコンパス',
       types: [Object],
       child: 'no',
       name: 'Map & Compass in Forest Temple' },
    synergy: 0 },
  { difficulty: 6,
    child: 'yes',
    types: { ice: 1 },
    subtypes: { mapcompass: 1, wallet: 1 },
    name: 'All 3 Skulltulas in Ice Cavern',
    goal: 
     { subtypes: [Object],
       jp: '氷の洞窟の黄金のスタルチュラ3匹',
       types: [Object],
       child: 'yes',
       name: 'All 3 Skulltulas in Ice Cavern' },
    synergy: 0 },
  { difficulty: 13,
    child: 'yes',
    types: { kd: 1, dc: 1 },
    subtypes: { hearts: 1, child2: 1 },
    name: 'Win Bombchu Bowling Prize',
    goal: 
     { subtypes: [Object],
       jp: 'ボムチュウボウリングの景品',
       types: [Object],
       child: 'yes',
       name: 'Win Bombchu Bowling Prize' },
    synergy: 0 },
  { difficulty: 5,
    child: 'yes',
    types: { ganon: 1, deku: 1 },
    subtypes: { hearts: 1 },
    name: 'Defeat Queen Gohma',
    goal: 
     { subtypes: [Object],
       jp: 'ゴーマ撃破',
       types: [Object],
       child: 'yes',
       name: 'Defeat Queen Gohma' },
    synergy: 0 },
  { difficulty: 17,
    child: 'no',
    types: { fortress: 1, strength: 1, quiver: 1 },
    subtypes: undefined,
    name: '8 different unused keys in Gerudo Training Grounds',
    goal: 
     { jp: 'ゲルドの修練場の未使用のカギ8つ',
       types: [Object],
       child: 'no',
       name: '8 different unused keys in Gerudo Training Grounds' },
    synergy: 0 },
  { difficulty: 24,
    child: 'no',
    types: { spirit: 1 },
    subtypes: { hearts: 1 },
    name: 'Beat the Spirit Temple',
    goal: 
     { subtypes: [Object],
       jp: '魂の神殿クリア',
       types: [Object],
       child: 'no',
       name: 'Beat the Spirit Temple' },
    synergy: 0 },
  meta: { iterations: 1 } ]
