[ ,
  { difficulty: 20,
    child: 'no',
    types: { spirit: 1 },
    subtypes: { kd: 1, child2: 1, wallet: 1 },
    name: 'All 4 Wasteland/ Colossus area Skulltulas',
    synergy: 0 },
  { difficulty: 2,
    child: 'no',
    types: { swords: 1 },
    subtypes: { wallet: 1 },
    name: 'Giant\'s Knife',
    synergy: 0 },
  { difficulty: 24,
    child: 'no',
    types: { fire: 1, ganon: 1 },
    subtypes: { pg: 1, mapcompass: 1, lightarrow: 1, bosskey: 1 },
    name: 'Get to the end of Shadow Trial',
    synergy: 0 },
  { difficulty: 6,
    child: 'yes',
    types: { botw: 1 },
    subtypes: { wallet: 1 },
    name: 'All 3 Skulltulas in Bottom of the Well',
    synergy: 0 },
  { difficulty: 13,
    child: 'yes',
    types: { jabu: 1 },
    subtypes: { mapcompass: 1 },
    name: 'Map & Compass in Jabu-Jabu',
    synergy: 0 },
  { difficulty: 9,
    child: 'yes',
    types: { dc: 1 },
    subtypes: { wallet: 1 },
    name: 'All 5 Skulltulas in Dodongo\'s Cavern',
    synergy: 0 },
  { difficulty: 11,
    child: 'no',
    types: { shadow: 1 },
    subtypes: { wallet: 1 },
    name: 'At least 4 Skulltulas in Shadow Temple',
    synergy: 0 },
  { difficulty: 18,
    child: 'no',
    types: { zl: 1, songs: 1, atrade: 1 },
    subtypes: { child2: 1 },
    name: 'At least 9 songs',
    synergy: 0 },
  { difficulty: 5,
    child: 'yes',
    types: { ganon: 1, deku: 1 },
    subtypes: { hearts: 1 },
    name: 'Defeat Queen Gohma',
    synergy: 0 },
  { difficulty: 22,
    child: 'yes',
    types: { ice: 1, spirit: 1, shields: 1, boots: 1 },
    subtypes: { mapcompass: 1 },
    name: '3 Shields & 3 Boots',
    synergy: 0 },
  { difficulty: 3,
    child: 'no',
    types: { fire: 1, dmc: 1 },
    subtypes: { songs: 1 },
    name: 'Bolero of Fire',
    synergy: 0 },
  { difficulty: 25,
    child: 'yes',
    types: { hearts: 1 },
    subtypes: undefined,
    name: '9 Hearts',
    synergy: 0 },
  { difficulty: 7,
    child: 'no',
    types: { fortress: 1 },
    subtypes: { wallet: 1 },
    name: 'Both Gerudo\'s Fortress area Skulltulas',
    synergy: 0 },
  { difficulty: 14,
    child: 'no',
    types: { claimcheck: 1, quiver: 1, forest: 1 },
    subtypes: { mapcompass: 1, bosskey: 1 },
    name: 'Forest Temple Boss Key',
    synergy: 0 },
  { difficulty: 16,
    child: 'no',
    types: { zl: 1, ganon: 1 },
    subtypes: undefined,
    name: 'Double Defense',
    synergy: 0 },
  { difficulty: 12,
    child: 'yes',
    types: { shadow: 1 },
    subtypes: { hearts: 1, bosskey: 1 },
    name: 'Beat the Shadow Temple',
    synergy: 0 },
  { difficulty: 19,
    child: 'no',
    types: { fire: 1, spirit: 1, tunics: 1, shields: 1 },
    subtypes: undefined,
    name: '3 Shields & 3 Tunics',
    synergy: 0 },
  { difficulty: 1,
    child: 'yes',
    types: { skullkid: 1 },
    subtypes: undefined,
    name: 'Defeat a Skull Kid',
    synergy: 0 },
  { difficulty: 23,
    child: 'yes',
    types: { zl: 1 },
    subtypes: { hearts: 1, songs: 1, child2: 1 },
    name: 'Both heart pieces in Lost Woods',
    synergy: 0 },
  { difficulty: 10,
    child: 'yes',
    types: { fortress: 1 },
    subtypes: { hearts: 1, kd: 1 },
    name: '37th heart piece (Child Fortress)',
    synergy: 0 },
  { difficulty: 21,
    child: 'no',
    types: { water: 1, ice: 1 },
    subtypes: { mapcompass: 1, child2: 1, wallet: 1 },
    name: 'All 5 Lake Hylia Skulltulas',
    synergy: 0 },
  { difficulty: 8,
    child: 'yes',
    types: { fortress: 1 },
    subtypes: undefined,
    name: '5 unused keys in Gerudo Training Grounds',
    synergy: 0 },
  { difficulty: 15,
    child: 'yes',
    types: { beans: 1 },
    subtypes: { child2: 1, wallet: 1 },
    name: 'At least 9 Magic Beans',
    synergy: 0 },
  { difficulty: 17,
    child: 'no',
    types: { swords: 1, spirit: 1, shields: 1 },
    subtypes: { wallet: 1 },
    name: '3 Swords & 3 Shields',
    synergy: 0 },
  { difficulty: 4,
    child: 'no',
    types: { fire: 1 },
    subtypes: { bosskey: 1 },
    name: 'Fire Temple Boss Key',
    synergy: 0 } ]
