[ ,
  { difficulty: 15,
    desiredTime: 11.25,
    types: { childchu: 0, fountain: 2, jabu: 8, selfsynergy: 0 },
    subtypes: 
     { child2: 3.5,
       childreset: 1.25,
       compass: 2.5,
       hearts: 3,
       map: 2,
       wallet: 0.5 },
    rowtypes: { bottle: 0, hookshot: 0, ms: 0 },
    name: 'Beat Jabu-Jabu\'s Belly',
    time: 12.25,
    goal: 
     { difficulty: 16,
       id: 'beat-jabu-jabu-s-belly',
       jp: 'ジャブジャブ様のお腹クリア',
       name: 'Beat Jabu-Jabu\'s Belly',
       rowtypes: [Object],
       skill: '',
       subtypes: [Object],
       time: 12.25,
       types: [Object] },
    synergy: 2 },
  { difficulty: 17,
    desiredTime: 12.75,
    types: { childchu: 1, hovers: 3, map: 15, selfsynergy: -3 },
    subtypes: 
     { bosskey2: 2,
       claimcheck: 3,
       compass: 15,
       hearts: 1.5,
       poachers: 0.5,
       songs: 1.5 },
    rowtypes: { bottle: 0, hookshot: 0.5, ms: 2.5 },
    name: '6 Maps',
    time: 13.25,
    goal: 
     { difficulty: 17,
       id: '6-maps',
       jp: 'マップ6つ',
       name: '6 Maps',
       rowtypes: [Object],
       skill: '',
       subtypes: [Object],
       time: 13.25,
       types: [Object] },
    synergy: 6.25 },
  { difficulty: 9,
    desiredTime: 6.75,
    types: { childchu: 0, jabu: 2, lonlon: 1.75, selfsynergy: 0 },
    subtypes: { wallet: 2.5 },
    rowtypes: { bottle: 0, hookshot: 0, ms: 0 },
    name: 'All 4 Lon-Lon Ranch area Skulltulas',
    time: 7.25,
    goal: 
     { difficulty: 9,
       id: 'all-4-lon-lon-ranch-area-skulltulas',
       jp: 'ロンロン牧場エリアの黄金のスタルチュラ4匹',
       name: 'All 4 Lon-Lon Ranch area Skulltulas',
       rowtypes: [Object],
       skill: '',
       subtypes: [Object],
       time: 7.25,
       types: [Object] },
    synergy: 7.25 },
  { difficulty: 21,
    desiredTime: 15.75,
    types: 
     { childchu: 0,
       childreset: 1.25,
       childtrade: 2.75,
       czl: 7,
       saria: 5,
       selfsynergy: 0,
       strength: 100 },
    subtypes: { bombbag: 100, child2: 2.5, wallet: 0.25 },
    rowtypes: { bottle: 100, hookshot: 0, ms: 0 },
    name: 'Goron Bracelet',
    time: 16,
    goal: 
     { difficulty: 21,
       id: 'goron-bracelet',
       jp: 'ゴロンの腕輪',
       name: 'Goron Bracelet',
       rowtypes: [Object],
       skill: '',
       subtypes: [Object],
       time: 16,
       types: [Object] },
    synergy: 2.25 },
  { difficulty: 3,
    desiredTime: 2.25,
    types: { fountain: 1.5, selfsynergy: 0 },
    subtypes: { compass: 1.5, hearts: 0.5, map: 1.5, wallet: 0.25 },
    rowtypes: { bottle: 0, hookshot: 0, ms: 100 },
    name: 'Zora Tunic',
    time: 1.5,
    goal: 
     { difficulty: 2,
       id: 'zora-tunic',
       jp: 'ゾーラの服',
       name: 'Zora Tunic',
       rowtypes: [Object],
       skill: '',
       subtypes: [Object],
       time: 1.5,
       types: [Object] },
    synergy: 3.25 },
  { difficulty: 24,
    desiredTime: 18,
    types: { childtrade: 1, hearts: 18, saria: 1, selfsynergy: -1 },
    subtypes: undefined,
    rowtypes: { bottle: 0, hookshot: 1, ms: 6 },
    name: '8 Hearts',
    time: 17,
    goal: 
     { difficulty: 22,
       id: '8-hearts',
       jp: 'ハート8つ',
       name: '8 Hearts',
       rowtypes: [Object],
       skill: '',
       time: 17,
       types: [Object] },
    synergy: 1 },
  { difficulty: 1,
    desiredTime: 0.75,
    types: { bulletbag: 100, selfsynergy: 0 },
    subtypes: undefined,
    rowtypes: { bottle: 0, hookshot: 0, ms: 0 },
    name: 'Bullet Bag (50)',
    time: 0.5,
    goal: 
     { difficulty: 1,
       id: 'bullet-bag-50-',
       jp: 'デクのタネ袋(50)',
       name: 'Bullet Bag (50)',
       rowtypes: [Object],
       skill: '',
       time: 0.5,
       types: [Object] },
    synergy: 3.25 },
  { difficulty: 13,
    desiredTime: 9.75,
    types: 
     { bow: 1.5,
       claimcheck: 10,
       forest: 4,
       hovers: 2,
       quiver: 3,
       selfsynergy: 0 },
    subtypes: 
     { bosskey: 4.25,
       bosskey2: 5.75,
       compass: 3.5,
       hearts: 1,
       lightarrow: 3,
       map: 2.5,
       songs: 1.75,
       wallet: 1 },
    rowtypes: { bottle: 0.5, hookshot: 100, ms: 100 },
    name: 'Forest Temple Boss Key',
    time: 10.5,
    goal: 
     { difficulty: 14,
       id: 'forest-temple-boss-key',
       jp: '森の神殿のボス部屋のカギ',
       name: 'Forest Temple Boss Key',
       rowtypes: [Object],
       skill: '',
       subtypes: [Object],
       time: 10.5,
       types: [Object] },
    synergy: 7.25 },
  { difficulty: 20,
    desiredTime: 15,
    types: { dmc: 1, fire: 10, forest: 2, gtunic: 1.75, selfsynergy: 0 },
    subtypes: 
     { bosskey: 2,
       compass: 4,
       hearts: 2,
       hovers: 0.25,
       lightarrow: 3,
       map: 2,
       pg: 1,
       songs: 2.5,
       wallet: 0.25 },
    rowtypes: { bottle: 0.5, hookshot: 0.5, ms: 100 },
    name: 'Fire Medallion',
    time: 14,
    goal: 
     { difficulty: 18,
       id: 'fire-medallion',
       jp: '',
       name: 'Fire Medallion',
       rowtypes: [Object],
       skill: '',
       subtypes: [Object],
       time: 14,
       types: [Object] },
    synergy: 5.75 },
  { difficulty: 7,
    desiredTime: 5.25,
    types: { dc: 4, selfsynergy: 0 },
    subtypes: { compass: 2, hearts: 1, hovers: 0.25, map: 1, wallet: 2.5 },
    rowtypes: { bottle: 0, hookshot: 0.25, ms: 1.5 },
    name: 'All 5 Skulltulas in Dodongo\'s Cavern',
    time: 5.75,
    goal: 
     { difficulty: 7,
       id: 'all-5-skulltulas-in-dodongo-s-cavern',
       jp: 'ドドンゴの洞窟の黄金のスタルチュラ5匹',
       name: 'All 5 Skulltulas in Dodongo\'s Cavern',
       rowtypes: [Object],
       skill: '',
       subtypes: [Object],
       time: 5.75,
       types: [Object] },
    synergy: 7.5 },
  { difficulty: 18,
    desiredTime: 13.5,
    types: 
     { bothzl: -4.25,
       czl: 4.25,
       fortress: 3,
       lightarrow: 7,
       poachers: 4.25,
       selfsynergy: 0,
       spirit: 5 },
    subtypes: 
     { bosskey: 6,
       bosskey2: 5.75,
       childchu: -2,
       compass: 1,
       hearts: 0.5,
       hovers: 0.25,
       map: 4.5,
       wallet: 0.25 },
    rowtypes: { bottle: 100, hookshot: 0, ms: 8 },
    name: 'Spirit Temple Boss Key',
    time: 14.5,
    goal: 
     { difficulty: 19,
       id: 'spirit-temple-boss-key',
       jp: '魂の神殿のボス部屋のカギ',
       name: 'Spirit Temple Boss Key',
       rowtypes: [Object],
       skill: '',
       subtypes: [Object],
       time: 14.5,
       types: [Object] },
    synergy: 3 },
  { difficulty: 10,
    desiredTime: 7.5,
    types: { deku: 2, endon: -1, hovers: 3, selfsynergy: 0, shadow: 5 },
    subtypes: { bosskey2: 2, hearts: 2, wallet: 0.25 },
    rowtypes: { bottle: 100, hookshot: 100, ms: 5 },
    name: 'Beat the Shadow Temple',
    time: 8.5,
    goal: 
     { difficulty: 11,
       id: 'beat-the-shadow-temple',
       jp: '闇の神殿クリア',
       name: 'Beat the Shadow Temple',
       rowtypes: [Object],
       skill: '',
       subtypes: [Object],
       time: 8.5,
       types: [Object] },
    synergy: 4 },
  { difficulty: 22,
    desiredTime: 16.5,
    types: 
     { endon: -0.5,
       fortress: 2.5,
       fountain: 2,
       gtg: 1,
       hovers: 3,
       ice: 1.5,
       irons: 2,
       selfsynergy: 0,
       spirit: 3 },
    subtypes: 
     { bosskey: 3,
       bosskey2: 5,
       childchu: 1,
       compass: 4,
       hearts: 1.5,
       map: 6,
       songs: 1,
       wallet: 1.5 },
    rowtypes: { bottle: 0, hookshot: 100, ms: 7.5 },
    name: '3 Shields & 3 Boots',
    time: 16.5,
    goal: 
     { difficulty: 22,
       id: '3-shields-3-boots',
       jp: '盾3種類と靴3種類',
       name: '3 Shields & 3 Boots',
       rowtypes: [Object],
       skill: '',
       subtypes: [Object],
       time: 16.5,
       types: [Object] },
    synergy: 0 },
  { difficulty: 4,
    desiredTime: 3,
    types: { beans: 3, childreset: 0.5, selfsynergy: 0 },
    subtypes: { child2: 3, wallet: 0.25 },
    rowtypes: { bottle: 0, hookshot: 0, ms: 0 },
    name: 'At Least 5 Magic Beans',
    time: 3.75,
    goal: 
     { difficulty: 5,
       id: 'at-least-5-magic-beans',
       jp: '',
       name: 'At Least 5 Magic Beans',
       rowtypes: [Object],
       skill: '',
       subtypes: [Object],
       time: 3.75,
       types: [Object] },
    synergy: 0.5 },
  { difficulty: 11,
    desiredTime: 8.25,
    types: { childchu: 0, jabu: 2, lonlon: 1.75, selfsynergy: 0 },
    subtypes: { wallet: 2.5 },
    rowtypes: { bottle: 0, hookshot: 0, ms: 0 },
    name: 'All 4 Lon-Lon Ranch area Skulltulas',
    time: 7.25,
    goal: 
     { difficulty: 9,
       id: 'all-4-lon-lon-ranch-area-skulltulas',
       jp: 'ロンロン牧場エリアの黄金のスタルチュラ4匹',
       name: 'All 4 Lon-Lon Ranch area Skulltulas',
       rowtypes: [Object],
       skill: '',
       subtypes: [Object],
       time: 7.25,
       types: [Object] },
    synergy: 1 },
  { difficulty: 2,
    desiredTime: 1.5,
    types: { selfsynergy: 0 },
    subtypes: undefined,
    rowtypes: { bottle: 1, hookshot: 0, ms: 1 },
    name: '20 Deku Sticks',
    time: 0.75,
    goal: 
     { difficulty: 1,
       id: '20-deku-sticks',
       jp: '',
       name: '20 Deku Sticks',
       rowtypes: [Object],
       skill: '',
       time: 0.75,
       types: [Object] },
    synergy: 4.75 },
  { difficulty: 14,
    desiredTime: 10.5,
    types: 
     { bothzl: -4.25,
       czl: 4.25,
       dmc: 1,
       magic: 2,
       poachers: 4.25,
       selfsynergy: 0 },
    subtypes: { bosskey: 1, childchu: -2, gtunic: 0.25, songs: 1 },
    rowtypes: { bottle: 100, hookshot: 0.5, ms: 3 },
    name: 'Double Magic',
    time: 9.5,
    goal: 
     { difficulty: 12,
       id: 'double-magic',
       jp: '魔力2倍',
       name: 'Double Magic',
       rowtypes: [Object],
       skill: '',
       subtypes: [Object],
       time: 9.5,
       types: [Object] },
    synergy: 1.75 },
  { difficulty: 16,
    desiredTime: 12,
    types: { fountain: 2, ice: 1.5, irons: 2, selfsynergy: 0, water: 1 },
    subtypes: 
     { bottleslot: 2,
       child2: 3,
       compass: 4,
       hearts: 1.5,
       hovers: 0.5,
       map: 4,
       wallet: 3 },
    rowtypes: { bottle: 100, hookshot: 100, ms: 100 },
    name: 'All 5 Lake Hylia Skulltulas',
    time: 12,
    goal: 
     { difficulty: 16,
       id: 'all-5-lake-hylia-skulltulas',
       jp: 'ハイリア湖畔エリアの黄金のスタルチュラ5匹',
       name: 'All 5 Lake Hylia Skulltulas',
       rowtypes: [Object],
       skill: '',
       subtypes: [Object],
       time: 12,
       types: [Object] },
    synergy: 6.25 },
  { difficulty: 8,
    desiredTime: 6,
    types: { endon: -1, hovers: 1, selfsynergy: 0, water: 7 },
    subtypes: { compass: 1.5, hearts: 2, map: 1.5, poachers: 1.25 },
    rowtypes: { bottle: 0, hookshot: 100, ms: 1 },
    name: 'Beat the Water Temple',
    time: 6,
    goal: 
     { difficulty: 8,
       id: 'beat-the-water-temple',
       jp: '水の神殿クリア',
       name: 'Beat the Water Temple',
       rowtypes: [Object],
       skill: '',
       subtypes: [Object],
       time: 6,
       types: [Object] },
    synergy: 4 },
  { difficulty: 25,
    desiredTime: 18.75,
    types: 
     { dmc: 1,
       fire: 2,
       forest: 3,
       fortress: 2.5,
       gtg: 1,
       hovers: 3,
       selfsynergy: -3,
       shadow: 2,
       spirit: 3,
       water: 3 },
    subtypes: 
     { bosskey: 4,
       bosskey2: 3,
       compass: 6,
       hearts: 2,
       map: 6,
       songs: 5,
       wallet: 4.5 },
    rowtypes: { bottle: 0.5, hookshot: 100, ms: 100 },
    name: 'At Least 1 Skulltula from each Adult Dungeon',
    time: 19,
    goal: 
     { difficulty: 25,
       id: 'at-least-1-skulltula-from-each-adult-dungeon',
       jp: '',
       name: 'At Least 1 Skulltula from each Adult Dungeon',
       rowtypes: [Object],
       skill: '',
       subtypes: [Object],
       time: 19,
       types: [Object] },
    synergy: 0 },
  { difficulty: 6,
    desiredTime: 4.5,
    types: { bulletbag: 100, deku: 3, selfsynergy: 0 },
    subtypes: undefined,
    rowtypes: { bottle: 0, hookshot: 0, ms: 0 },
    name: 'Bullet Bag (40)',
    time: 4.5,
    goal: 
     { difficulty: 6,
       id: 'bullet-bag-40-',
       jp: 'デクのタネ袋(40)',
       name: 'Bullet Bag (40)',
       rowtypes: [Object],
       skill: '',
       time: 4.5,
       types: [Object] },
    synergy: 1 },
  { difficulty: 23,
    desiredTime: 17.25,
    types: 
     { child2: 3,
       endon: 0,
       forest: 3,
       hovers: 3,
       pg: 2.25,
       selfsynergy: 0 },
    subtypes: { bosskey2: 2, compass: 1, hearts: 3, map: 2, wallet: 2.75 },
    rowtypes: { bottle: 100, hookshot: 100, ms: 100 },
    name: 'All 4 Market area Skulltulas',
    time: 16.5,
    goal: 
     { difficulty: 22,
       id: 'all-4-market-area-skulltulas',
       jp: '城下町エリアの黄金のスタルチュラ4匹',
       name: 'All 4 Market area Skulltulas',
       rowtypes: [Object],
       skill: '',
       subtypes: [Object],
       time: 16.5,
       types: [Object] },
    synergy: 0.75 },
  { difficulty: 5,
    desiredTime: 3.75,
    types: { deku: 3, selfsynergy: 0 },
    subtypes: { compass: 3, hovers: 0.5, map: 3, wallet: 0.5 },
    rowtypes: { bottle: 0, hookshot: 0, ms: 0 },
    name: 'Map & Compass in Deku Tree',
    time: 3.75,
    goal: 
     { difficulty: 5,
       id: 'map-compass-in-deku-tree',
       jp: 'デクの樹様の中のマップとコンパス',
       name: 'Map & Compass in Deku Tree',
       rowtypes: [Object],
       skill: '',
       subtypes: [Object],
       time: 3.75,
       types: [Object] },
    synergy: 7.75 },
  { difficulty: 12,
    desiredTime: 9,
    types: { endon: -0.5, fortress: 3, gtg: 3, selfsynergy: 0 },
    subtypes: { bosskey: 3, hearts: 0.5, hovers: 0.75, map: 3, wallet: 0.5 },
    rowtypes: { bottle: 100, hookshot: 100, ms: 3 },
    name: '7 Different Unused Keys in Gerudo Training Grounds',
    time: 8.25,
    goal: 
     { difficulty: 11,
       id: '7-different-unused-keys-in-gerudo-training-grounds',
       jp: '',
       name: '7 Different Unused Keys in Gerudo Training Grounds',
       rowtypes: [Object],
       skill: '',
       subtypes: [Object],
       time: 8.25,
       types: [Object] },
    synergy: 8 },
  { difficulty: 19,
    desiredTime: 14.25,
    types: 
     { beans: 10,
       bombbag: 100,
       fortress: 3,
       gerudo: 7,
       quiver: 1,
       selfsynergy: 0 },
    subtypes: { bosskey: 2.5, childchu: -2, hearts: 0.5, map: 2, wallet: 0.25 },
    rowtypes: { bottle: 100, hookshot: 0, ms: 100 },
    name: 'Quiver (50)',
    time: 14.5,
    goal: 
     { difficulty: 19,
       id: 'quiver-50-',
       jp: '矢立て(50)',
       name: 'Quiver (50)',
       rowtypes: [Object],
       skill: '',
       subtypes: [Object],
       time: 14.5,
       types: [Object] },
    synergy: 2.5 },
  meta: { iterations: 1 } ]
