[ ,
  { difficulty: 10,
    child: 'yes',
    types: { water: 1 },
    subtypes: { hearts: 1 },
    name: 'Beat the Water Temple',
    synergy: 0 },
  { difficulty: 17,
    child: 'no',
    types: { fortress: 1, strength: 1, quiver: 1 },
    subtypes: undefined,
    name: '8 different unused keys in Gerudo Training Grounds',
    synergy: 0 },
  { difficulty: 24,
    child: 'yes',
    types: { zl: 1, spirit: 1 },
    subtypes: { child2: 1 },
    name: 'Two Fairy Spells',
    synergy: 0 },
  { difficulty: 1,
    child: 'yes',
    types: { nuts: 1 },
    subtypes: undefined,
    name: 'At least 30 Deku Nuts',
    synergy: 0 },
  { difficulty: 13,
    child: 'yes',
    types: { kd: 1, dc: 1 },
    subtypes: { hearts: 1, child2: 1 },
    name: 'Win Bombchu Bowling Prize',
    synergy: 0 },
  { difficulty: 4,
    child: 'yes',
    types: { kd: 1, dc: 1 },
    subtypes: { hearts: 1 },
    name: 'Defeat King Dodongo',
    synergy: 0 },
  { difficulty: 11,
    child: 'no',
    types: { shadow: 1 },
    subtypes: { wallet: 1 },
    name: 'At least 4 Skulltulas in Shadow Temple',
    synergy: 0 },
  { difficulty: 8,
    child: 'yes',
    types: { fortress: 1 },
    subtypes: undefined,
    name: '5 unused keys in Gerudo Training Grounds',
    synergy: 0 },
  { difficulty: 20,
    child: 'no',
    types: { fire: 1 },
    subtypes: { mapcompass: 1, bosskey: 1 },
    name: 'Free all 9 gorons in Fire Temple',
    synergy: 0 },
  { difficulty: 22,
    child: 'no',
    types: { zl: 1, lightarrow: 1, spirit: 1 },
    subtypes: { bosskey: 1 },
    name: 'Spirit Temple Boss Key',
    synergy: 0 },
  { difficulty: 18,
    child: 'yes',
    types: { zl: 1, saria: 1 },
    subtypes: { child2: 1, songs: 1 },
    name: 'Saria\'s Song',
    synergy: 0 },
  { difficulty: 25,
    child: 'no',
    types: { mapcompass: 1 },
    subtypes: undefined,
    name: '7 Compasses',
    synergy: 0 },
  { difficulty: 2,
    child: 'no',
    types: { forest: 1 },
    subtypes: { songs: 1 },
    name: 'Minuet of Forest',
    synergy: 0 },
  { difficulty: 14,
    child: 'no',
    types: { strength: 1, ganon: 1, bulletbag: 1, atrade: 1 },
    subtypes: { wallet: 1 },
    name: 'Bronze Gauntlets',
    synergy: 0 },
  { difficulty: 6,
    child: 'no',
    types: { cow: 1 },
    subtypes: undefined,
    name: 'Cow in House',
    synergy: 0 },
  { difficulty: 12,
    child: 'yes',
    types: { jabu: 1, ice: 1 },
    subtypes: { hearts: 1, wallet: 1 },
    name: 'All 4 Skulltulas in Jabu-Jabu',
    synergy: 0 },
  { difficulty: 9,
    child: 'yes',
    types: { water: 1 },
    subtypes: { hearts: 1 },
    name: 'Defeat Morpha',
    synergy: 0 },
  { difficulty: 16,
    child: 'no',
    types: { fire: 1 },
    subtypes: { mapcompass: 1, bosskey: 1 },
    name: 'Megaton Hammer',
    synergy: 0 },
  { difficulty: 23,
    child: 'yes',
    types: { zl: 1, spirit: 1 },
    subtypes: { mapcompass: 1 },
    name: 'Map & Compass in Spirit Temple',
    synergy: 0 },
  { difficulty: 5,
    child: 'no',
    types: { forest: 1 },
    subtypes: { wallet: 1 },
    name: 'All 3 Kokiri Forest area Skulltulas',
    synergy: 0 },
  { difficulty: 21,
    child: 'no',
    types: { ganon: 1, spirit: 1, quiver: 1 },
    subtypes: undefined,
    name: 'Get to the end of Spirit Trial',
    synergy: 0 },
  { difficulty: 3,
    child: 'yes',
    types: { deku: 1, bulletbag: 1 },
    subtypes: undefined,
    name: 'Fairy Slingshot',
    synergy: 0 },
  { difficulty: 15,
    child: 'no',
    types: { dmc: 1 },
    subtypes: { child2: 1, wallet: 1 },
    name: 'All 8 Death Mountain area Skulltulas',
    synergy: 0 },
  { difficulty: 7,
    child: 'yes',
    types: { bottle: 1 },
    subtypes: undefined,
    name: 'Fill all 4 Bottle Slots',
    synergy: 0 },
  { difficulty: 19,
    child: 'no',
    types: { fire: 1 },
    subtypes: { mapcompass: 1, bosskey: 1 },
    name: 'Free all 9 gorons in Fire Temple',
    synergy: 0 } ]
