[ ,
  { difficulty: 25,
    desiredTime: 18.75,
    types: { compass: 22, hovers: 3, selfsynergy: -3 },
    subtypes: { bosskey2: 2, childchu: 1, hearts: 2, map: 22, poachers: 1.25 },
    rowtypes: { bottle: 0.5, hookshot: 100, ms: 5 },
    name: '7 Compasses',
    time: 19,
    goal: 
     { difficulty: 25,
       id: '7-compasses',
       jp: 'コンパス7つ',
       name: '7 Compasses',
       rowtypes: [Object],
       skill: '',
       subtypes: [Object],
       time: 19,
       types: [Object] },
    synergy: 0 },
  { difficulty: 7,
    desiredTime: 5.25,
    types: 
     { fire: 2.5,
       fountain: 1.5,
       gtunic: 1.75,
       selfsynergy: 0,
       swords: 3 },
    subtypes: 
     { bosskey: 0.25,
       bulletbag: -5,
       compass: 1,
       dmc: 0.25,
       hearts: 0.5,
       wallet: 0.5 },
    rowtypes: { bottle: 100, hookshot: 0, ms: 100 },
    name: '3 Swords & 3 Tunics',
    time: 4.25,
    goal: 
     { difficulty: 5,
       id: '3-swords-3-tunics',
       jp: '剣3種類と服3種類',
       name: '3 Swords & 3 Tunics',
       rowtypes: [Object],
       skill: '',
       subtypes: [Object],
       time: 4.25,
       types: [Object] },
    synergy: 2.75 },
  { difficulty: 4,
    desiredTime: 3,
    types: { lonlon: 1.75, selfsynergy: 0 },
    subtypes: { hearts: 1 },
    rowtypes: { bottle: 0, hookshot: 0, ms: 0 },
    name: 'Lon Lon Ranch HP',
    time: 2.5,
    goal: 
     { difficulty: 3,
       id: 'lon-lon-ranch-hp',
       jp: '',
       name: 'Lon Lon Ranch HP',
       rowtypes: [Object],
       skill: '',
       subtypes: [Object],
       time: 2.5,
       types: [Object] },
    synergy: 3.25 },
  { difficulty: 16,
    desiredTime: 12,
    types: 
     { child2: 3,
       endon: 0,
       forest: 3,
       hovers: 3,
       pg: 2.25,
       selfsynergy: 0 },
    subtypes: { bosskey2: 3, compass: 1, hearts: 4, map: 2, wallet: 1 },
    rowtypes: { bottle: 100, hookshot: 100, ms: 100 },
    name: 'Frog\'s Heart Piece',
    time: 12.25,
    goal: 
     { difficulty: 16,
       id: 'frog-s-heart-piece',
       jp: 'カエルのハートのかけら(嵐の歌)',
       name: 'Frog\'s Heart Piece',
       rowtypes: [Object],
       skill: '',
       subtypes: [Object],
       time: 12.25,
       types: [Object] },
    synergy: 7 },
  { difficulty: 13,
    desiredTime: 9.75,
    types: { deku: 3, selfsynergy: 0 },
    subtypes: 
     { bow: 1.5,
       compass: 3,
       fortress: 1,
       gtg: 1,
       hovers: 1,
       map: 1,
       wallet: 2 },
    rowtypes: { bottle: 0, hookshot: 1, ms: 0 },
    name: 'All 4 Skulltulas in Deku Tree',
    time: 9.75,
    goal: 
     { difficulty: 13,
       id: 'all-4-skulltulas-in-deku-tree',
       jp: 'デクの樹様の中の黄金のスタルチュラ4匹',
       name: 'All 4 Skulltulas in Deku Tree',
       rowtypes: [Object],
       skill: '',
       subtypes: [Object],
       time: 9.75,
       types: [Object] },
    synergy: 0.75 },
  { difficulty: 19,
    desiredTime: 14.25,
    types: 
     { endon: -1,
       fortress: 2,
       lightarrow: 6.5,
       poachers: 4.25,
       quiver: 3,
       selfsynergy: 0 },
    subtypes: 
     { bosskey: 3,
       bosskey2: 6,
       childchu: -2,
       hearts: 0.5,
       hovers: 0.5,
       map: 3,
       wallet: 0.25 },
    rowtypes: { bottle: 100, hookshot: 0.5, ms: 100 },
    name: 'Light Arrows',
    time: 13.5,
    goal: 
     { difficulty: 18,
       id: 'light-arrows',
       jp: '光の矢',
       name: 'Light Arrows',
       rowtypes: [Object],
       skill: '',
       subtypes: [Object],
       time: 13.5,
       types: [Object] },
    synergy: 6.25 },
  { difficulty: 11,
    desiredTime: 8.25,
    types: { bow: 1.5, forest: 3, hovers: 2, quiver: 3, selfsynergy: 0 },
    subtypes: 
     { bosskey: 2,
       bosskey2: 6,
       compass: 3,
       hearts: 1,
       map: 2.5,
       songs: 1.75,
       wallet: 1 },
    rowtypes: { bottle: 0.5, hookshot: 100, ms: 4 },
    name: 'Fairy Bow',
    time: 9,
    goal: 
     { difficulty: 12,
       id: 'fairy-bow',
       jp: '妖精の弓',
       name: 'Fairy Bow',
       rowtypes: [Object],
       skill: '',
       subtypes: [Object],
       time: 9,
       types: [Object] },
    synergy: 5.5 },
  { difficulty: 23,
    desiredTime: 17.25,
    types: 
     { childchu: 0,
       childreset: 1.25,
       childtrade: 2.75,
       czl: 7,
       saria: 5,
       selfsynergy: -1,
       strength: 100 },
    subtypes: { bombbag: 100, bulletbag: 100, wallet: 0.5 },
    rowtypes: { bottle: 100, hookshot: 0, ms: 100 },
    name: 'Green Gauntlets',
    time: 17.75,
    goal: 
     { difficulty: 25,
       id: 'green-gauntlets',
       jp: '緑のグローブ',
       name: 'Green Gauntlets',
       rowtypes: [Object],
       skill: '',
       subtypes: [Object],
       time: 17.75,
       types: [Object] },
    synergy: 0 },
  { difficulty: 10,
    desiredTime: 7.5,
    types: { forest: 0.5, selfsynergy: 0 },
    subtypes: undefined,
    rowtypes: { bottle: 0, hookshot: 100, ms: 10 },
    name: 'Stone of Agony',
    time: 7.75,
    goal: 
     { difficulty: 10,
       id: 'stone-of-agony',
       jp: 'もだえ石',
       name: 'Stone of Agony',
       rowtypes: [Object],
       skill: '',
       time: 7.75,
       types: [Object] },
    synergy: 0.75 },
  { difficulty: 2,
    desiredTime: 1.5,
    types: { forest: 0.25, selfsynergy: 0 },
    subtypes: undefined,
    rowtypes: { bottle: 0, hookshot: 0, ms: 0.5 },
    name: 'Defeat a Skull Kid',
    time: 0.75,
    goal: 
     { difficulty: 1,
       id: 'defeat-a-skull-kid',
       jp: 'スタルキッド撃破',
       name: 'Defeat a Skull Kid',
       rowtypes: [Object],
       skill: '',
       time: 0.75,
       types: [Object] },
    synergy: 2.5 },
  { difficulty: 8,
    desiredTime: 6,
    types: { hovers: 3, selfsynergy: 0, shadow: 1 },
    subtypes: { bosskey2: 3, compass: 3, map: 3 },
    rowtypes: { bottle: 0, hookshot: 0.75, ms: 0.5 },
    name: 'Map & Compass in Shadow Temple',
    time: 5,
    goal: 
     { difficulty: 6,
       id: 'map-compass-in-shadow-temple',
       jp: '闇の神殿のマップとコンパス',
       name: 'Map & Compass in Shadow Temple',
       rowtypes: [Object],
       skill: '',
       subtypes: [Object],
       time: 5,
       types: [Object] },
    synergy: 6 },
  { difficulty: 5,
    desiredTime: 3.75,
    types: { childchu: 0, hovers: 3, map: 6, selfsynergy: -3 },
    subtypes: { bosskey2: 2, compass: 6 },
    rowtypes: { bottle: 0, hookshot: 0.5, ms: 0.5 },
    name: '4 Maps',
    time: 4.25,
    goal: 
     { difficulty: 5,
       id: '4-maps',
       jp: '',
       name: '4 Maps',
       rowtypes: [Object],
       skill: '',
       subtypes: [Object],
       time: 4.25,
       types: [Object] },
    synergy: 0.5 },
  { difficulty: 17,
    desiredTime: 12.75,
    types: { childchu: 0, fountain: 2, jabu: 8, selfsynergy: 0 },
    subtypes: 
     { child2: 3.5,
       childreset: 1.25,
       compass: 2.5,
       hearts: 3,
       map: 2,
       wallet: 0.5 },
    rowtypes: { bottle: 0, hookshot: 0, ms: 0 },
    name: 'Beat Jabu-Jabu\'s Belly',
    time: 12.25,
    goal: 
     { difficulty: 16,
       id: 'beat-jabu-jabu-s-belly',
       jp: 'ジャブジャブ様のお腹クリア',
       name: 'Beat Jabu-Jabu\'s Belly',
       rowtypes: [Object],
       skill: '',
       subtypes: [Object],
       time: 12.25,
       types: [Object] },
    synergy: 1 },
  { difficulty: 14,
    desiredTime: 10.5,
    types: 
     { bothzl: -4.25,
       czl: 4.25,
       dmc: 1,
       magic: 2,
       poachers: 4.25,
       selfsynergy: 0 },
    subtypes: { bosskey: 1, childchu: -2, gtunic: 0.25, songs: 1 },
    rowtypes: { bottle: 100, hookshot: 0.5, ms: 3 },
    name: 'Double Magic',
    time: 9.5,
    goal: 
     { difficulty: 12,
       id: 'double-magic',
       jp: '魔力2倍',
       name: 'Double Magic',
       rowtypes: [Object],
       skill: '',
       subtypes: [Object],
       time: 9.5,
       types: [Object] },
    synergy: 5 },
  { difficulty: 21,
    desiredTime: 15.75,
    types: { childtrade: 1, hearts: 18, saria: 1, selfsynergy: -1 },
    subtypes: undefined,
    rowtypes: { bottle: 0, hookshot: 1, ms: 6 },
    name: '8 Hearts',
    time: 17,
    goal: 
     { difficulty: 22,
       id: '8-hearts',
       jp: 'ハート8つ',
       name: '8 Hearts',
       rowtypes: [Object],
       skill: '',
       time: 17,
       types: [Object] },
    synergy: 8 },
  { difficulty: 12,
    desiredTime: 9,
    types: { fountain: 2, gtg: 1, jabu: 5, selfsynergy: 0 },
    subtypes: { childchu: 1, compass: 1.5, hearts: 0.5, wallet: 0.5 },
    rowtypes: { bottle: 0, hookshot: 0, ms: 0 },
    name: 'Boomerang',
    time: 10,
    goal: 
     { difficulty: 13,
       id: 'boomerang',
       jp: '',
       name: 'Boomerang',
       rowtypes: [Object],
       skill: '',
       subtypes: [Object],
       time: 10,
       types: [Object] },
    synergy: 0 },
  { difficulty: 24,
    desiredTime: 18,
    types: 
     { childchu: 0,
       childreset: 1.25,
       childtrade: 2.75,
       czl: 7,
       saria: 5,
       selfsynergy: -1,
       strength: 100 },
    subtypes: { bombbag: 100, bulletbag: 100, wallet: 0.5 },
    rowtypes: { bottle: 100, hookshot: 0, ms: 100 },
    name: 'Green Gauntlets',
    time: 17.75,
    goal: 
     { difficulty: 25,
       id: 'green-gauntlets',
       jp: '緑のグローブ',
       name: 'Green Gauntlets',
       rowtypes: [Object],
       skill: '',
       subtypes: [Object],
       time: 17.75,
       types: [Object] },
    synergy: 0.25 },
  { difficulty: 6,
    desiredTime: 4.5,
    types: { bothzl: -4.25, czl: 1, poachers: 4.25, selfsynergy: 0, songs: 2 },
    subtypes: { childchu: -2, hearts: 0.5, wallet: 0.25 },
    rowtypes: { bottle: 100, hookshot: 0.5, ms: 3 },
    name: 'At least 3 songs',
    time: 4.25,
    goal: 
     { difficulty: 5,
       id: 'at-least-3-songs',
       jp: '歌3つ以上',
       name: 'At least 3 songs',
       rowtypes: [Object],
       skill: '',
       subtypes: [Object],
       time: 4.25,
       types: [Object] },
    synergy: 4.5 },
  { difficulty: 3,
    desiredTime: 2.25,
    types: { dmc: 1, fire: 0.25, firearrow: 2.5, selfsynergy: 0 },
    subtypes: { bosskey: 2.5, gtunic: 0.25, songs: 1 },
    rowtypes: { bottle: 0.5, hookshot: 100, ms: 100 },
    name: 'Fire Temple Boss Key',
    time: 2.5,
    goal: 
     { difficulty: 3,
       id: 'fire-temple-boss-key',
       jp: '炎の神殿のボス部屋のカギ',
       name: 'Fire Temple Boss Key',
       rowtypes: [Object],
       skill: '',
       subtypes: [Object],
       time: 2.5,
       types: [Object] },
    synergy: 5.75 },
  { difficulty: 20,
    desiredTime: 15,
    types: 
     { dmc: 1,
       endon: -0.5,
       fire: 7,
       gtunic: 1,
       lightarrow: 10,
       selfsynergy: 0 },
    subtypes: 
     { bosskey: 4.5,
       compass: 4,
       hearts: 2,
       hovers: 0.25,
       map: 2,
       pg: 2,
       poachers: 3,
       quiver: 3,
       songs: 1.25,
       wallet: 0.5 },
    rowtypes: { bottle: 0.5, hookshot: 0.5, ms: 100 },
    name: 'Get to the end of Water Trial',
    time: 14.5,
    goal: 
     { difficulty: 20,
       id: 'get-to-the-end-of-water-trial',
       jp: '水の結界の最後の部屋に到達',
       name: 'Get to the end of Water Trial',
       rowtypes: [Object],
       skill: '',
       subtypes: [Object],
       time: 14.5,
       types: [Object] },
    synergy: 1 },
  { difficulty: 1,
    desiredTime: 0.75,
    types: { childchu: 0, selfsynergy: 0 },
    subtypes: undefined,
    rowtypes: { bottle: 0, hookshot: 0, ms: 0 },
    name: 'Lens of Truth',
    time: 0.25,
    goal: 
     { difficulty: 1,
       id: 'lens-of-truth',
       jp: 'まことのメガネ',
       name: 'Lens of Truth',
       rowtypes: [Object],
       skill: '',
       time: 0.25,
       types: [Object] },
    synergy: 1.25 },
  { difficulty: 18,
    desiredTime: 13.5,
    types: { dmc: 1, fire: 8, gtunic: 1, selfsynergy: 0 },
    subtypes: 
     { bosskey: 2,
       compass: 4,
       hearts: 0.5,
       hovers: 0.25,
       map: 2,
       songs: 1.25,
       wallet: 0.5 },
    rowtypes: { bottle: 0.5, hookshot: 0.5, ms: 100 },
    name: 'Free all 9 gorons in Fire Temple',
    time: 14.5,
    goal: 
     { difficulty: 19,
       id: 'free-all-9-gorons-in-fire-temple',
       jp: '炎の神殿で９人のゴロンを全員救う',
       name: 'Free all 9 gorons in Fire Temple',
       rowtypes: [Object],
       skill: '',
       subtypes: [Object],
       time: 14.5,
       types: [Object] },
    synergy: 5.5 },
  { difficulty: 15,
    desiredTime: 11.25,
    types: { fortress: 2.5, hovers: 3, selfsynergy: 0, spirit: 6 },
    subtypes: { bosskey: 2, compass: 1, hearts: 0.5, map: 2, wallet: 0.75 },
    rowtypes: { bottle: 0, hookshot: 2, ms: 1 },
    name: 'Get Bombchu chest in Spirit Temple',
    time: 11.5,
    goal: 
     { difficulty: 15,
       id: 'get-bombchu-chest-in-spirit-temple',
       jp: '魂の神殿のボムチュウ取得',
       name: 'Get Bombchu chest in Spirit Temple',
       rowtypes: [Object],
       skill: '',
       subtypes: [Object],
       time: 11.5,
       types: [Object] },
    synergy: 0.25 },
  { difficulty: 22,
    desiredTime: 16.5,
    types: { childchu: 0, hovers: 3, map: 20, selfsynergy: -3 },
    subtypes: 
     { bosskey2: 2,
       claimcheck: 6,
       compass: 20,
       hearts: 2,
       poachers: 1.25,
       songs: 1.5 },
    rowtypes: { bottle: 0.5, hookshot: 1, ms: 4 },
    name: '7 Maps',
    time: 15.5,
    goal: 
     { difficulty: 20,
       id: '7-maps',
       jp: 'マップ7つ',
       name: '7 Maps',
       rowtypes: [Object],
       skill: '',
       subtypes: [Object],
       time: 15.5,
       types: [Object] },
    synergy: 5 },
  { difficulty: 9,
    desiredTime: 6.75,
    types: { childchu: 0, jabu: 2, lonlon: 1.75, selfsynergy: 0 },
    subtypes: { wallet: 2.5 },
    rowtypes: { bottle: 0, hookshot: 0, ms: 0 },
    name: 'All 4 Lon-Lon Ranch area Skulltulas',
    time: 7.25,
    goal: 
     { difficulty: 9,
       id: 'all-4-lon-lon-ranch-area-skulltulas',
       jp: 'ロンロン牧場エリアの黄金のスタルチュラ4匹',
       name: 'All 4 Lon-Lon Ranch area Skulltulas',
       rowtypes: [Object],
       skill: '',
       subtypes: [Object],
       time: 7.25,
       types: [Object] },
    synergy: 1.25 },
  meta: { iterations: 1 } ]
