[ ,
  { difficulty: 15,
    child: 'yes',
    types: { zl: 1, water: 1 },
    subtypes: { wallet: 1 },
    name: 'Both Hyrule Field area Skulltulas',
    synergy: 0 },
  { difficulty: 22,
    child: 'no',
    types: { fortress: 1, beans: 1, quiver: 1 },
    subtypes: undefined,
    name: 'Quiver (50)',
    synergy: 0 },
  { difficulty: 4,
    child: 'yes',
    types: { bottle: 1 },
    subtypes: undefined,
    name: 'Ruto\'s Letter',
    synergy: 0 },
  { difficulty: 16,
    child: 'no',
    types: { fire: 1 },
    subtypes: { mapcompass: 1, bosskey: 1 },
    name: 'Megaton Hammer',
    synergy: 0 },
  { difficulty: 8,
    child: 'yes',
    types: { ice: 1, boots: 1 },
    subtypes: { mapcompass: 1 },
    name: 'Iron Boots',
    synergy: 0 },
  { difficulty: 19,
    child: 'no',
    types: { quiver: 1, forest: 1 },
    subtypes: { mapcompass: 1, bosskey: 1 },
    name: 'Defeat Meg (purple Poe)',
    synergy: 0 },
  { difficulty: 6,
    child: 'no',
    types: { cow: 1 },
    subtypes: undefined,
    name: 'Cow in House',
    synergy: 0 },
  { difficulty: 13,
    child: 'yes',
    types: { jabu: 1 },
    subtypes: { mapcompass: 1 },
    name: 'Map & Compass in Jabu-Jabu',
    synergy: 0 },
  { difficulty: 25,
    child: 'yes',
    types: { hearts: 1 },
    subtypes: undefined,
    name: '9 Hearts',
    synergy: 0 },
  { difficulty: 2,
    child: 'no',
    types: { swords: 1 },
    subtypes: { wallet: 1 },
    name: 'Giant\'s Knife',
    synergy: 0 },
  { difficulty: 23,
    child: 'no',
    types: { spirit: 1 },
    subtypes: { hearts: 1 },
    name: 'Defeat Twinrova',
    synergy: 0 },
  { difficulty: 5,
    child: 'no',
    types: { forest: 1 },
    subtypes: { wallet: 1 },
    name: 'All 3 Kokiri Forest area Skulltulas',
    synergy: 0 },
  { difficulty: 17,
    child: 'no',
    types: { fortress: 1, strength: 1, quiver: 1 },
    subtypes: undefined,
    name: '8 different unused keys in Gerudo Training Grounds',
    synergy: 0 },
  { difficulty: 9,
    child: 'yes',
    types: { ice: 1, boots: 1 },
    subtypes: { mapcompass: 1 },
    name: '3 Boots',
    synergy: 0 },
  { difficulty: 11,
    child: 'yes',
    types: { shadow: 1 },
    subtypes: { hearts: 1, bosskey: 1 },
    name: 'Defeat Bongo-Bongo',
    synergy: 0 },
  { difficulty: 7,
    child: 'yes',
    types: { bottle: 1 },
    subtypes: undefined,
    name: 'Fill all 4 Bottle Slots',
    synergy: 0 },
  { difficulty: 14,
    child: 'no',
    types: { zl: 1, songs: 1, atrade: 1 },
    subtypes: { child2: 1 },
    name: 'At least 8 songs',
    synergy: 0 },
  { difficulty: 21,
    child: 'no',
    types: { water: 1, ice: 1 },
    subtypes: { mapcompass: 1, child2: 1, wallet: 1 },
    name: 'All 5 Lake Hylia Skulltulas',
    synergy: 0 },
  { difficulty: 3,
    child: 'yes',
    types: { dc: 1 },
    subtypes: undefined,
    name: 'Defeat all Lizalfos in Dodongo\'s Cavern',
    synergy: 0 },
  { difficulty: 20,
    child: 'no',
    types: { quiver: 1, forest: 1 },
    subtypes: { mapcompass: 1, bosskey: 1 },
    name: 'Defeat Meg (purple Poe)',
    synergy: 0 },
  { difficulty: 1,
    child: 'yes',
    types: { bombbag: 1 },
    subtypes: undefined,
    name: 'Bomb Bag (30)',
    synergy: 0 },
  { difficulty: 18,
    child: 'yes',
    types: { hearts: 1 },
    subtypes: undefined,
    name: '8 Hearts',
    synergy: 0 },
  { difficulty: 10,
    child: 'yes',
    types: { spirit: 1 },
    subtypes: { songs: 1 },
    name: 'Requiem of Spirit',
    synergy: 0 },
  { difficulty: 12,
    child: 'no',
    types: { quiver: 1, forest: 1 },
    subtypes: { mapcompass: 1, bosskey: 1 },
    name: 'Fairy Bow',
    synergy: 0 },
  { difficulty: 24,
    child: 'no',
    types: { fire: 1, ganon: 1 },
    subtypes: { pg: 1, mapcompass: 1, lightarrow: 1, bosskey: 1 },
    name: 'Get to the end of Shadow Trial',
    synergy: 0 } ]
