[ ,
  { difficulty: 10,
    child: 'yes',
    types: { water: 1 },
    subtypes: { hearts: 1 },
    name: 'Beat the Water Temple',
    goal: 
     { subtypes: [Object],
       jp: '水の神殿クリア',
       types: [Object],
       child: 'yes',
       name: 'Beat the Water Temple' },
    synergy: 0 },
  { difficulty: 12,
    child: 'yes',
    types: { shadow: 1 },
    subtypes: { hearts: 1, bosskey: 1 },
    name: 'Beat the Shadow Temple',
    goal: 
     { subtypes: [Object],
       jp: '闇の神殿クリア',
       types: [Object],
       child: 'yes',
       name: 'Beat the Shadow Temple' },
    synergy: 0 },
  { difficulty: 24,
    child: 'yes',
    types: { zl: 1, spirit: 1 },
    subtypes: { child2: 1 },
    name: 'Two Fairy Spells',
    goal: 
     { subtypes: [Object],
       jp: '魔法のアイテム２つ',
       types: [Object],
       child: 'yes',
       name: 'Two Fairy Spells' },
    synergy: 0 },
  { difficulty: 1,
    child: 'yes',
    types: { bulletbag: 1 },
    subtypes: undefined,
    name: 'Bullet Bag (50)',
    goal: 
     { jp: 'デクのタネ袋(50)',
       types: [Object],
       child: 'yes',
       name: 'Bullet Bag (50)' },
    synergy: 0 },
  { difficulty: 18,
    child: 'no',
    types: { fire: 1 },
    subtypes: { mapcompass: 1, wallet: 1, bosskey: 1 },
    name: 'All 5 Skulltulas in Fire Temple',
    goal: 
     { subtypes: [Object],
       jp: '炎の神殿の黄金のスタルチュラ5匹',
       types: [Object],
       child: 'no',
       name: 'All 5 Skulltulas in Fire Temple' },
    synergy: 0 },
  { difficulty: 4,
    child: 'yes',
    types: { shadow: 1 },
    subtypes: { mapcompass: 1 },
    name: 'Map & Compass in Shadow Temple',
    goal: 
     { subtypes: [Object],
       jp: '闇の神殿のマップとコンパス',
       types: [Object],
       child: 'yes',
       name: 'Map & Compass in Shadow Temple' },
    synergy: 0 },
  { difficulty: 16,
    child: 'no',
    types: { jabu: 1, ice: 1 },
    subtypes: { wallet: 1 },
    name: 'All 8 Zora\'s Domain area Skulltulas',
    goal: 
     { subtypes: [Object],
       jp: 'ゾーラの里エリアの黄金のスタルチュラ8匹',
       types: [Object],
       child: 'no',
       name: 'All 8 Zora\'s Domain area Skulltulas' },
    synergy: 0 },
  { difficulty: 8,
    child: 'yes',
    types: { water: 1 },
    subtypes: { mapcompass: 1 },
    name: 'Map & Compass in Water Temple',
    goal: 
     { subtypes: [Object],
       jp: '水の神殿のマップとコンパス',
       types: [Object],
       child: 'yes',
       name: 'Map & Compass in Water Temple' },
    synergy: 0 },
  { difficulty: 15,
    child: 'no',
    types: { fortress: 1 },
    subtypes: { wallet: 1, child2: 1 },
    name: 'All 4 Gerudo Valley area Skulltulas',
    goal: 
     { subtypes: [Object],
       jp: 'ゲルドの谷エリアの黄金のスタルチュラ4匹',
       types: [Object],
       child: 'no',
       name: 'All 4 Gerudo Valley area Skulltulas' },
    synergy: 0 },
  { difficulty: 22,
    child: 'no',
    types: { zl: 1, lightarrow: 1, spirit: 1 },
    subtypes: { bosskey: 1 },
    name: 'Spirit Temple Boss Key',
    goal: 
     { subtypes: [Object],
       jp: '魂の神殿のボス部屋のカギ',
       types: [Object],
       child: 'no',
       name: 'Spirit Temple Boss Key' },
    synergy: 0 },
  { difficulty: 13,
    child: 'yes',
    types: { beans: 1 },
    subtypes: { child2: 1, wallet: 1 },
    name: 'At least 9 Magic Beans',
    goal: 
     { subtypes: [Object],
       jp: '魔法のマメ9つ以上\u001a',
       types: [Object],
       child: 'yes',
       name: 'At least 9 Magic Beans' },
    synergy: 0 },
  { difficulty: 25,
    child: 'no',
    types: { mapcompass: 1 },
    subtypes: undefined,
    name: '7 Compasses',
    goal: 
     { jp: 'コンパス7つ',
       types: [Object],
       child: 'no',
       name: '7 Compasses' },
    synergy: 0 },
  { difficulty: 2,
    child: 'no',
    types: { forest: 1 },
    subtypes: { songs: 1 },
    name: 'Minuet of Forest',
    goal: 
     { subtypes: [Object],
       jp: '森のメヌエット',
       types: [Object],
       child: 'no',
       name: 'Minuet of Forest' },
    synergy: 0 },
  { difficulty: 19,
    child: 'yes',
    types: { hearts: 1 },
    subtypes: undefined,
    name: '8 Hearts',
    goal: { jp: 'ハート8つ', types: [Object], child: 'yes', name: '8 Hearts' },
    synergy: 0 },
  { difficulty: 6,
    child: 'yes',
    types: { botw: 1 },
    subtypes: { wallet: 1 },
    name: 'All 3 Skulltulas in Bottom of the Well',
    goal: 
     { subtypes: [Object],
       jp: '井戸の底の黄金のスタルチュラ3匹',
       types: [Object],
       child: 'yes',
       name: 'All 3 Skulltulas in Bottom of the Well' },
    synergy: 0 },
  { difficulty: 17,
    child: 'no',
    types: { fortress: 1, strength: 1, quiver: 1 },
    subtypes: undefined,
    name: '8 different unused keys in Gerudo Training Grounds',
    goal: 
     { jp: 'ゲルドの修練場の未使用のカギ8つ',
       types: [Object],
       child: 'no',
       name: '8 different unused keys in Gerudo Training Grounds' },
    synergy: 0 },
  { difficulty: 9,
    child: 'yes',
    types: { water: 1 },
    subtypes: { hearts: 1 },
    name: 'Defeat Morpha',
    goal: 
     { subtypes: [Object],
       jp: 'モーファ撃破',
       types: [Object],
       child: 'yes',
       name: 'Defeat Morpha' },
    synergy: 0 },
  { difficulty: 11,
    child: 'yes',
    types: { shadow: 1 },
    subtypes: { hearts: 1, bosskey: 1 },
    name: 'Defeat Bongo-Bongo',
    goal: 
     { subtypes: [Object],
       jp: 'ボンゴボンゴ撃破',
       types: [Object],
       child: 'yes',
       name: 'Defeat Bongo-Bongo' },
    synergy: 0 },
  { difficulty: 23,
    child: 'yes',
    types: { zl: 1, spirit: 1 },
    subtypes: { mapcompass: 1 },
    name: 'Map & Compass in Spirit Temple',
    goal: 
     { subtypes: [Object],
       jp: '魂の神殿のマップとコンパス',
       types: [Object],
       child: 'yes',
       name: 'Map & Compass in Spirit Temple' },
    synergy: 0 },
  { difficulty: 5,
    child: 'no',
    types: { forest: 1 },
    subtypes: { wallet: 1 },
    name: 'All 3 Kokiri Forest area Skulltulas',
    goal: 
     { subtypes: [Object],
       jp: 'コキリの森エリアの黄金のスタルチュラ３匹',
       types: [Object],
       child: 'no',
       name: 'All 3 Kokiri Forest area Skulltulas' },
    synergy: 0 },
  { difficulty: 21,
    child: 'yes',
    types: { zl: 1 },
    subtypes: { child2: 1 },
    name: 'Din\'s Fire',
    goal: 
     { subtypes: [Object],
       jp: 'ディンの炎\u001a',
       types: [Object],
       child: 'yes',
       name: 'Din\'s Fire' },
    synergy: 0 },
  { difficulty: 3,
    child: 'yes',
    types: { dc: 1 },
    subtypes: undefined,
    name: 'Defeat all Lizalfos in Dodongo\'s Cavern',
    goal: 
     { jp: 'ドドンゴの洞窟のリザルフォス全て撃破',
       types: [Object],
       child: 'yes',
       name: 'Defeat all Lizalfos in Dodongo\'s Cavern' },
    synergy: 0 },
  { difficulty: 20,
    child: 'no',
    types: { fire: 1 },
    subtypes: { mapcompass: 1, bosskey: 1 },
    name: 'Free all 9 gorons in Fire Temple',
    goal: 
     { subtypes: [Object],
       jp: '炎の神殿で９人のゴロンを全員救う',
       types: [Object],
       child: 'no',
       name: 'Free all 9 gorons in Fire Temple' },
    synergy: 0 },
  { difficulty: 7,
    child: 'yes',
    types: { lonlon: 1, bottle: 1 },
    subtypes: undefined,
    name: 'Milk',
    goal: { jp: 'ロンロン牛乳', types: [Object], child: 'yes', name: 'Milk' },
    synergy: 0 },
  { difficulty: 14,
    child: 'no',
    types: { strength: 1, ganon: 1, bulletbag: 1, atrade: 1 },
    subtypes: { wallet: 1 },
    name: 'Bronze Gauntlets',
    goal: 
     { subtypes: [Object],
       jp: '銅のグローブ',
       types: [Object],
       child: 'no',
       name: 'Bronze Gauntlets' },
    synergy: 0 },
  meta: { iterations: 1 } ]
