[ ,
  { difficulty: 5,
    child: 'yes',
    types: { ganon: 1, deku: 1 },
    subtypes: { hearts: 1 },
    name: 'Defeat Queen Gohma',
    goal: 
     { subtypes: [Object],
       jp: 'ゴーマ撃破',
       types: [Object],
       child: 'yes',
       name: 'Defeat Queen Gohma' },
    synergy: 0 },
  { difficulty: 7,
    child: 'yes',
    types: { zl: 1, songs: 1, atrade: 1 },
    subtypes: { child2: 1 },
    name: 'At least 4 songs',
    goal: 
     { subtypes: [Object],
       jp: '歌4つ以上\u001a',
       types: [Object],
       child: 'yes',
       name: 'At least 4 songs' },
    synergy: 0 },
  { difficulty: 14,
    child: 'no',
    types: { claimcheck: 1, quiver: 1, forest: 1 },
    subtypes: { mapcompass: 1, bosskey: 1 },
    name: 'Forest Temple Boss Key',
    goal: 
     { subtypes: [Object],
       jp: '森の神殿のボス部屋のカギ',
       types: [Object],
       child: 'no',
       name: 'Forest Temple Boss Key' },
    synergy: 0 },
  { difficulty: 21,
    child: 'no',
    types: { water: 1, ice: 1 },
    subtypes: { mapcompass: 1, child2: 1, wallet: 1 },
    name: 'All 5 Lake Hylia Skulltulas',
    goal: 
     { subtypes: [Object],
       jp: 'ハイリア湖畔エリアの黄金のスタルチュラ5匹',
       types: [Object],
       child: 'no',
       name: 'All 5 Lake Hylia Skulltulas' },
    synergy: 0 },
  { difficulty: 18,
    child: 'no',
    types: { fire: 1 },
    subtypes: { pg: 1, mapcompass: 1, hearts: 1, bosskey: 1 },
    name: 'Defeat Volvagia',
    goal: 
     { subtypes: [Object],
       jp: 'ヴァルバジア撃破',
       types: [Object],
       child: 'no',
       name: 'Defeat Volvagia' },
    synergy: 0 },
  { difficulty: 24,
    child: 'yes',
    types: { zl: 1, spirit: 1 },
    subtypes: { child2: 1 },
    name: 'Two Fairy Spells',
    goal: 
     { subtypes: [Object],
       jp: '魔法のアイテム２つ',
       types: [Object],
       child: 'yes',
       name: 'Two Fairy Spells' },
    synergy: 0 },
  { difficulty: 16,
    child: 'no',
    types: { jabu: 1, ice: 1 },
    subtypes: { wallet: 1 },
    name: 'All 8 Zora\'s Domain area Skulltulas',
    goal: 
     { subtypes: [Object],
       jp: 'ゾーラの里エリアの黄金のスタルチュラ8匹',
       types: [Object],
       child: 'no',
       name: 'All 8 Zora\'s Domain area Skulltulas' },
    synergy: 0 },
  { difficulty: 3,
    child: 'yes',
    types: { deku: 1, bulletbag: 1 },
    subtypes: undefined,
    name: 'Fairy Slingshot',
    goal: 
     { jp: '妖精のパチンコ',
       types: [Object],
       child: 'yes',
       name: 'Fairy Slingshot' },
    synergy: 0 },
  { difficulty: 10,
    child: 'yes',
    types: { beans: 1 },
    subtypes: { child2: 1, wallet: 1 },
    name: 'At least 7 Magic Beans',
    goal: 
     { subtypes: [Object],
       jp: '魔法のマメ7つ以上\u001a',
       types: [Object],
       child: 'yes',
       name: 'At least 7 Magic Beans' },
    synergy: 0 },
  { difficulty: 12,
    child: 'no',
    types: { quiver: 1, forest: 1 },
    subtypes: { mapcompass: 1, bosskey: 1 },
    name: 'Fairy Bow',
    goal: 
     { subtypes: [Object],
       jp: '妖精の弓',
       types: [Object],
       child: 'no',
       name: 'Fairy Bow' },
    synergy: 0 },
  { difficulty: 8,
    child: 'yes',
    types: { beans: 1, dmc: 1 },
    subtypes: { child2: 1 },
    name: 'Plant bean in Death Mountain Crater',
    goal: 
     { subtypes: [Object],
       jp: 'デスマウンテン火口の土にマメを植える',
       types: [Object],
       child: 'yes',
       name: 'Plant bean in Death Mountain Crater' },
    synergy: 0 },
  { difficulty: 15,
    child: 'no',
    types: { quiver: 1, forest: 1 },
    subtypes: { mapcompass: 1, bosskey: 1 },
    name: 'Map & Compass in Forest Temple',
    goal: 
     { subtypes: [Object],
       jp: '森の神殿のマップとコンパス',
       types: [Object],
       child: 'no',
       name: 'Map & Compass in Forest Temple' },
    synergy: 0 },
  { difficulty: 22,
    child: 'no',
    types: { zl: 1, lightarrow: 1, spirit: 1 },
    subtypes: { bosskey: 1 },
    name: 'Spirit Temple Boss Key',
    goal: 
     { subtypes: [Object],
       jp: '魂の神殿のボス部屋のカギ',
       types: [Object],
       child: 'no',
       name: 'Spirit Temple Boss Key' },
    synergy: 0 },
  { difficulty: 19,
    child: 'yes',
    types: { hearts: 1 },
    subtypes: undefined,
    name: '8 Hearts',
    goal: { jp: 'ハート8つ', types: [Object], child: 'yes', name: '8 Hearts' },
    synergy: 0 },
  { difficulty: 1,
    child: 'yes',
    types: { nuts: 1 },
    subtypes: undefined,
    name: 'At least 30 Deku Nuts',
    goal: 
     { jp: 'デクの実30個以上',
       types: [Object],
       child: 'yes',
       name: 'At least 30 Deku Nuts' },
    synergy: 0 },
  { difficulty: 17,
    child: 'yes',
    types: { jabu: 1 },
    subtypes: { hearts: 1, child2: 1 },
    name: 'Beat Jabu-Jabu\'s Belly',
    goal: 
     { subtypes: [Object],
       jp: 'ジャブジャブ様のお腹クリア',
       types: [Object],
       child: 'yes',
       name: 'Beat Jabu-Jabu\'s Belly' },
    synergy: 0 },
  { difficulty: 4,
    child: 'yes',
    types: { bottle: 1 },
    subtypes: undefined,
    name: 'Ruto\'s Letter',
    goal: 
     { jp: 'ルトの手紙\u001a',
       types: [Object],
       child: 'yes',
       name: 'Ruto\'s Letter' },
    synergy: 0 },
  { difficulty: 6,
    child: 'yes',
    types: { ice: 1 },
    subtypes: { mapcompass: 1, wallet: 1 },
    name: 'All 3 Skulltulas in Ice Cavern',
    goal: 
     { subtypes: [Object],
       jp: '氷の洞窟の黄金のスタルチュラ3匹',
       types: [Object],
       child: 'yes',
       name: 'All 3 Skulltulas in Ice Cavern' },
    synergy: 0 },
  { difficulty: 13,
    child: 'no',
    types: { claimcheck: 1, quiver: 1, forest: 1 },
    subtypes: { mapcompass: 1, bosskey: 1 },
    name: 'Forest Temple Boss Key',
    goal: 
     { subtypes: [Object],
       jp: '森の神殿のボス部屋のカギ',
       types: [Object],
       child: 'no',
       name: 'Forest Temple Boss Key' },
    synergy: 0 },
  { difficulty: 25,
    child: 'no',
    types: { zl: 1, water: 1 },
    subtypes: undefined,
    name: 'All 5 Skulltulas in Water Temple',
    goal: 
     { jp: '水の神殿の黄金のスタルチュラ5匹',
       types: [Object],
       child: 'no',
       name: 'All 5 Skulltulas in Water Temple' },
    synergy: 0 },
  { difficulty: 11,
    child: 'no',
    types: { fortress: 1, quiver: 1, forest: 1 },
    subtypes: { mapcompass: 1, bosskey: 1 },
    name: 'Defeat Amy (Green Poe)',
    goal: 
     { subtypes: [Object],
       jp: 'エイミー撃破(緑のポウ)ｴ',
       types: [Object],
       child: 'no',
       name: 'Defeat Amy (Green Poe)' },
    synergy: 0 },
  { difficulty: 23,
    child: 'no',
    types: { spirit: 1 },
    subtypes: { hearts: 1 },
    name: 'Defeat Twinrova',
    goal: 
     { subtypes: [Object],
       jp: 'ツインローバ撃破',
       types: [Object],
       child: 'no',
       name: 'Defeat Twinrova' },
    synergy: 0 },
  { difficulty: 20,
    child: 'no',
    types: { fire: 1 },
    subtypes: { mapcompass: 1, bosskey: 1 },
    name: 'Free all 9 gorons in Fire Temple',
    goal: 
     { subtypes: [Object],
       jp: '炎の神殿で９人のゴロンを全員救う',
       types: [Object],
       child: 'no',
       name: 'Free all 9 gorons in Fire Temple' },
    synergy: 0 },
  { difficulty: 2,
    child: 'yes',
    types: { botw: 1 },
    subtypes: { mapcompass: 1 },
    name: 'Map & Compass in Bottom of the Well',
    goal: 
     { subtypes: [Object],
       jp: '井戸の底のマップとコンパス',
       types: [Object],
       child: 'yes',
       name: 'Map & Compass in Bottom of the Well' },
    synergy: 0 },
  { difficulty: 9,
    child: 'yes',
    types: { dc: 1 },
    subtypes: { wallet: 1 },
    name: 'All 5 Skulltulas in Dodongo\'s Cavern',
    goal: 
     { subtypes: [Object],
       jp: 'ドドンゴの洞窟の黄金のスタルチュラ5匹',
       types: [Object],
       child: 'yes',
       name: 'All 5 Skulltulas in Dodongo\'s Cavern' },
    synergy: 0 },
  meta: { iterations: 4 } ]
