[ ,
  { difficulty: 20,
    desiredTime: 15,
    types: 
     { dmc: 1,
       endon: -0.5,
       fire: 7,
       gtunic: 1,
       lightarrow: 10,
       selfsynergy: 0 },
    subtypes: 
     { bosskey: 4.5,
       compass: 4,
       hearts: 2,
       hovers: 0.25,
       map: 2,
       pg: 2,
       poachers: 3,
       quiver: 3,
       songs: 1.25,
       wallet: 0.5 },
    rowtypes: { bottle: 0.5, hookshot: 0.5, ms: 100 },
    name: 'Get to the end of Water Trial',
    time: 14.5,
    goal: 
     { difficulty: 20,
       id: 'get-to-the-end-of-water-trial',
       jp: '水の結界の最後の部屋に到達',
       name: 'Get to the end of Water Trial',
       rowtypes: [Object],
       skill: '',
       subtypes: [Object],
       time: 14.5,
       types: [Object] },
    synergy: 3.5 },
  { difficulty: 12,
    desiredTime: 9,
    types: { fountain: 2, gtg: 1, jabu: 5, selfsynergy: 0 },
    subtypes: { childchu: 1, compass: 1.5, hearts: 0.5, wallet: 0.5 },
    rowtypes: { bottle: 0, hookshot: 0, ms: 0 },
    name: 'Boomerang',
    time: 10,
    goal: 
     { difficulty: 13,
       id: 'boomerang',
       jp: '',
       name: 'Boomerang',
       rowtypes: [Object],
       skill: '',
       subtypes: [Object],
       time: 10,
       types: [Object] },
    synergy: 2 },
  { difficulty: 9,
    desiredTime: 6.75,
    types: { childchu: 0, selfsynergy: 0 },
    subtypes: { wallet: 4 },
    rowtypes: { bottle: 100, hookshot: 1.5, ms: 100 },
    name: 'All 8 Kakariko area Skulltulas',
    time: 6,
    goal: 
     { difficulty: 8,
       id: 'all-8-kakariko-area-skulltulas',
       jp: 'カカリコ村エリアの黄金のスタルチュラ8匹',
       name: 'All 8 Kakariko area Skulltulas',
       rowtypes: [Object],
       skill: '',
       subtypes: [Object],
       time: 6,
       types: [Object] },
    synergy: 2 },
  { difficulty: 1,
    desiredTime: 0.75,
    types: { forest: 0.5, nuts: 100, selfsynergy: 0 },
    subtypes: { songs: 0.5 },
    rowtypes: { bottle: 0, hookshot: 0, ms: 0 },
    name: 'At least 30 Deku Nuts',
    time: 1,
    goal: 
     { difficulty: 1,
       id: 'at-least-30-deku-nuts',
       jp: 'デクの実30個以上',
       name: 'At least 30 Deku Nuts',
       rowtypes: [Object],
       skill: '',
       subtypes: [Object],
       time: 1,
       types: [Object] },
    synergy: 5 },
  { difficulty: 23,
    desiredTime: 17.25,
    types: { childtrade: 1, hearts: 18, saria: 1, selfsynergy: -1 },
    subtypes: undefined,
    rowtypes: { bottle: 0, hookshot: 1, ms: 6 },
    name: '8 Hearts',
    time: 17,
    goal: 
     { difficulty: 22,
       id: '8-hearts',
       jp: 'ハート8つ',
       name: '8 Hearts',
       rowtypes: [Object],
       skill: '',
       time: 17,
       types: [Object] },
    synergy: 0.25 },
  { difficulty: 4,
    desiredTime: 3,
    types: { fountain: 1, selfsynergy: 0 },
    subtypes: { bottleslot: 4, strength: 100, wallet: 100 },
    rowtypes: { bottle: 0, hookshot: 0, ms: 0 },
    name: 'Silver Scale',
    time: 4,
    goal: 
     { difficulty: 5,
       id: 'silver-scale',
       jp: '',
       name: 'Silver Scale',
       rowtypes: [Object],
       skill: '',
       subtypes: [Object],
       time: 4,
       types: [Object] },
    synergy: 1.25 },
  { difficulty: 21,
    desiredTime: 15.75,
    types: 
     { child2: 3,
       endon: 0,
       forest: 3,
       hovers: 3,
       pg: 2.25,
       selfsynergy: 0 },
    subtypes: { bosskey2: 2, compass: 1, hearts: 3, map: 2, wallet: 2.75 },
    rowtypes: { bottle: 100, hookshot: 100, ms: 100 },
    name: 'All 4 Market area Skulltulas',
    time: 16.5,
    goal: 
     { difficulty: 22,
       id: 'all-4-market-area-skulltulas',
       jp: '城下町エリアの黄金のスタルチュラ4匹',
       name: 'All 4 Market area Skulltulas',
       rowtypes: [Object],
       skill: '',
       subtypes: [Object],
       time: 16.5,
       types: [Object] },
    synergy: 1.25 },
  { difficulty: 18,
    desiredTime: 13.5,
    types: { beans: 10, childreset: 0.5, selfsynergy: 0 },
    subtypes: { child2: 3, gerudo: 6, wallet: 0.5 },
    rowtypes: { bottle: 0, hookshot: 0, ms: 0 },
    name: 'At least 9 Magic Beans',
    time: 13.25,
    goal: 
     { difficulty: 17,
       id: 'at-least-9-magic-beans',
       jp: '魔法のマメ9つ以上',
       name: 'At least 9 Magic Beans',
       rowtypes: [Object],
       skill: '',
       subtypes: [Object],
       time: 13.25,
       types: [Object] },
    synergy: 5 },
  { difficulty: 15,
    desiredTime: 11.25,
    types: { childchu: 0, fountain: 2, jabu: 8, selfsynergy: 0 },
    subtypes: 
     { child2: 3.5,
       childreset: 1.25,
       compass: 2.5,
       hearts: 3,
       map: 2,
       wallet: 0.5 },
    rowtypes: { bottle: 0, hookshot: 0, ms: 0 },
    name: 'Beat Jabu-Jabu\'s Belly',
    time: 12.25,
    goal: 
     { difficulty: 16,
       id: 'beat-jabu-jabu-s-belly',
       jp: 'ジャブジャブ様のお腹クリア',
       name: 'Beat Jabu-Jabu\'s Belly',
       rowtypes: [Object],
       skill: '',
       subtypes: [Object],
       time: 12.25,
       types: [Object] },
    synergy: 7.75 },
  { difficulty: 7,
    desiredTime: 5.25,
    types: { dc: 3, selfsynergy: 0 },
    subtypes: { compass: 2, map: 2, wallet: 0.5 },
    rowtypes: { bottle: 0, hookshot: 0, ms: 1 },
    name: 'Defeat all Lizalfos in Dodongo\'s Cavern',
    time: 4.5,
    goal: 
     { difficulty: 6,
       id: 'defeat-all-lizalfos-in-dodongo-s-cavern',
       jp: 'ドドンゴの洞窟のリザルフォス全て撃破',
       name: 'Defeat all Lizalfos in Dodongo\'s Cavern',
       rowtypes: [Object],
       skill: '',
       subtypes: [Object],
       time: 4.5,
       types: [Object] },
    synergy: 5.75 },
  { difficulty: 13,
    desiredTime: 9.75,
    types: { childchu: 0, endon: -0.25, fountain: 2, jabu: 8, selfsynergy: 0 },
    subtypes: 
     { child2: 2,
       childreset: 1.25,
       compass: 2.5,
       hearts: 3,
       map: 2,
       wallet: 0.5 },
    rowtypes: { bottle: 0, hookshot: 0, ms: 0 },
    name: 'Defeat Barinade',
    time: 10.75,
    goal: 
     { difficulty: 14,
       id: 'defeat-barinade',
       jp: 'バリネード撃破',
       name: 'Defeat Barinade',
       rowtypes: [Object],
       skill: '',
       subtypes: [Object],
       time: 10.75,
       types: [Object] },
    synergy: 3.5 },
  { difficulty: 10,
    desiredTime: 7.5,
    types: { forest: 3, selfsynergy: 0 },
    subtypes: 
     { bosskey2: 3,
       compass: 2,
       hearts: 1,
       map: 3,
       songs: 1.75,
       wallet: 1.5 },
    rowtypes: { bottle: 0.5, hookshot: 100, ms: 4 },
    name: '4 Unused Keys in Forest Temple',
    time: 6.5,
    goal: 
     { difficulty: 8,
       id: '4-unused-keys-in-forest-temple',
       jp: '',
       name: '4 Unused Keys in Forest Temple',
       rowtypes: [Object],
       skill: '',
       subtypes: [Object],
       time: 6.5,
       types: [Object] },
    synergy: 6 },
  { difficulty: 2,
    desiredTime: 1.5,
    types: { lonlon: 1.75, selfsynergy: 0 },
    subtypes: { hearts: 1 },
    rowtypes: { bottle: 0, hookshot: 0, ms: 0 },
    name: 'Lon Lon Ranch HP',
    time: 2.5,
    goal: 
     { difficulty: 3,
       id: 'lon-lon-ranch-hp',
       jp: '',
       name: 'Lon Lon Ranch HP',
       rowtypes: [Object],
       skill: '',
       subtypes: [Object],
       time: 2.5,
       types: [Object] },
    synergy: 0 },
  { difficulty: 24,
    desiredTime: 18,
    types: 
     { childchu: 0,
       childreset: 1.25,
       childtrade: 2.75,
       czl: 7,
       saria: 5,
       selfsynergy: -1,
       strength: 100 },
    subtypes: { bombbag: 100, bulletbag: 100, wallet: 0.5 },
    rowtypes: { bottle: 100, hookshot: 0, ms: 100 },
    name: 'Green Gauntlets',
    time: 17.75,
    goal: 
     { difficulty: 25,
       id: 'green-gauntlets',
       jp: '緑のグローブ',
       name: 'Green Gauntlets',
       rowtypes: [Object],
       skill: '',
       subtypes: [Object],
       time: 17.75,
       types: [Object] },
    synergy: 0.25 },
  { difficulty: 16,
    desiredTime: 12,
    types: { bow: 1.5, forest: 3, hovers: 2, quiver: 3, selfsynergy: 0 },
    subtypes: 
     { bosskey: 2,
       bosskey2: 6,
       compass: 4,
       hearts: 1,
       map: 3,
       songs: 1.75,
       wallet: 1 },
    rowtypes: { bottle: 0.5, hookshot: 100, ms: 100 },
    name: 'Map & Compass in Forest Temple',
    time: 11,
    goal: 
     { difficulty: 14,
       id: 'map-compass-in-forest-temple',
       jp: '森の神殿のマップとコンパス',
       name: 'Map & Compass in Forest Temple',
       rowtypes: [Object],
       skill: '',
       subtypes: [Object],
       time: 11,
       types: [Object] },
    synergy: 3 },
  { difficulty: 22,
    desiredTime: 16.5,
    types: 
     { bothzl: -4.25,
       czl: 3,
       dc: 2.5,
       longshot: 4,
       poachers: 4.25,
       selfsynergy: 0,
       water: 4 },
    subtypes: 
     { bosskey: 3.75,
       childchu: -2,
       compass: 1.5,
       hearts: 0.5,
       hovers: 0.5,
       map: 2,
       spirit: -1,
       wallet: 2.5 },
    rowtypes: { bottle: 100, hookshot: 100, ms: 100 },
    name: 'All 5 Skulltulas in Water Temple',
    time: 15.75,
    goal: 
     { difficulty: 21,
       id: 'all-5-skulltulas-in-water-temple',
       jp: '水の神殿の黄金のスタルチュラ5匹',
       name: 'All 5 Skulltulas in Water Temple',
       rowtypes: [Object],
       skill: '',
       subtypes: [Object],
       time: 15.75,
       types: [Object] },
    synergy: 5.5 },
  { difficulty: 19,
    desiredTime: 14.25,
    types: 
     { endon: -0.5,
       fortress: 2.5,
       gtg: 1,
       hovers: 3,
       selfsynergy: 0,
       spirit: 8 },
    subtypes: 
     { bosskey: 6,
       bosskey2: 6,
       childchu: 1,
       compass: 1,
       hearts: 3,
       map: 3,
       songs: 1,
       wallet: 0.5 },
    rowtypes: { bottle: 0, hookshot: 100, ms: 100 },
    name: 'Defeat Nabooru-Knuckle',
    time: 14,
    goal: 
     { difficulty: 18,
       id: 'defeat-nabooru-knuckle',
       jp: 'アイアンナック(ナボール)撃破',
       name: 'Defeat Nabooru-Knuckle',
       rowtypes: [Object],
       skill: '',
       subtypes: [Object],
       time: 14,
       types: [Object] },
    synergy: 4.75 },
  { difficulty: 11,
    desiredTime: 8.25,
    types: { beans: 0.5, fountain: 2, ice: 1.5, irons: 2, selfsynergy: 0 },
    subtypes: { hovers: 1 },
    rowtypes: { bottle: 0, hookshot: 0.5, ms: 100 },
    name: 'At Least 5 Zora Area HPs',
    time: 8.5,
    goal: 
     { difficulty: 11,
       id: 'at-least-5-zora-area-hps',
       jp: '',
       name: 'At Least 5 Zora Area HPs',
       rowtypes: [Object],
       skill: '',
       subtypes: [Object],
       time: 8.5,
       types: [Object] },
    synergy: 5.5 },
  { difficulty: 8,
    desiredTime: 6,
    types: { endon: -0.25, fortress: 2.5, selfsynergy: 0, spirit: 2.5 },
    subtypes: 
     { bosskey: 2,
       compass: 1,
       hearts: 0.5,
       hovers: 1,
       map: 2,
       poachers: -0.25,
       songs: 3,
       wallet: 0.75 },
    rowtypes: { bottle: 0, hookshot: 1.5, ms: 0.5 },
    name: 'Requiem of Spirit',
    time: 7,
    goal: 
     { difficulty: 9,
       id: 'requiem-of-spirit',
       jp: '魂のレクイエム',
       name: 'Requiem of Spirit',
       rowtypes: [Object],
       skill: '',
       subtypes: [Object],
       time: 7,
       types: [Object] },
    synergy: 0 },
  { difficulty: 5,
    desiredTime: 3.75,
    types: { bulletbag: 100, deku: 3, selfsynergy: 0 },
    subtypes: undefined,
    rowtypes: { bottle: 0, hookshot: 0, ms: 0 },
    name: 'Bullet Bag (40)',
    time: 4.5,
    goal: 
     { difficulty: 6,
       id: 'bullet-bag-40-',
       jp: 'デクのタネ袋(40)',
       name: 'Bullet Bag (40)',
       rowtypes: [Object],
       skill: '',
       time: 4.5,
       types: [Object] },
    synergy: 4.75 },
  { difficulty: 6,
    desiredTime: 4.5,
    types: { deku: 3, selfsynergy: 0 },
    subtypes: { compass: 3, hovers: 0.5, map: 3, wallet: 0.5 },
    rowtypes: { bottle: 0, hookshot: 0, ms: 0 },
    name: 'Map & Compass in Deku Tree',
    time: 3.75,
    goal: 
     { difficulty: 5,
       id: 'map-compass-in-deku-tree',
       jp: 'デクの樹様の中のマップとコンパス',
       name: 'Map & Compass in Deku Tree',
       rowtypes: [Object],
       skill: '',
       subtypes: [Object],
       time: 3.75,
       types: [Object] },
    synergy: 0.75 },
  { difficulty: 3,
    desiredTime: 2.25,
    types: { dmc: 2, selfsynergy: 0 },
    subtypes: { bosskey: 1, hearts: 1.5, hovers: 0.25, songs: 1.5 },
    rowtypes: { bottle: 0, hookshot: 0, ms: 1 },
    name: 'Both heart pieces in Death Mountain Crater',
    time: 2,
    goal: 
     { difficulty: 2,
       id: 'both-heart-pieces-in-death-mountain-crater',
       jp: 'デスマウンテン火口のハートのかけら２つ',
       name: 'Both heart pieces in Death Mountain Crater',
       rowtypes: [Object],
       skill: '',
       subtypes: [Object],
       time: 2,
       types: [Object] },
    synergy: 7.75 },
  { difficulty: 25,
    desiredTime: 18.75,
    types: 
     { bothzl: -4.25,
       childtrade: 2.75,
       czl: 4.25,
       dmc: 1,
       endon: -0.25,
       fortress: 2.5,
       fountain: 2,
       hovers: 2,
       magic: 2,
       poachers: 4.25,
       selfsynergy: 0,
       spirit: 2 },
    subtypes: 
     { bosskey: 3,
       bottleslot: 4,
       child2: 5.5,
       childchu: -2,
       gtunic: 0.25,
       hearts: 1.5,
       map: 2,
       wallet: 0.75 },
    rowtypes: { bottle: 100, hookshot: 1, ms: 4 },
    name: 'Two Fairy Spells',
    time: 19.25,
    goal: 
     { difficulty: 24,
       id: 'two-fairy-spells',
       jp: '魔法のアイテム２つ',
       name: 'Two Fairy Spells',
       rowtypes: [Object],
       skill: '',
       subtypes: [Object],
       time: 19.25,
       types: [Object] },
    synergy: 0 },
  { difficulty: 17,
    desiredTime: 12.75,
    types: 
     { beans: 15,
       childtrade: 6.5,
       fortress: 3,
       gerudo: 7,
       saria: 3,
       selfsynergy: 0 },
    subtypes: { bosskey: 2.5, childchu: -2, hearts: 0.5, map: 2.5, wallet: 0.25 },
    rowtypes: { bottle: 100, hookshot: 0.75, ms: 7 },
    name: 'Spooky Mask',
    time: 13,
    goal: 
     { difficulty: 17,
       id: 'spooky-mask',
       jp: 'こわそなお面',
       name: 'Spooky Mask',
       rowtypes: [Object],
       skill: '',
       subtypes: [Object],
       time: 13,
       types: [Object] },
    synergy: 5 },
  { difficulty: 14,
    desiredTime: 10.5,
    types: { childchu: 0, fountain: 2, jabu: 5, selfsynergy: 0 },
    subtypes: 
     { child2: 2,
       childreset: 1.25,
       compass: 4,
       hearts: 0.5,
       hovers: 0.5,
       map: 3,
       wallet: 0.5 },
    rowtypes: { bottle: 0, hookshot: 0, ms: 0 },
    name: 'Map & Compass in Jabu-Jabu',
    time: 9.75,
    goal: 
     { difficulty: 13,
       id: 'map-compass-in-jabu-jabu',
       jp: 'ジャブジャブ様のお腹のマップとコンパス',
       name: 'Map & Compass in Jabu-Jabu',
       rowtypes: [Object],
       skill: '',
       subtypes: [Object],
       time: 9.75,
       types: [Object] },
    synergy: 2 },
  meta: { iterations: 1 } ]
