[ ,
  { difficulty: 25,
    desiredTime: 18.75,
    types: 
     { fortress: 2.5,
       gtg: 1,
       hovers: 3,
       selfsynergy: 0,
       spirit: 2.5,
       swords: 3 },
    subtypes: 
     { bosskey: 3.25,
       bosskey2: 5,
       childchu: 1,
       compass: 4,
       hearts: 2,
       map: 6,
       songs: 1,
       wallet: 1.5 },
    rowtypes: { bottle: 100, hookshot: 100, ms: 100 },
    name: '3 Swords, Tunics, Boots, and Shields',
    time: 19.25,
    goal: 
     { difficulty: 24,
       id: '3-swords-tunics-boots-and-shields',
       jp: '',
       name: '3 Swords, Tunics, Boots, and Shields',
       rowtypes: [Object],
       skill: '',
       subtypes: [Object],
       time: 19.25,
       types: [Object] },
    synergy: 0 },
  { difficulty: 17,
    desiredTime: 12.75,
    types: 
     { beans: 15,
       childtrade: 6.5,
       fortress: 3,
       gerudo: 7,
       saria: 3,
       selfsynergy: 0 },
    subtypes: { bosskey: 2.5, childchu: -2, hearts: 0.5, map: 2.5, wallet: 0.25 },
    rowtypes: { bottle: 100, hookshot: 0.75, ms: 7 },
    name: 'Spooky Mask',
    time: 13,
    goal: 
     { difficulty: 17,
       id: 'spooky-mask',
       jp: 'こわそなお面',
       name: 'Spooky Mask',
       rowtypes: [Object],
       skill: '',
       subtypes: [Object],
       time: 13,
       types: [Object] },
    synergy: 7.5 },
  { difficulty: 4,
    desiredTime: 3,
    types: { dmc: 1, fire: 0.25, firearrow: 2.5, selfsynergy: 0 },
    subtypes: { bosskey: 2.5, gtunic: 0.25, songs: 1 },
    rowtypes: { bottle: 0.5, hookshot: 100, ms: 100 },
    name: 'Fire Temple Boss Key',
    time: 2.5,
    goal: 
     { difficulty: 3,
       id: 'fire-temple-boss-key',
       jp: '炎の神殿のボス部屋のカギ',
       name: 'Fire Temple Boss Key',
       rowtypes: [Object],
       skill: '',
       subtypes: [Object],
       time: 2.5,
       types: [Object] },
    synergy: 1 },
  { difficulty: 11,
    desiredTime: 8.25,
    types: { bow: 1.5, forest: 3, hovers: 2, quiver: 3, selfsynergy: 0 },
    subtypes: 
     { bosskey: 2,
       bosskey2: 6,
       compass: 3,
       hearts: 1,
       map: 2.5,
       songs: 1.75,
       wallet: 1 },
    rowtypes: { bottle: 0.5, hookshot: 100, ms: 4 },
    name: 'Fairy Bow',
    time: 9,
    goal: 
     { difficulty: 12,
       id: 'fairy-bow',
       jp: '妖精の弓',
       name: 'Fairy Bow',
       rowtypes: [Object],
       skill: '',
       subtypes: [Object],
       time: 9,
       types: [Object] },
    synergy: 5.25 },
  { difficulty: 8,
    desiredTime: 6,
    types: { endon: -1, forest: 3, pg: 2.25, selfsynergy: 0 },
    subtypes: 
     { bosskey2: 2,
       compass: 1,
       hearts: 2,
       map: 2,
       songs: 1.75,
       wallet: 0.75 },
    rowtypes: { bottle: 0.5, hookshot: 100, ms: 3 },
    name: 'Beat the Forest Temple',
    time: 5,
    goal: 
     { difficulty: 6,
       id: 'beat-the-forest-temple',
       jp: '森の神殿クリア',
       name: 'Beat the Forest Temple',
       rowtypes: [Object],
       skill: '',
       subtypes: [Object],
       time: 5,
       types: [Object] },
    synergy: 6.5 },
  { difficulty: 14,
    desiredTime: 10.5,
    types: { fountain: 2, gtg: 1, jabu: 3, selfsynergy: 0 },
    subtypes: { childchu: 1, compass: 2, hovers: 1, wallet: 0.75 },
    rowtypes: { bottle: 0, hookshot: 0.5, ms: 0 },
    name: 'Defeat Big Octo',
    time: 9.5,
    goal: 
     { difficulty: 12,
       id: 'defeat-big-octo',
       jp: '大オクタ撃破',
       name: 'Defeat Big Octo',
       rowtypes: [Object],
       skill: '',
       subtypes: [Object],
       time: 9.5,
       types: [Object] },
    synergy: 2 },
  { difficulty: 6,
    desiredTime: 4.5,
    types: { deku: 5, endon: -0.5, ganon: 1.5, selfsynergy: 0 },
    subtypes: { childtrade: 1.5, compass: 2, hearts: 3, map: 3, wallet: 0.25 },
    rowtypes: { bottle: 0, hookshot: 0, ms: 0 },
    name: 'Defeat Queen Gohma',
    time: 5.25,
    goal: 
     { difficulty: 7,
       id: 'defeat-queen-gohma',
       jp: 'ゴーマ撃破',
       name: 'Defeat Queen Gohma',
       rowtypes: [Object],
       skill: '',
       subtypes: [Object],
       time: 5.25,
       types: [Object] },
    synergy: 3 },
  { difficulty: 23,
    desiredTime: 17.25,
    types: 
     { childchu: 0,
       childreset: 1.25,
       childtrade: 2.75,
       czl: 7,
       saria: 5,
       selfsynergy: -1,
       strength: 100 },
    subtypes: { bombbag: 100, bulletbag: 100, wallet: 0.5 },
    rowtypes: { bottle: 100, hookshot: 0, ms: 100 },
    name: 'Green Gauntlets',
    time: 17.75,
    goal: 
     { difficulty: 25,
       id: 'green-gauntlets',
       jp: '緑のグローブ',
       name: 'Green Gauntlets',
       rowtypes: [Object],
       skill: '',
       subtypes: [Object],
       time: 17.75,
       types: [Object] },
    synergy: 0 },
  { difficulty: 20,
    desiredTime: 15,
    types: 
     { bothzl: -4.25,
       czl: 3,
       dc: 2.5,
       longshot: 4,
       poachers: 4.25,
       selfsynergy: 0,
       water: 4 },
    subtypes: 
     { bosskey: 3.75,
       childchu: -2,
       compass: 1.5,
       hearts: 0.5,
       hovers: 0.5,
       map: 2,
       spirit: -1,
       wallet: 2.5 },
    rowtypes: { bottle: 100, hookshot: 100, ms: 100 },
    name: 'All 5 Skulltulas in Water Temple',
    time: 15.75,
    goal: 
     { difficulty: 21,
       id: 'all-5-skulltulas-in-water-temple',
       jp: '水の神殿の黄金のスタルチュラ5匹',
       name: 'All 5 Skulltulas in Water Temple',
       rowtypes: [Object],
       skill: '',
       subtypes: [Object],
       time: 15.75,
       types: [Object] },
    synergy: 1.5 },
  { difficulty: 2,
    desiredTime: 1.5,
    types: { forest: 0.5, nuts: 100, selfsynergy: 0 },
    subtypes: { songs: 0.5 },
    rowtypes: { bottle: 0, hookshot: 0, ms: 0 },
    name: 'At least 30 Deku Nuts',
    time: 1,
    goal: 
     { difficulty: 1,
       id: 'at-least-30-deku-nuts',
       jp: 'デクの実30個以上',
       name: 'At least 30 Deku Nuts',
       rowtypes: [Object],
       skill: '',
       subtypes: [Object],
       time: 1,
       types: [Object] },
    synergy: 1.75 },
  { difficulty: 18,
    desiredTime: 13.5,
    types: 
     { dmc: 1,
       endon: -0.5,
       fire: 7,
       gtunic: 1,
       lightarrow: 10,
       selfsynergy: 0 },
    subtypes: 
     { bosskey: 4.5,
       compass: 4,
       hearts: 2,
       hovers: 0.25,
       map: 2,
       pg: 2,
       poachers: 3,
       quiver: 3,
       songs: 1.25,
       wallet: 0.5 },
    rowtypes: { bottle: 0.5, hookshot: 0.5, ms: 100 },
    name: 'Get to the end of Water Trial',
    time: 14.5,
    goal: 
     { difficulty: 20,
       id: 'get-to-the-end-of-water-trial',
       jp: '水の結界の最後の部屋に到達',
       name: 'Get to the end of Water Trial',
       rowtypes: [Object],
       skill: '',
       subtypes: [Object],
       time: 14.5,
       types: [Object] },
    synergy: 1.75 },
  { difficulty: 5,
    desiredTime: 3.75,
    types: { selfsynergy: 0 },
    subtypes: { bottleslot: 4.5, wallet: 0.5 },
    rowtypes: { bottle: 0, hookshot: 0, ms: 0 },
    name: 'Ruto\'s Letter',
    time: 4.5,
    goal: 
     { difficulty: 6,
       id: 'ruto-s-letter',
       jp: 'ルトの手紙',
       name: 'Ruto\'s Letter',
       rowtypes: [Object],
       skill: '',
       subtypes: [Object],
       time: 4.5,
       types: [Object] },
    synergy: 2.75 },
  { difficulty: 12,
    desiredTime: 9,
    types: 
     { bow: 1.5,
       forest: 3,
       fortress: 3,
       gtg: 1,
       quiver: 3,
       selfsynergy: 0 },
    subtypes: 
     { bosskey: 2,
       bosskey2: 5,
       childchu: -1,
       compass: 2,
       hearts: 1,
       hovers: 1,
       map: 4,
       songs: 1.75,
       wallet: 0.5 },
    rowtypes: { bottle: 0.5, hookshot: 100, ms: 100 },
    name: 'Defeat Amy (Green Poe)',
    time: 9.25,
    goal: 
     { difficulty: 12,
       id: 'defeat-amy-green-poe-',
       jp: 'エイミー撃破(緑のポウ)ｴ',
       name: 'Defeat Amy (Green Poe)',
       rowtypes: [Object],
       skill: '',
       subtypes: [Object],
       time: 9.25,
       types: [Object] },
    synergy: 3.75 },
  { difficulty: 9,
    desiredTime: 6.75,
    types: { endon: -0.25, fortress: 2.5, selfsynergy: 0, spirit: 2.5 },
    subtypes: 
     { bosskey: 2,
       compass: 1,
       hearts: 0.5,
       hovers: 1,
       map: 2,
       poachers: -0.25,
       songs: 3,
       wallet: 0.75 },
    rowtypes: { bottle: 0, hookshot: 1.5, ms: 0.5 },
    name: 'Requiem of Spirit',
    time: 7,
    goal: 
     { difficulty: 9,
       id: 'requiem-of-spirit',
       jp: '魂のレクイエム',
       name: 'Requiem of Spirit',
       rowtypes: [Object],
       skill: '',
       subtypes: [Object],
       time: 7,
       types: [Object] },
    synergy: 3.5 },
  { difficulty: 21,
    desiredTime: 15.75,
    types: 
     { bothzl: -4.25,
       czl: 3,
       dc: 2.5,
       longshot: 4,
       poachers: 4.25,
       selfsynergy: 0,
       water: 4 },
    subtypes: 
     { bosskey: 3.75,
       childchu: -2,
       compass: 1.5,
       hearts: 0.5,
       hovers: 0.5,
       map: 2,
       spirit: -1,
       wallet: 2.5 },
    rowtypes: { bottle: 100, hookshot: 100, ms: 100 },
    name: 'All 5 Skulltulas in Water Temple',
    time: 15.75,
    goal: 
     { difficulty: 21,
       id: 'all-5-skulltulas-in-water-temple',
       jp: '水の神殿の黄金のスタルチュラ5匹',
       name: 'All 5 Skulltulas in Water Temple',
       rowtypes: [Object],
       skill: '',
       subtypes: [Object],
       time: 15.75,
       types: [Object] },
    synergy: 4.5 },
  { difficulty: 7,
    desiredTime: 5.25,
    types: { selfsynergy: 0 },
    subtypes: undefined,
    rowtypes: { bottle: 0, hookshot: 0, ms: 100 },
    name: 'Cow in House',
    time: 4.5,
    goal: 
     { difficulty: 6,
       id: 'cow-in-house',
       jp: '牛(リンクの家)',
       name: 'Cow in House',
       rowtypes: [Object],
       skill: '',
       time: 4.5,
       types: [Object] },
    synergy: 2.75 },
  { difficulty: 24,
    desiredTime: 18,
    types: { compass: 22, hovers: 3, selfsynergy: -3 },
    subtypes: { bosskey2: 2, childchu: 1, hearts: 2, map: 22, poachers: 1.25 },
    rowtypes: { bottle: 0.5, hookshot: 100, ms: 5 },
    name: '7 Compasses',
    time: 19,
    goal: 
     { difficulty: 25,
       id: '7-compasses',
       jp: 'コンパス7つ',
       name: '7 Compasses',
       rowtypes: [Object],
       skill: '',
       subtypes: [Object],
       time: 19,
       types: [Object] },
    synergy: 0 },
  { difficulty: 16,
    desiredTime: 12,
    types: 
     { beans: 15,
       childtrade: 6.5,
       fortress: 3,
       gerudo: 7,
       saria: 3,
       selfsynergy: 0 },
    subtypes: { bosskey: 2.5, childchu: -2, hearts: 0.5, map: 2.5, wallet: 0.25 },
    rowtypes: { bottle: 100, hookshot: 0.75, ms: 7 },
    name: 'Spooky Mask',
    time: 13,
    goal: 
     { difficulty: 17,
       id: 'spooky-mask',
       jp: 'こわそなお面',
       name: 'Spooky Mask',
       rowtypes: [Object],
       skill: '',
       subtypes: [Object],
       time: 13,
       types: [Object] },
    synergy: 6.5 },
  { difficulty: 3,
    desiredTime: 2.25,
    types: { dmc: 0.75, selfsynergy: 0 },
    subtypes: { bosskey: 1.5, gtunic: 0.25, songs: 1.25 },
    rowtypes: { bottle: 0, hookshot: 0.25, ms: 100 },
    name: 'Bolero of Fire',
    time: 1.25,
    goal: 
     { difficulty: 1,
       id: 'bolero-of-fire',
       jp: '炎のボレロ',
       name: 'Bolero of Fire',
       rowtypes: [Object],
       skill: '',
       subtypes: [Object],
       time: 1.25,
       types: [Object] },
    synergy: 4 },
  { difficulty: 15,
    desiredTime: 11.25,
    types: { fortress: 2.5, hovers: 3, selfsynergy: 0, spirit: 6 },
    subtypes: { bosskey: 2, compass: 1, hearts: 0.5, map: 2, wallet: 0.75 },
    rowtypes: { bottle: 0, hookshot: 2, ms: 1 },
    name: 'Get Bombchu chest in Spirit Temple',
    time: 11.5,
    goal: 
     { difficulty: 15,
       id: 'get-bombchu-chest-in-spirit-temple',
       jp: '魂の神殿のボムチュウ取得',
       name: 'Get Bombchu chest in Spirit Temple',
       rowtypes: [Object],
       skill: '',
       subtypes: [Object],
       time: 11.5,
       types: [Object] },
    synergy: 0.75 },
  { difficulty: 1,
    desiredTime: 0.75,
    types: { bulletbag: 100, selfsynergy: 0 },
    subtypes: undefined,
    rowtypes: { bottle: 0, hookshot: 0, ms: 0 },
    name: 'Bullet Bag (50)',
    time: 0.5,
    goal: 
     { difficulty: 1,
       id: 'bullet-bag-50-',
       jp: 'デクのタネ袋(50)',
       name: 'Bullet Bag (50)',
       rowtypes: [Object],
       skill: '',
       time: 0.5,
       types: [Object] },
    synergy: 0.25 },
  { difficulty: 13,
    desiredTime: 9.75,
    types: 
     { endon: -1,
       fortress: 3,
       hovers: 3,
       selfsynergy: 0,
       spirit: 2.5,
       strength: 100 },
    subtypes: 
     { bombbag: 100,
       bosskey: 3,
       bosskey2: 4.5,
       compass: 1,
       hearts: 0.5,
       map: 3,
       songs: 1,
       wallet: 0.75 },
    rowtypes: { bottle: 100, hookshot: 100, ms: 3.5 },
    name: 'Silver Gauntlets',
    time: 10.5,
    goal: 
     { difficulty: 14,
       id: 'silver-gauntlets',
       jp: '銀のグローブ',
       name: 'Silver Gauntlets',
       rowtypes: [Object],
       skill: '',
       subtypes: [Object],
       time: 10.5,
       types: [Object] },
    synergy: 0 },
  { difficulty: 10,
    desiredTime: 7.5,
    types: { endon: -0.25, fortress: 2.5, selfsynergy: 0, spirit: 2.5 },
    subtypes: 
     { bosskey: 2,
       compass: 1,
       hearts: 0.5,
       hovers: 1,
       map: 2,
       poachers: -0.25,
       songs: 3,
       wallet: 0.75 },
    rowtypes: { bottle: 0, hookshot: 1.5, ms: 0.5 },
    name: 'Requiem of Spirit',
    time: 7,
    goal: 
     { difficulty: 9,
       id: 'requiem-of-spirit',
       jp: '魂のレクイエム',
       name: 'Requiem of Spirit',
       rowtypes: [Object],
       skill: '',
       subtypes: [Object],
       time: 7,
       types: [Object] },
    synergy: 5 },
  { difficulty: 22,
    desiredTime: 16.5,
    types: 
     { child2: 3,
       endon: 0,
       forest: 3,
       hovers: 3,
       pg: 2.25,
       selfsynergy: 0 },
    subtypes: { bosskey2: 2, compass: 1, hearts: 3, map: 2, wallet: 2.75 },
    rowtypes: { bottle: 100, hookshot: 100, ms: 100 },
    name: 'All 4 Market area Skulltulas',
    time: 16.5,
    goal: 
     { difficulty: 22,
       id: 'all-4-market-area-skulltulas',
       jp: '城下町エリアの黄金のスタルチュラ4匹',
       name: 'All 4 Market area Skulltulas',
       rowtypes: [Object],
       skill: '',
       subtypes: [Object],
       time: 16.5,
       types: [Object] },
    synergy: 7.75 },
  { difficulty: 19,
    desiredTime: 14.25,
    types: { dmc: 1, fire: 8, gtunic: 1, selfsynergy: 0 },
    subtypes: 
     { bosskey: 2,
       compass: 4,
       hearts: 0.5,
       hovers: 0.25,
       map: 2,
       songs: 1.25,
       wallet: 0.5 },
    rowtypes: { bottle: 0.5, hookshot: 0.5, ms: 100 },
    name: 'Free all 9 gorons in Fire Temple',
    time: 14.5,
    goal: 
     { difficulty: 19,
       id: 'free-all-9-gorons-in-fire-temple',
       jp: '炎の神殿で９人のゴロンを全員救う',
       name: 'Free all 9 gorons in Fire Temple',
       rowtypes: [Object],
       skill: '',
       subtypes: [Object],
       time: 14.5,
       types: [Object] },
    synergy: 5 },
  meta: { iterations: 1 } ]
