[ ,
  { difficulty: 10,
    child: 'yes',
    types: { fortress: 1 },
    subtypes: undefined,
    name: '6 unused keys in Gerudo Training Grounds',
    goal: 
     { jp: 'ゲルドの修練場の未使用のカギ6つ',
       types: [Object],
       child: 'yes',
       name: '6 unused keys in Gerudo Training Grounds' },
    synergy: 0 },
  { difficulty: 22,
    child: 'yes',
    types: { claimcheck: 1, mapcompass: 1 },
    subtypes: undefined,
    name: '7 Maps',
    goal: { jp: 'マップ7つ', types: [Object], child: 'yes', name: '7 Maps' },
    synergy: 0 },
  { difficulty: 19,
    child: 'no',
    types: { spirit: 1 },
    subtypes: undefined,
    name: 'Defeat Nabooru-Knuckle',
    goal: 
     { jp: 'アイアンナック(ナボール)撃破',
       types: [Object],
       child: 'no',
       name: 'Defeat Nabooru-Knuckle' },
    synergy: 0 },
  { difficulty: 1,
    child: 'yes',
    types: { nuts: 1 },
    subtypes: undefined,
    name: 'At least 30 Deku Nuts',
    goal: 
     { jp: 'デクの実30個以上',
       types: [Object],
       child: 'yes',
       name: 'At least 30 Deku Nuts' },
    synergy: 0 },
  { difficulty: 13,
    child: 'no',
    types: { strength: 1, ganon: 1, bulletbag: 1, atrade: 1 },
    subtypes: { wallet: 1 },
    name: 'Bronze Gauntlets',
    goal: 
     { subtypes: [Object],
       jp: '銅のグローブ',
       types: [Object],
       child: 'no',
       name: 'Bronze Gauntlets' },
    synergy: 0 },
  { difficulty: 4,
    child: 'yes',
    types: { kd: 1, dc: 1 },
    subtypes: { hearts: 1 },
    name: 'Defeat King Dodongo',
    goal: 
     { subtypes: [Object],
       jp: 'キングドドンゴ撃破',
       types: [Object],
       child: 'yes',
       name: 'Defeat King Dodongo' },
    synergy: 0 },
  { difficulty: 11,
    child: 'no',
    types: { botw: 1 },
    subtypes: { wallet: 1 },
    name: 'All 8 Kakariko area Skulltulas',
    goal: 
     { subtypes: [Object],
       jp: 'カカリコ村エリアの黄金のスタルチュラ8匹',
       types: [Object],
       child: 'no',
       name: 'All 8 Kakariko area Skulltulas' },
    synergy: 0 },
  { difficulty: 8,
    child: 'yes',
    types: { pg: 1, forest: 1 },
    subtypes: { hearts: 1 },
    name: 'Defeat Phantom Ganon',
    goal: 
     { subtypes: [Object],
       jp: 'ファントムガノン撃破',
       types: [Object],
       child: 'yes',
       name: 'Defeat Phantom Ganon' },
    synergy: 0 },
  { difficulty: 25,
    child: 'no',
    types: { zl: 1, water: 1 },
    subtypes: undefined,
    name: 'All 5 Skulltulas in Water Temple',
    goal: 
     { jp: '水の神殿の黄金のスタルチュラ5匹',
       types: [Object],
       child: 'no',
       name: 'All 5 Skulltulas in Water Temple' },
    synergy: 0 },
  { difficulty: 17,
    child: 'no',
    types: { fire: 1 },
    subtypes: { mapcompass: 1, bosskey: 1 },
    name: 'Defeat both Flare Dancers',
    goal: 
     { subtypes: [Object],
       jp: 'フレアダンサー2体撃破',
       types: [Object],
       child: 'no',
       name: 'Defeat both Flare Dancers' },
    synergy: 0 },
  { difficulty: 23,
    child: 'no',
    types: { spirit: 1 },
    subtypes: { hearts: 1 },
    name: 'Defeat Twinrova',
    goal: 
     { subtypes: [Object],
       jp: 'ツインローバ撃破',
       types: [Object],
       child: 'no',
       name: 'Defeat Twinrova' },
    synergy: 0 },
  { difficulty: 20,
    child: 'no',
    types: { zl: 1, lightarrow: 1, atrade: 1 },
    subtypes: undefined,
    name: 'Light Arrows',
    goal: { jp: '光の矢', types: [Object], child: 'no', name: 'Light Arrows' },
    synergy: 0 },
  { difficulty: 2,
    child: 'no',
    types: { fire: 1, dmc: 1, tunics: 1 },
    subtypes: undefined,
    name: 'Goron Tunic',
    goal: { jp: 'ゴロンの服', types: [Object], child: 'no', name: 'Goron Tunic' },
    synergy: 0 },
  { difficulty: 14,
    child: 'yes',
    types: { beans: 1 },
    subtypes: { child2: 1, wallet: 1 },
    name: 'At least 9 Magic Beans',
    goal: 
     { subtypes: [Object],
       jp: '魔法のマメ9つ以上\u001a',
       types: [Object],
       child: 'yes',
       name: 'At least 9 Magic Beans' },
    synergy: 0 },
  { difficulty: 6,
    child: 'no',
    types: { cow: 1 },
    subtypes: undefined,
    name: 'Cow in House',
    goal: 
     { jp: '牛(リンクの家)',
       types: [Object],
       child: 'no',
       name: 'Cow in House' },
    synergy: 0 },
  { difficulty: 12,
    child: 'yes',
    types: { jabu: 1, ice: 1 },
    subtypes: { hearts: 1, wallet: 1 },
    name: 'All 4 Skulltulas in Jabu-Jabu',
    goal: 
     { subtypes: [Object],
       jp: 'ジャブジャブ様のお腹の黄金のスタルチュラ4匹',
       types: [Object],
       child: 'yes',
       name: 'All 4 Skulltulas in Jabu-Jabu' },
    synergy: 0 },
  { difficulty: 9,
    child: 'yes',
    types: { dc: 1 },
    subtypes: { wallet: 1 },
    name: 'All 5 Skulltulas in Dodongo\'s Cavern',
    goal: 
     { subtypes: [Object],
       jp: 'ドドンゴの洞窟の黄金のスタルチュラ5匹',
       types: [Object],
       child: 'yes',
       name: 'All 5 Skulltulas in Dodongo\'s Cavern' },
    synergy: 0 },
  { difficulty: 21,
    child: 'no',
    types: { fortress: 1, beans: 1, quiver: 1 },
    subtypes: undefined,
    name: 'Quiver (50)',
    goal: 
     { jp: '矢立て(50)',
       types: [Object],
       child: 'no',
       name: 'Quiver (50)' },
    synergy: 0 },
  { difficulty: 18,
    child: 'yes',
    types: { mapcompass: 1 },
    subtypes: undefined,
    name: '6 Compasses',
    goal: 
     { jp: 'コンパス6つ',
       types: [Object],
       child: 'yes',
       name: '6 Compasses' },
    synergy: 0 },
  { difficulty: 5,
    child: 'no',
    types: { forest: 1 },
    subtypes: { wallet: 1 },
    name: 'All 3 Kokiri Forest area Skulltulas',
    goal: 
     { subtypes: [Object],
       jp: 'コキリの森エリアの黄金のスタルチュラ３匹',
       types: [Object],
       child: 'no',
       name: 'All 3 Kokiri Forest area Skulltulas' },
    synergy: 0 },
  { difficulty: 16,
    child: 'yes',
    types: { claimcheck: 1, mapcompass: 1 },
    subtypes: undefined,
    name: '6 Maps',
    goal: { jp: 'マップ6つ', types: [Object], child: 'yes', name: '6 Maps' },
    synergy: 0 },
  { difficulty: 3,
    child: 'yes',
    types: { deku: 1, bulletbag: 1 },
    subtypes: undefined,
    name: 'Fairy Slingshot',
    goal: 
     { jp: '妖精のパチンコ',
       types: [Object],
       child: 'yes',
       name: 'Fairy Slingshot' },
    synergy: 0 },
  { difficulty: 15,
    child: 'yes',
    types: { zl: 1, water: 1 },
    subtypes: { wallet: 1 },
    name: 'Both Hyrule Field area Skulltulas',
    goal: 
     { subtypes: [Object],
       jp: 'ハイラル平原エリアの黄金ノスタルチュラ2匹',
       types: [Object],
       child: 'yes',
       name: 'Both Hyrule Field area Skulltulas' },
    synergy: 0 },
  { difficulty: 7,
    child: 'no',
    types: { fortress: 1 },
    subtypes: { wallet: 1 },
    name: 'Both Gerudo\'s Fortress area Skulltulas',
    goal: 
     { subtypes: [Object],
       jp: 'ゲルドの砦の黄金のスタルチュラ2匹',
       types: [Object],
       child: 'no',
       name: 'Both Gerudo\'s Fortress area Skulltulas' },
    synergy: 0 },
  { difficulty: 24,
    child: 'no',
    types: { spirit: 1 },
    subtypes: { hearts: 1 },
    name: 'Beat the Spirit Temple',
    goal: 
     { subtypes: [Object],
       jp: '魂の神殿クリア',
       types: [Object],
       child: 'no',
       name: 'Beat the Spirit Temple' },
    synergy: 0 },
  meta: { iterations: 1 } ]
