[ ,
  { difficulty: 15,
    child: 'no',
    types: { dmc: 1 },
    subtypes: { child2: 1, wallet: 1 },
    name: 'All 8 Death Mountain area Skulltulas',
    goal: 
     { subtypes: [Object],
       jp: 'デスマウンテンエリアの黄金のスタルチュラ8匹',
       types: [Object],
       child: 'no',
       name: 'All 8 Death Mountain area Skulltulas' },
    synergy: 0 },
  { difficulty: 17,
    child: 'no',
    types: { fortress: 1, strength: 1, quiver: 1 },
    subtypes: undefined,
    name: '8 different unused keys in Gerudo Training Grounds',
    goal: 
     { jp: 'ゲルドの修練場の未使用のカギ8つ',
       types: [Object],
       child: 'no',
       name: '8 different unused keys in Gerudo Training Grounds' },
    synergy: 0 },
  { difficulty: 24,
    child: 'no',
    types: { spirit: 1 },
    subtypes: { hearts: 1 },
    name: 'Beat the Spirit Temple',
    goal: 
     { subtypes: [Object],
       jp: '魂の神殿クリア',
       types: [Object],
       child: 'no',
       name: 'Beat the Spirit Temple' },
    synergy: 0 },
  { difficulty: 1,
    child: 'yes',
    types: { botw: 1 },
    subtypes: undefined,
    name: 'Lens of Truth',
    goal: 
     { jp: 'まことのメガネ\u001a',
       types: [Object],
       child: 'yes',
       name: 'Lens of Truth' },
    synergy: 0 },
  { difficulty: 8,
    child: 'yes',
    types: { ice: 1, boots: 1 },
    subtypes: { mapcompass: 1 },
    name: 'Iron Boots',
    goal: 
     { subtypes: [Object],
       jp: 'ヘビーブーツ\u001a',
       types: [Object],
       child: 'yes',
       name: 'Iron Boots' },
    synergy: 0 },
  { difficulty: 4,
    child: 'yes',
    types: { shadow: 1 },
    subtypes: { mapcompass: 1 },
    name: 'Map & Compass in Shadow Temple',
    goal: 
     { subtypes: [Object],
       jp: '闇の神殿のマップとコンパス',
       types: [Object],
       child: 'yes',
       name: 'Map & Compass in Shadow Temple' },
    synergy: 0 },
  { difficulty: 6,
    child: 'yes',
    types: { ganon: 1, deku: 1 },
    subtypes: undefined,
    name: 'Beat the Deku Tree',
    goal: 
     { jp: 'デクの樹様の中クリア',
       types: [Object],
       child: 'yes',
       name: 'Beat the Deku Tree' },
    synergy: 0 },
  { difficulty: 13,
    child: 'yes',
    types: { kd: 1, dc: 1 },
    subtypes: { hearts: 1, child2: 1 },
    name: 'Win Bombchu Bowling Prize',
    goal: 
     { subtypes: [Object],
       jp: 'ボムチュウボウリングの景品',
       types: [Object],
       child: 'yes',
       name: 'Win Bombchu Bowling Prize' },
    synergy: 0 },
  { difficulty: 20,
    child: 'no',
    types: { quiver: 1, forest: 1 },
    subtypes: { mapcompass: 1, bosskey: 1 },
    name: 'Defeat Meg (purple Poe)',
    goal: 
     { subtypes: [Object],
       jp: 'メグ撃破(紫のポウ)',
       types: [Object],
       child: 'no',
       name: 'Defeat Meg (purple Poe)' },
    synergy: 0 },
  { difficulty: 22,
    child: 'no',
    types: { zl: 1, lightarrow: 1, spirit: 1 },
    subtypes: { bosskey: 1 },
    name: 'Spirit Temple Boss Key',
    goal: 
     { subtypes: [Object],
       jp: '魂の神殿のボス部屋のカギ',
       types: [Object],
       child: 'no',
       name: 'Spirit Temple Boss Key' },
    synergy: 0 },
  { difficulty: 18,
    child: 'no',
    types: { spirit: 1 },
    subtypes: undefined,
    name: 'Defeat Nabooru-Knuckle',
    goal: 
     { jp: 'アイアンナック(ナボール)撃破',
       types: [Object],
       child: 'no',
       name: 'Defeat Nabooru-Knuckle' },
    synergy: 0 },
  { difficulty: 25,
    child: 'no',
    types: { mapcompass: 1 },
    subtypes: undefined,
    name: '7 Compasses',
    goal: 
     { jp: 'コンパス7つ',
       types: [Object],
       child: 'no',
       name: '7 Compasses' },
    synergy: 0 },
  { difficulty: 2,
    child: 'no',
    types: { swords: 1 },
    subtypes: { wallet: 1 },
    name: 'Giant\'s Knife',
    goal: 
     { subtypes: [Object],
       jp: '巨人のナイフ',
       types: [Object],
       child: 'no',
       name: 'Giant\'s Knife' },
    synergy: 0 },
  { difficulty: 9,
    child: 'yes',
    types: { dc: 1 },
    subtypes: { wallet: 1 },
    name: 'All 5 Skulltulas in Dodongo\'s Cavern',
    goal: 
     { subtypes: [Object],
       jp: 'ドドンゴの洞窟の黄金のスタルチュラ5匹',
       types: [Object],
       child: 'yes',
       name: 'All 5 Skulltulas in Dodongo\'s Cavern' },
    synergy: 0 },
  { difficulty: 11,
    child: 'no',
    types: { botw: 1 },
    subtypes: { wallet: 1 },
    name: 'All 8 Kakariko area Skulltulas',
    goal: 
     { subtypes: [Object],
       jp: 'カカリコ村エリアの黄金のスタルチュラ8匹',
       types: [Object],
       child: 'no',
       name: 'All 8 Kakariko area Skulltulas' },
    synergy: 0 },
  { difficulty: 7,
    child: 'no',
    types: { forest: 1 },
    subtypes: { wallet: 1 },
    name: 'All 4 Lost Woods area Skulltulas',
    goal: 
     { subtypes: [Object],
       jp: '迷いの森エリアの黄金のスタルチュラ4匹',
       types: [Object],
       child: 'no',
       name: 'All 4 Lost Woods area Skulltulas' },
    synergy: 0 },
  { difficulty: 14,
    child: 'no',
    types: { dmc: 1 },
    subtypes: { child2: 1, wallet: 1 },
    name: 'All 8 Death Mountain area Skulltulas',
    goal: 
     { subtypes: [Object],
       jp: 'デスマウンテンエリアの黄金のスタルチュラ8匹',
       types: [Object],
       child: 'no',
       name: 'All 8 Death Mountain area Skulltulas' },
    synergy: 0 },
  { difficulty: 16,
    child: 'yes',
    types: { claimcheck: 1, mapcompass: 1 },
    subtypes: undefined,
    name: '6 Maps',
    goal: { jp: 'マップ6つ', types: [Object], child: 'yes', name: '6 Maps' },
    synergy: 0 },
  { difficulty: 23,
    child: 'no',
    types: { spirit: 1 },
    subtypes: { hearts: 1 },
    name: 'Defeat Twinrova',
    goal: 
     { subtypes: [Object],
       jp: 'ツインローバ撃破',
       types: [Object],
       child: 'no',
       name: 'Defeat Twinrova' },
    synergy: 0 },
  { difficulty: 5,
    child: 'yes',
    types: { fortress: 1 },
    subtypes: undefined,
    name: '3 unused keys in Gerudo Training Grounds',
    goal: 
     { jp: 'ゲルドの修練場の未使用のカギ3つ',
       types: [Object],
       child: 'yes',
       name: '3 unused keys in Gerudo Training Grounds' },
    synergy: 0 },
  { difficulty: 21,
    child: 'yes',
    types: { zl: 1, fortress: 1, beans: 1, saria: 1 },
    subtypes: undefined,
    name: 'Spooky Mask',
    goal: 
     { jp: 'こわそなお面',
       types: [Object],
       child: 'yes',
       name: 'Spooky Mask' },
    synergy: 0 },
  { difficulty: 3,
    child: 'yes',
    types: { dc: 1 },
    subtypes: undefined,
    name: 'Defeat all Lizalfos in Dodongo\'s Cavern',
    goal: 
     { jp: 'ドドンゴの洞窟のリザルフォス全て撃破',
       types: [Object],
       child: 'yes',
       name: 'Defeat all Lizalfos in Dodongo\'s Cavern' },
    synergy: 0 },
  { difficulty: 10,
    child: 'yes',
    types: { jabu: 1, ice: 1 },
    subtypes: undefined,
    name: 'Defeat Big Octo',
    goal: 
     { jp: '大オクタ撃破',
       types: [Object],
       child: 'yes',
       name: 'Defeat Big Octo' },
    synergy: 0 },
  { difficulty: 12,
    child: 'yes',
    types: { strength: 1, deku: 1, ganon: 1 },
    subtypes: undefined,
    name: 'Golden Gauntlets',
    goal: 
     { jp: '金のグローブ',
       types: [Object],
       child: 'yes',
       name: 'Golden Gauntlets' },
    synergy: 0 },
  { difficulty: 19,
    child: 'no',
    types: { fire: 1, forest: 1 },
    subtypes: { pg: 1, mapcompass: 1, hearts: 1, bosskey: 1 },
    name: 'Beat the Fire Temple',
    goal: 
     { subtypes: [Object],
       jp: '炎の神殿クリア',
       types: [Object],
       child: 'no',
       name: 'Beat the Fire Temple' },
    synergy: 0 },
  meta: { iterations: 1 } ]
