[ ,
  { difficulty: 10,
    child: 'yes',
    types: { deku: 1 },
    subtypes: { wallet: 1 },
    name: 'All 4 Skulltulas in Deku Tree',
    synergy: 0 },
  { difficulty: 12,
    child: 'yes',
    types: { shadow: 1 },
    subtypes: { hearts: 1, bosskey: 1 },
    name: 'Beat the Shadow Temple',
    synergy: 0 },
  { difficulty: 19,
    child: 'no',
    types: { quiver: 1, forest: 1 },
    subtypes: { mapcompass: 1, bosskey: 1 },
    name: 'Defeat Meg (purple Poe)',
    synergy: 0 },
  { difficulty: 21,
    child: 'no',
    types: { water: 1, ice: 1 },
    subtypes: { mapcompass: 1, child2: 1, wallet: 1 },
    name: 'All 5 Lake Hylia Skulltulas',
    synergy: 0 },
  { difficulty: 3,
    child: 'yes',
    types: { fire: 1, dmc: 1 },
    subtypes: { hearts: 1 },
    name: 'Both heart pieces in Death Mountain Crater',
    synergy: 0 },
  { difficulty: 24,
    child: 'no',
    types: { zl: 1, shadow: 1 },
    subtypes: { wallet: 1, bosskey: 1 },
    name: 'All 5 Skulltulas in Shadow Temple',
    synergy: 0 },
  { difficulty: 1,
    child: 'yes',
    types: { nuts: 1 },
    subtypes: undefined,
    name: 'At least 30 Deku Nuts',
    synergy: 0 },
  { difficulty: 8,
    child: 'yes',
    types: { lonlon: 1 },
    subtypes: { songs: 1 },
    name: 'Epona\'s Song',
    synergy: 0 },
  { difficulty: 15,
    child: 'no',
    types: { quiver: 1, forest: 1 },
    subtypes: { mapcompass: 1, bosskey: 1 },
    name: 'Map & Compass in Forest Temple',
    synergy: 0 },
  { difficulty: 17,
    child: 'yes',
    types: { jabu: 1 },
    subtypes: { hearts: 1, child2: 1 },
    name: 'Beat Jabu-Jabu\'s Belly',
    synergy: 0 },
  { difficulty: 13,
    child: 'yes',
    types: { kd: 1, dc: 1 },
    subtypes: { hearts: 1, child2: 1 },
    name: 'Win Bombchu Bowling Prize',
    synergy: 0 },
  { difficulty: 20,
    child: 'no',
    types: { quiver: 1, forest: 1 },
    subtypes: { mapcompass: 1, bosskey: 1 },
    name: 'Defeat Meg (purple Poe)',
    synergy: 0 },
  { difficulty: 22,
    child: 'no',
    types: { zl: 1, lightarrow: 1, spirit: 1 },
    subtypes: { bosskey: 1 },
    name: 'Spirit Temple Boss Key',
    synergy: 0 },
  { difficulty: 4,
    child: 'no',
    types: { fire: 1 },
    subtypes: { bosskey: 1 },
    name: 'Fire Temple Boss Key',
    synergy: 0 },
  { difficulty: 6,
    child: 'no',
    types: { cow: 1 },
    subtypes: undefined,
    name: 'Cow in House',
    synergy: 0 },
  { difficulty: 2,
    child: 'no',
    types: { fire: 1, dmc: 1, tunics: 1 },
    subtypes: undefined,
    name: 'Goron Tunic',
    synergy: 0 },
  { difficulty: 9,
    child: 'yes',
    types: { dc: 1 },
    subtypes: { wallet: 1 },
    name: 'All 5 Skulltulas in Dodongo\'s Cavern',
    synergy: 0 },
  { difficulty: 11,
    child: 'no',
    types: { shadow: 1 },
    subtypes: { wallet: 1 },
    name: 'At least 4 Skulltulas in Shadow Temple',
    synergy: 0 },
  { difficulty: 18,
    child: 'yes',
    types: { hearts: 1 },
    subtypes: undefined,
    name: '8 Hearts',
    synergy: 0 },
  { difficulty: 25,
    child: 'no',
    types: { mapcompass: 1 },
    subtypes: undefined,
    name: '7 Compasses',
    synergy: 0 },
  { difficulty: 16,
    child: 'no',
    types: { jabu: 1, ice: 1 },
    subtypes: { wallet: 1 },
    name: 'All 8 Zora\'s Domain area Skulltulas',
    synergy: 0 },
  { difficulty: 23,
    child: 'no',
    types: { fire: 1, ganon: 1, lightarrow: 1 },
    subtypes: { pg: 1, mapcompass: 1, bosskey: 1 },
    name: 'Get to the end of Water Trial',
    synergy: 0 },
  { difficulty: 5,
    child: 'yes',
    types: { deku: 1, bulletbag: 1 },
    subtypes: undefined,
    name: 'Bullet Bag (40)',
    synergy: 0 },
  { difficulty: 7,
    child: 'yes',
    types: { zl: 1, songs: 1, atrade: 1 },
    subtypes: { child2: 1 },
    name: 'At least 4 songs',
    synergy: 0 },
  { difficulty: 14,
    child: 'no',
    types: { fortress: 1 },
    subtypes: { wallet: 1, child2: 1 },
    name: 'All 4 Gerudo Valley area Skulltulas',
    synergy: 0 } ]
