[ ,
  { difficulty: 15,
    child: 'no',
    types: { dmc: 1 },
    subtypes: { child2: 1, wallet: 1 },
    name: 'All 8 Death Mountain area Skulltulas',
    synergy: 0 },
  { difficulty: 17,
    child: 'yes',
    types: { spirit: 1 },
    subtypes: { wallet: 1 },
    name: 'All 5 Skulltulas in Spirit Temple',
    synergy: 0 },
  { difficulty: 4,
    child: 'no',
    types: { fire: 1 },
    subtypes: { bosskey: 1 },
    name: 'Fire Temple Boss Key',
    synergy: 0 },
  { difficulty: 21,
    child: 'no',
    types: { fortress: 1, beans: 1, quiver: 1 },
    subtypes: undefined,
    name: 'Quiver (50)',
    synergy: 0 },
  { difficulty: 8,
    child: 'yes',
    types: { water: 1 },
    subtypes: { mapcompass: 1 },
    name: 'Map & Compass in Water Temple',
    synergy: 0 },
  { difficulty: 24,
    child: 'no',
    types: { spirit: 1 },
    subtypes: { hearts: 1 },
    name: 'Beat the Spirit Temple',
    synergy: 0 },
  { difficulty: 6,
    child: 'yes',
    types: { ganon: 1, deku: 1 },
    subtypes: { bosskey: 1 },
    name: 'Ganon\'s Castle Boss Key',
    synergy: 0 },
  { difficulty: 13,
    child: 'no',
    types: { water: 1, ice: 1 },
    subtypes: undefined,
    name: 'Longshot',
    synergy: 0 },
  { difficulty: 20,
    child: 'no',
    types: { zl: 1, lightarrow: 1, atrade: 1 },
    subtypes: undefined,
    name: 'Light Arrows',
    synergy: 0 },
  { difficulty: 2,
    child: 'no',
    types: { forest: 1 },
    subtypes: { songs: 1 },
    name: 'Minuet of Forest',
    synergy: 0 },
  { difficulty: 18,
    child: 'yes',
    types: { zl: 1, ice: 1 },
    subtypes: undefined,
    name: 'Farore\'s Wind',
    synergy: 0 },
  { difficulty: 5,
    child: 'no',
    types: { forest: 1 },
    subtypes: { wallet: 1 },
    name: 'All 3 Kokiri Forest area Skulltulas',
    synergy: 0 },
  { difficulty: 22,
    child: 'no',
    types: { fortress: 1, beans: 1, quiver: 1 },
    subtypes: undefined,
    name: 'Quiver (50)',
    synergy: 0 },
  { difficulty: 9,
    child: 'yes',
    types: { water: 1 },
    subtypes: { hearts: 1 },
    name: 'Defeat Morpha',
    synergy: 0 },
  { difficulty: 11,
    child: 'yes',
    types: { lonlon: 1, jabu: 1 },
    subtypes: { wallet: 1 },
    name: 'All 4 Lon-Lon Ranch area Skulltulas',
    synergy: 0 },
  { difficulty: 7,
    child: 'yes',
    types: { bottle: 1 },
    subtypes: undefined,
    name: 'Fill all 4 Bottle Slots',
    synergy: 0 },
  { difficulty: 14,
    child: 'no',
    types: { fire: 1, ice: 1, tunics: 1, boots: 1 },
    subtypes: { mapcompass: 1 },
    name: '3 Tunics & 3 Boots',
    synergy: 0 },
  { difficulty: 16,
    child: 'no',
    types: { zl: 1, ganon: 1 },
    subtypes: undefined,
    name: 'Double Defense',
    synergy: 0 },
  { difficulty: 3,
    child: 'yes',
    types: { dc: 1 },
    subtypes: undefined,
    name: 'Defeat all Lizalfos in Dodongo\'s Cavern',
    synergy: 0 },
  { difficulty: 25,
    child: 'yes',
    types: { hearts: 1 },
    subtypes: undefined,
    name: '9 Hearts',
    synergy: 0 },
  { difficulty: 1,
    child: 'yes',
    types: { bombbag: 1 },
    subtypes: undefined,
    name: 'Bomb Bag (30)',
    synergy: 0 },
  { difficulty: 23,
    child: 'yes',
    types: { zl: 1 },
    subtypes: { hearts: 1, songs: 1, child2: 1 },
    name: 'Both heart pieces in Lost Woods',
    synergy: 0 },
  { difficulty: 10,
    child: 'yes',
    types: { deku: 1 },
    subtypes: { wallet: 1 },
    name: 'All 4 Skulltulas in Deku Tree',
    synergy: 0 },
  { difficulty: 12,
    child: 'no',
    types: { fire: 1, ganon: 1, strength: 1 },
    subtypes: { bosskey: 1 },
    name: 'Get to the end of Fire Trial',
    synergy: 0 },
  { difficulty: 19,
    child: 'no',
    types: { spirit: 1 },
    subtypes: undefined,
    name: 'Defeat Nabooru-Knuckle',
    synergy: 0 } ]
