[ ,
  { difficulty: 25,
    desiredTime: 18.75,
    types: 
     { childchu: 0,
       childreset: 1.25,
       childtrade: 2.75,
       czl: 7,
       saria: 5,
       selfsynergy: -1,
       strength: 100 },
    subtypes: { bombbag: 100, bulletbag: 100, wallet: 0.5 },
    rowtypes: { bottle: 100, hookshot: 0, ms: 100 },
    name: 'Green Gauntlets',
    time: 17.75,
    goal: 
     { difficulty: 25,
       id: 'green-gauntlets',
       jp: '緑のグローブ',
       name: 'Green Gauntlets',
       rowtypes: [Object],
       skill: '',
       subtypes: [Object],
       time: 17.75,
       types: [Object] },
    synergy: 1 },
  { difficulty: 12,
    desiredTime: 9,
    types: 
     { childchu: 0,
       dc: 2,
       deku: 3,
       fountain: 2,
       jabu: 3,
       selfsynergy: 0 },
    subtypes: { compass: 4, hovers: 1, map: 4, wallet: 2 },
    rowtypes: { bottle: 0, hookshot: 0.5, ms: 0 },
    name: 'At Least 1 Skulltula from each Child Dungeon',
    time: 9.75,
    goal: 
     { difficulty: 13,
       id: 'at-least-1-skulltula-from-each-child-dungeon',
       jp: '',
       name: 'At Least 1 Skulltula from each Child Dungeon',
       rowtypes: [Object],
       skill: '',
       subtypes: [Object],
       time: 9.75,
       types: [Object] },
    synergy: 6 },
  { difficulty: 9,
    desiredTime: 6.75,
    types: { fountain: 2, gtg: 1, jabu: 3, selfsynergy: 0 },
    subtypes: 
     { childchu: 1,
       childreset: 0.5,
       compass: 2,
       hearts: 1,
       wallet: 2.25 },
    rowtypes: { bottle: 0, hookshot: 0, ms: 0 },
    name: 'All 4 Skulltulas in Jabu-Jabu',
    time: 7,
    goal: 
     { difficulty: 9,
       id: 'all-4-skulltulas-in-jabu-jabu',
       jp: 'ジャブジャブ様のお腹の黄金のスタルチュラ4匹',
       name: 'All 4 Skulltulas in Jabu-Jabu',
       rowtypes: [Object],
       skill: '',
       subtypes: [Object],
       time: 7,
       types: [Object] },
    synergy: 4.5 },
  { difficulty: 1,
    desiredTime: 0.75,
    types: { selfsynergy: 0 },
    subtypes: undefined,
    rowtypes: { bottle: 1, hookshot: 0, ms: 1 },
    name: '20 Deku Sticks',
    time: 0.75,
    goal: 
     { difficulty: 1,
       id: '20-deku-sticks',
       jp: '',
       name: '20 Deku Sticks',
       rowtypes: [Object],
       skill: '',
       time: 0.75,
       types: [Object] },
    synergy: 0.25 },
  { difficulty: 18,
    desiredTime: 13.5,
    types: { dmc: 1, fire: 10, forest: 2, gtunic: 1.75, selfsynergy: 0 },
    subtypes: 
     { bosskey: 2,
       compass: 4,
       hearts: 2,
       hovers: 0.25,
       lightarrow: 3,
       map: 2,
       pg: 1,
       songs: 2.5,
       wallet: 0.25 },
    rowtypes: { bottle: 0.5, hookshot: 0.5, ms: 100 },
    name: 'Fire Medallion',
    time: 14,
    goal: 
     { difficulty: 18,
       id: 'fire-medallion',
       jp: '',
       name: 'Fire Medallion',
       rowtypes: [Object],
       skill: '',
       subtypes: [Object],
       time: 14,
       types: [Object] },
    synergy: 2 },
  { difficulty: 4,
    desiredTime: 3,
    types: { lonlon: 1.75, selfsynergy: 0 },
    subtypes: { hearts: 1 },
    rowtypes: { bottle: 0, hookshot: 0, ms: 0 },
    name: 'Lon Lon Ranch HP',
    time: 2.5,
    goal: 
     { difficulty: 3,
       id: 'lon-lon-ranch-hp',
       jp: '',
       name: 'Lon Lon Ranch HP',
       rowtypes: [Object],
       skill: '',
       subtypes: [Object],
       time: 2.5,
       types: [Object] },
    synergy: 3.75 },
  { difficulty: 16,
    desiredTime: 12,
    types: { fortress: 2.5, hovers: 3, selfsynergy: 0, spirit: 2.5 },
    subtypes: { bosskey: 3, bosskey2: 5, childchu: 1, compass: 1, map: 3 },
    rowtypes: { bottle: 0, hookshot: 100, ms: 6 },
    name: '3 Shields',
    time: 11.25,
    goal: 
     { difficulty: 15,
       id: '3-shields',
       jp: '',
       name: '3 Shields',
       rowtypes: [Object],
       skill: '',
       subtypes: [Object],
       time: 11.25,
       types: [Object] },
    synergy: 4.25 },
  { difficulty: 23,
    desiredTime: 17.25,
    types: 
     { bothzl: -4.25,
       czl: 3,
       dmc: 1,
       endon: -0.5,
       fire: 7,
       firearrow: 7.5,
       fortress: 2,
       hovers: 1.5,
       lightarrow: 10,
       magic: 2,
       poachers: 4.25,
       selfsynergy: 0 },
    subtypes: { bosskey: 1, childchu: -2, gtunic: 0.25, songs: 1 },
    rowtypes: { bottle: 100, hookshot: 100, ms: 6 },
    name: 'Get to the end of Forest Trial',
    time: 18,
    goal: 
     { difficulty: 24,
       id: 'get-to-the-end-of-forest-trial',
       jp: '',
       name: 'Get to the end of Forest Trial',
       rowtypes: [Object],
       skill: '',
       subtypes: [Object],
       time: 18,
       types: [Object] },
    synergy: 0 },
  { difficulty: 15,
    desiredTime: 11.25,
    types: { fountain: 2, ice: 1.5, irons: 2, selfsynergy: 0, water: 1 },
    subtypes: 
     { bottleslot: 2,
       child2: 3,
       compass: 4,
       hearts: 1.5,
       hovers: 0.5,
       map: 4,
       wallet: 3 },
    rowtypes: { bottle: 100, hookshot: 100, ms: 100 },
    name: 'All 5 Lake Hylia Skulltulas',
    time: 12,
    goal: 
     { difficulty: 16,
       id: 'all-5-lake-hylia-skulltulas',
       jp: 'ハイリア湖畔エリアの黄金のスタルチュラ5匹',
       name: 'All 5 Lake Hylia Skulltulas',
       rowtypes: [Object],
       skill: '',
       subtypes: [Object],
       time: 12,
       types: [Object] },
    synergy: 4.25 },
  { difficulty: 7,
    desiredTime: 5.25,
    types: { hovers: 3, selfsynergy: 0, shadow: 1 },
    subtypes: { bosskey2: 3, compass: 3, map: 3 },
    rowtypes: { bottle: 0, hookshot: 0.75, ms: 0.5 },
    name: 'Map & Compass in Shadow Temple',
    time: 5,
    goal: 
     { difficulty: 6,
       id: 'map-compass-in-shadow-temple',
       jp: '闇の神殿のマップとコンパス',
       name: 'Map & Compass in Shadow Temple',
       rowtypes: [Object],
       skill: '',
       subtypes: [Object],
       time: 5,
       types: [Object] },
    synergy: 7 },
  { difficulty: 13,
    desiredTime: 9.75,
    types: { childchu: 0, fountain: 2, jabu: 5, selfsynergy: 0 },
    subtypes: 
     { child2: 2,
       childreset: 1.25,
       compass: 4,
       hearts: 0.5,
       hovers: 0.5,
       map: 3,
       wallet: 0.5 },
    rowtypes: { bottle: 0, hookshot: 0, ms: 0 },
    name: 'Map & Compass in Jabu-Jabu',
    time: 9.75,
    goal: 
     { difficulty: 13,
       id: 'map-compass-in-jabu-jabu',
       jp: 'ジャブジャブ様のお腹のマップとコンパス',
       name: 'Map & Compass in Jabu-Jabu',
       rowtypes: [Object],
       skill: '',
       subtypes: [Object],
       time: 9.75,
       types: [Object] },
    synergy: 2.25 },
  { difficulty: 10,
    desiredTime: 7.5,
    types: { selfsynergy: 0, wallet: 5 },
    subtypes: { bulletbag: 100, childchu: -2 },
    rowtypes: { bottle: 100, hookshot: 2, ms: 100 },
    name: '500 Rupees',
    time: 8,
    goal: 
     { difficulty: 10,
       id: '500-rupees',
       jp: '500ルピー',
       name: '500 Rupees',
       rowtypes: [Object],
       skill: '',
       subtypes: [Object],
       time: 8,
       types: [Object] },
    synergy: 1.25 },
  { difficulty: 2,
    desiredTime: 1.5,
    types: { fountain: 1.5, selfsynergy: 0 },
    subtypes: { compass: 1.5, hearts: 0.5, map: 1.5, wallet: 0.25 },
    rowtypes: { bottle: 0, hookshot: 0, ms: 100 },
    name: 'Zora Tunic',
    time: 1.5,
    goal: 
     { difficulty: 2,
       id: 'zora-tunic',
       jp: 'ゾーラの服',
       name: 'Zora Tunic',
       rowtypes: [Object],
       skill: '',
       subtypes: [Object],
       time: 1.5,
       types: [Object] },
    synergy: 0.5 },
  { difficulty: 19,
    desiredTime: 14.25,
    types: 
     { bow: 1.5,
       endon: -0.5,
       fortress: 2.5,
       ganon: 3,
       gtg: 1,
       hovers: 3,
       selfsynergy: 0,
       spirit: 3 },
    subtypes: 
     { bosskey: 4.5,
       bosskey2: 5,
       childchu: 1,
       compass: 1,
       hearts: 0.5,
       map: 3,
       wallet: 1 },
    rowtypes: { bottle: 0, hookshot: 100, ms: 100 },
    name: 'Get to the end of Spirit Trial',
    time: 14.25,
    goal: 
     { difficulty: 19,
       id: 'get-to-the-end-of-spirit-trial',
       jp: '魂の結界の最後の部屋に到達',
       name: 'Get to the end of Spirit Trial',
       rowtypes: [Object],
       skill: '',
       subtypes: [Object],
       time: 14.25,
       types: [Object] },
    synergy: 4.25 },
  { difficulty: 21,
    desiredTime: 15.75,
    types: 
     { childchu: 0,
       childreset: 1.25,
       childtrade: 2.75,
       czl: 7,
       saria: 5,
       selfsynergy: 0,
       strength: 100 },
    subtypes: { bombbag: 100, child2: 2.5, wallet: 0.25 },
    rowtypes: { bottle: 100, hookshot: 0, ms: 0 },
    name: 'Goron Bracelet',
    time: 16,
    goal: 
     { difficulty: 21,
       id: 'goron-bracelet',
       jp: 'ゴロンの腕輪',
       name: 'Goron Bracelet',
       rowtypes: [Object],
       skill: '',
       subtypes: [Object],
       time: 16,
       types: [Object] },
    synergy: 5.75 },
  { difficulty: 17,
    desiredTime: 12.75,
    types: { beans: 10, childreset: 0.5, selfsynergy: 0 },
    subtypes: { child2: 3, gerudo: 6, wallet: 0.5 },
    rowtypes: { bottle: 0, hookshot: 0, ms: 0 },
    name: 'At least 9 Magic Beans',
    time: 13.25,
    goal: 
     { difficulty: 17,
       id: 'at-least-9-magic-beans',
       jp: '魔法のマメ9つ以上',
       name: 'At least 9 Magic Beans',
       rowtypes: [Object],
       skill: '',
       subtypes: [Object],
       time: 13.25,
       types: [Object] },
    synergy: 0 },
  { difficulty: 24,
    desiredTime: 18,
    types: { childtrade: 1, hearts: 18, saria: 1, selfsynergy: -1 },
    subtypes: undefined,
    rowtypes: { bottle: 0, hookshot: 1, ms: 6 },
    name: '8 Hearts',
    time: 17,
    goal: 
     { difficulty: 22,
       id: '8-hearts',
       jp: 'ハート8つ',
       name: '8 Hearts',
       rowtypes: [Object],
       skill: '',
       time: 17,
       types: [Object] },
    synergy: 1 },
  { difficulty: 11,
    desiredTime: 8.25,
    types: 
     { childchu: 0,
       endon: -0.5,
       ganon: 3,
       selfsynergy: 0,
       strength: 100 },
    subtypes: { bombbag: 100, bulletbag: 100, hovers: 1.5, wallet: 0.5 },
    rowtypes: { bottle: 100, hookshot: 2.5, ms: 100 },
    name: 'Bronze Gauntlets',
    time: 7.75,
    goal: 
     { difficulty: 10,
       id: 'bronze-gauntlets',
       jp: '銅のグローブ',
       name: 'Bronze Gauntlets',
       rowtypes: [Object],
       skill: '',
       subtypes: [Object],
       time: 7.75,
       types: [Object] },
    synergy: 0.5 },
  { difficulty: 8,
    desiredTime: 6,
    types: { forest: 3, selfsynergy: 0 },
    subtypes: 
     { bosskey2: 3,
       compass: 2,
       hearts: 1,
       map: 3,
       songs: 1.75,
       wallet: 1.5 },
    rowtypes: { bottle: 0.5, hookshot: 100, ms: 4 },
    name: '4 Unused Keys in Forest Temple',
    time: 6.5,
    goal: 
     { difficulty: 8,
       id: '4-unused-keys-in-forest-temple',
       jp: '',
       name: '4 Unused Keys in Forest Temple',
       rowtypes: [Object],
       skill: '',
       subtypes: [Object],
       time: 6.5,
       types: [Object] },
    synergy: 3 },
  { difficulty: 5,
    desiredTime: 3.75,
    types: { beans: -1, childchu: 0, dmc: 2, selfsynergy: 0 },
    subtypes: { child2: 5, childreset: 1.25, wallet: 0.5 },
    rowtypes: { bottle: 0, hookshot: 0, ms: 0 },
    name: 'Plant bean in Death Mountain Crater',
    time: 4.25,
    goal: 
     { difficulty: 5,
       id: 'plant-bean-in-death-mountain-crater',
       jp: 'デスマウンテン火口の土にマメを植える',
       name: 'Plant bean in Death Mountain Crater',
       rowtypes: [Object],
       skill: '',
       subtypes: [Object],
       time: 4.25,
       types: [Object] },
    synergy: 0.75 },
  { difficulty: 6,
    desiredTime: 4.5,
    types: { poachers: 4.25, selfsynergy: 0 },
    subtypes: { childchu: -2, hearts: 0.5 },
    rowtypes: { bottle: 100, hookshot: 0.5, ms: 5 },
    name: 'Blue Potion',
    time: 4.5,
    goal: 
     { difficulty: 6,
       id: 'blue-potion',
       jp: '青いクスリ',
       name: 'Blue Potion',
       rowtypes: [Object],
       skill: '',
       subtypes: [Object],
       time: 4.5,
       types: [Object] },
    synergy: 4.75 },
  { difficulty: 3,
    desiredTime: 2.25,
    types: { dmc: 0.75, selfsynergy: 0 },
    subtypes: { bosskey: 1.5, gtunic: 0.25, songs: 1.25 },
    rowtypes: { bottle: 0, hookshot: 0.25, ms: 100 },
    name: 'Bolero of Fire',
    time: 1.25,
    goal: 
     { difficulty: 1,
       id: 'bolero-of-fire',
       jp: '炎のボレロ',
       name: 'Bolero of Fire',
       rowtypes: [Object],
       skill: '',
       subtypes: [Object],
       time: 1.25,
       types: [Object] },
    synergy: 1.75 },
  { difficulty: 20,
    desiredTime: 15,
    types: { bow: 1.5, fortress: 2.5, hovers: 3, selfsynergy: 0, spirit: 6 },
    subtypes: 
     { bosskey: 2,
       bosskey2: 5,
       compass: 2.5,
       hearts: 0.5,
       map: 3,
       songs: 1,
       wallet: 2.5 },
    rowtypes: { bottle: 0, hookshot: 100, ms: 4 },
    name: 'All 5 Skulltulas in Spirit Temple',
    time: 14,
    goal: 
     { difficulty: 18,
       id: 'all-5-skulltulas-in-spirit-temple',
       jp: '魂の神殿の黄金のスタルチュラ5匹',
       name: 'All 5 Skulltulas in Spirit Temple',
       rowtypes: [Object],
       skill: '',
       subtypes: [Object],
       time: 14,
       types: [Object] },
    synergy: 7.75 },
  { difficulty: 22,
    desiredTime: 16.5,
    types: 
     { dmc: 1,
       endon: -0.5,
       fire: 7,
       ganon: 3,
       gtunic: 1,
       hovers: 1.5,
       lightarrow: 10,
       selfsynergy: 0 },
    subtypes: 
     { bosskey: 4.5,
       compass: 4,
       hearts: 2,
       map: 2,
       pg: 2,
       poachers: 3,
       quiver: 3,
       songs: 1.25,
       wallet: 0.5 },
    rowtypes: { bottle: 0.5, hookshot: 1, ms: 100 },
    name: 'Get to the end of Shadow Trial',
    time: 15.5,
    goal: 
     { difficulty: 21,
       id: 'get-to-the-end-of-shadow-trial',
       jp: '闇の結界の最後の部屋に到達',
       name: 'Get to the end of Shadow Trial',
       rowtypes: [Object],
       skill: '',
       subtypes: [Object],
       time: 15.5,
       types: [Object] },
    synergy: 5.25 },
  { difficulty: 14,
    desiredTime: 10.5,
    types: { childchu: 0, fountain: 2, jabu: 5, selfsynergy: 0 },
    subtypes: 
     { child2: 2,
       childreset: 1.25,
       compass: 4,
       hearts: 0.5,
       hovers: 0.5,
       map: 3,
       wallet: 0.5 },
    rowtypes: { bottle: 0, hookshot: 0, ms: 0 },
    name: 'Map & Compass in Jabu-Jabu',
    time: 9.75,
    goal: 
     { difficulty: 13,
       id: 'map-compass-in-jabu-jabu',
       jp: 'ジャブジャブ様のお腹のマップとコンパス',
       name: 'Map & Compass in Jabu-Jabu',
       rowtypes: [Object],
       skill: '',
       subtypes: [Object],
       time: 9.75,
       types: [Object] },
    synergy: 3.5 },
  meta: { iterations: 1 } ]
