[ ,
  { difficulty: 10,
    desiredTime: 7.5,
    types: { childchu: 0, jabu: 2, lonlon: 1.75, selfsynergy: 0 },
    subtypes: { wallet: 2.5 },
    rowtypes: { bottle: 0, hookshot: 0, ms: 0 },
    name: 'All 4 Lon-Lon Ranch area Skulltulas',
    time: 7.25,
    goal: 
     { difficulty: 9,
       id: 'all-4-lon-lon-ranch-area-skulltulas',
       jp: 'ロンロン牧場エリアの黄金のスタルチュラ4匹',
       name: 'All 4 Lon-Lon Ranch area Skulltulas',
       rowtypes: [Object],
       skill: '',
       subtypes: [Object],
       time: 7.25,
       types: [Object] },
    synergy: 5.75 },
  { difficulty: 12,
    desiredTime: 9,
    types: 
     { endon: -0.5,
       fountain: 2,
       hovers: 3,
       ice: 1.5,
       irons: 2,
       selfsynergy: 0 },
    subtypes: { compass: 3, hearts: 1.5, map: 3, wallet: 1 },
    rowtypes: { bottle: 0, hookshot: 0.5, ms: 1.5 },
    name: '3 Boots',
    time: 8.25,
    goal: 
     { difficulty: 11,
       id: '3-boots',
       jp: '靴3種類',
       name: '3 Boots',
       rowtypes: [Object],
       skill: '',
       subtypes: [Object],
       time: 8.25,
       types: [Object] },
    synergy: 6 },
  { difficulty: 19,
    desiredTime: 14.25,
    types: { childchu: 1, hovers: 3, map: 15, selfsynergy: -3 },
    subtypes: 
     { bosskey2: 2,
       claimcheck: 3,
       compass: 15,
       hearts: 1.5,
       poachers: 0.5,
       songs: 1.5 },
    rowtypes: { bottle: 0, hookshot: 0.5, ms: 2.5 },
    name: '6 Maps',
    time: 13.25,
    goal: 
     { difficulty: 17,
       id: '6-maps',
       jp: 'マップ6つ',
       name: '6 Maps',
       rowtypes: [Object],
       skill: '',
       subtypes: [Object],
       time: 13.25,
       types: [Object] },
    synergy: 3.75 },
  { difficulty: 1,
    desiredTime: 0.75,
    types: { bombbag: 100, selfsynergy: 0 },
    subtypes: { bow: -1, childchu: -2 },
    rowtypes: { bottle: 100, hookshot: 0, ms: 3 },
    name: 'Bomb Bag (30)',
    time: 0.75,
    goal: 
     { difficulty: 1,
       id: 'bomb-bag-30-',
       jp: 'ボム袋(30)',
       name: 'Bomb Bag (30)',
       rowtypes: [Object],
       skill: '',
       subtypes: [Object],
       time: 0.75,
       types: [Object] },
    synergy: 5 },
  { difficulty: 23,
    desiredTime: 17.25,
    types: 
     { bothzl: -4.25,
       czl: 3,
       dmc: 1,
       endon: -0.5,
       fire: 7,
       firearrow: 7.5,
       fortress: 2,
       hovers: 1.5,
       lightarrow: 10,
       magic: 2,
       poachers: 4.25,
       selfsynergy: 0 },
    subtypes: { bosskey: 1, childchu: -2, gtunic: 0.25, songs: 1 },
    rowtypes: { bottle: 100, hookshot: 100, ms: 6 },
    name: 'Get to the end of Forest Trial',
    time: 18,
    goal: 
     { difficulty: 24,
       id: 'get-to-the-end-of-forest-trial',
       jp: '',
       name: 'Get to the end of Forest Trial',
       rowtypes: [Object],
       skill: '',
       subtypes: [Object],
       time: 18,
       types: [Object] },
    synergy: 0 },
  { difficulty: 4,
    desiredTime: 3,
    types: { dmc: 2, selfsynergy: 0 },
    subtypes: { bosskey: 1, hearts: 1.5, hovers: 0.25, songs: 1.5 },
    rowtypes: { bottle: 0, hookshot: 0, ms: 1 },
    name: 'Both heart pieces in Death Mountain Crater',
    time: 2,
    goal: 
     { difficulty: 2,
       id: 'both-heart-pieces-in-death-mountain-crater',
       jp: 'デスマウンテン火口のハートのかけら２つ',
       name: 'Both heart pieces in Death Mountain Crater',
       rowtypes: [Object],
       skill: '',
       subtypes: [Object],
       time: 2,
       types: [Object] },
    synergy: 3.75 },
  { difficulty: 21,
    desiredTime: 15.75,
    types: { childchu: 0, hovers: 3, map: 20, selfsynergy: -3 },
    subtypes: 
     { bosskey2: 2,
       claimcheck: 6,
       compass: 20,
       hearts: 2,
       poachers: 1.25,
       songs: 1.5 },
    rowtypes: { bottle: 0.5, hookshot: 1, ms: 4 },
    name: '7 Maps',
    time: 15.5,
    goal: 
     { difficulty: 20,
       id: '7-maps',
       jp: 'マップ7つ',
       name: '7 Maps',
       rowtypes: [Object],
       skill: '',
       subtypes: [Object],
       time: 15.5,
       types: [Object] },
    synergy: 5.5 },
  { difficulty: 8,
    desiredTime: 6,
    types: { fountain: 2, gtg: 1, jabu: 3, selfsynergy: 0 },
    subtypes: 
     { childchu: 1,
       childreset: 0.5,
       compass: 2,
       hearts: 1,
       wallet: 2.25 },
    rowtypes: { bottle: 0, hookshot: 0, ms: 0 },
    name: 'All 4 Skulltulas in Jabu-Jabu',
    time: 7,
    goal: 
     { difficulty: 9,
       id: 'all-4-skulltulas-in-jabu-jabu',
       jp: 'ジャブジャブ様のお腹の黄金のスタルチュラ4匹',
       name: 'All 4 Skulltulas in Jabu-Jabu',
       rowtypes: [Object],
       skill: '',
       subtypes: [Object],
       time: 7,
       types: [Object] },
    synergy: 5.75 },
  { difficulty: 15,
    desiredTime: 11.25,
    types: { bow: 1.5, forest: 3, hovers: 2, quiver: 3, selfsynergy: 0 },
    subtypes: 
     { bosskey: 2,
       bosskey2: 6,
       compass: 4,
       hearts: 1,
       map: 3,
       songs: 1.75,
       wallet: 1 },
    rowtypes: { bottle: 0.5, hookshot: 100, ms: 100 },
    name: 'Map & Compass in Forest Temple',
    time: 11,
    goal: 
     { difficulty: 14,
       id: 'map-compass-in-forest-temple',
       jp: '森の神殿のマップとコンパス',
       name: 'Map & Compass in Forest Temple',
       rowtypes: [Object],
       skill: '',
       subtypes: [Object],
       time: 11,
       types: [Object] },
    synergy: 5 },
  { difficulty: 17,
    desiredTime: 12.75,
    types: { childchu: 0, fortress: 2.5, selfsynergy: 0, spirit: 2.5 },
    subtypes: 
     { bosskey: 2,
       bosskey2: 4,
       child2: 5,
       childreset: 1.25,
       hovers: 0.5,
       map: 1.5,
       songs: 3,
       wallet: 2.25 },
    rowtypes: { bottle: 100, hookshot: 100, ms: 100 },
    name: 'All 4 Wasteland/ Colossus area Skulltulas',
    time: 11.75,
    goal: 
     { difficulty: 17,
       id: 'all-4-wasteland-colossus-area-skulltulas',
       jp: '幻影の砂漠・巨大邪神像エリアの黄金のスタルチュラ4匹',
       name: 'All 4 Wasteland/ Colossus area Skulltulas',
       rowtypes: [Object],
       skill: '',
       subtypes: [Object],
       time: 11.75,
       types: [Object] },
    synergy: 7 },
  { difficulty: 13,
    desiredTime: 9.75,
    types: { fortress: 2.5, gtg: 1, hovers: 3, selfsynergy: 0, spirit: 3 },
    subtypes: 
     { bosskey: 3,
       bosskey2: 5,
       childchu: 1,
       compass: 1,
       hearts: 0.5,
       map: 3,
       songs: 1,
       wallet: 0.75 },
    rowtypes: { bottle: 0, hookshot: 100, ms: 6 },
    name: 'Mirror Shield',
    time: 10.75,
    goal: 
     { difficulty: 14,
       id: 'mirror-shield',
       jp: 'ミラーシールド',
       name: 'Mirror Shield',
       rowtypes: [Object],
       skill: '',
       subtypes: [Object],
       time: 10.75,
       types: [Object] },
    synergy: 3.75 },
  { difficulty: 20,
    desiredTime: 15,
    types: 
     { beans: 10,
       bombbag: 100,
       fortress: 3,
       gerudo: 7,
       quiver: 1,
       selfsynergy: 0 },
    subtypes: { bosskey: 2.5, childchu: -2, hearts: 0.5, map: 2, wallet: 0.25 },
    rowtypes: { bottle: 100, hookshot: 0, ms: 100 },
    name: 'Quiver (50)',
    time: 14.5,
    goal: 
     { difficulty: 19,
       id: 'quiver-50-',
       jp: '矢立て(50)',
       name: 'Quiver (50)',
       rowtypes: [Object],
       skill: '',
       subtypes: [Object],
       time: 14.5,
       types: [Object] },
    synergy: 6.5 },
  { difficulty: 2,
    desiredTime: 1.5,
    types: { selfsynergy: 0 },
    subtypes: undefined,
    rowtypes: { bottle: 1, hookshot: 0, ms: 1 },
    name: '20 Deku Sticks',
    time: 0.75,
    goal: 
     { difficulty: 1,
       id: '20-deku-sticks',
       jp: '',
       name: '20 Deku Sticks',
       rowtypes: [Object],
       skill: '',
       time: 0.75,
       types: [Object] },
    synergy: 1.5 },
  { difficulty: 24,
    desiredTime: 18,
    types: { childtrade: 1, hearts: 18, saria: 1, selfsynergy: -1 },
    subtypes: undefined,
    rowtypes: { bottle: 0, hookshot: 1, ms: 6 },
    name: '8 Hearts',
    time: 17,
    goal: 
     { difficulty: 22,
       id: '8-hearts',
       jp: 'ハート8つ',
       name: '8 Hearts',
       rowtypes: [Object],
       skill: '',
       time: 17,
       types: [Object] },
    synergy: 1 },
  { difficulty: 6,
    desiredTime: 4.5,
    types: { endon: -0.5, ganon: 3, selfsynergy: 0 },
    subtypes: { bosskey: 4.25, childtrade: 1.5, wallet: 0.25 },
    rowtypes: { bottle: 100, hookshot: 0, ms: 0 },
    name: 'Ganon\'s Castle Boss Key',
    time: 4.25,
    goal: 
     { difficulty: 5,
       id: 'ganon-s-castle-boss-key',
       jp: 'ガノン城のボス部屋のカギ',
       name: 'Ganon\'s Castle Boss Key',
       rowtypes: [Object],
       skill: '',
       subtypes: [Object],
       time: 4.25,
       types: [Object] },
    synergy: 6 },
  { difficulty: 22,
    desiredTime: 16.5,
    types: 
     { childchu: 0,
       childreset: 1.25,
       childtrade: 2.75,
       czl: 7,
       saria: 3,
       selfsynergy: -1 },
    subtypes: { child2: 2.5, hearts: 1.5, wallet: 0.25 },
    rowtypes: { bottle: 100, hookshot: 0, ms: 0 },
    name: 'Both heart pieces in Lost Woods',
    time: 17,
    goal: 
     { difficulty: 22,
       id: 'both-heart-pieces-in-lost-woods',
       jp: '迷いの森のハートのかけら２つ',
       name: 'Both heart pieces in Lost Woods',
       rowtypes: [Object],
       skill: '',
       subtypes: [Object],
       time: 17,
       types: [Object] },
    synergy: 0.25 },
  { difficulty: 9,
    desiredTime: 6.75,
    types: { dc: 2.5, longshot: 4, selfsynergy: 0, water: 3 },
    subtypes: 
     { compass: 1.5,
       hovers: 0.5,
       map: 1.5,
       poachers: 1.25,
       wallet: 0.25 },
    rowtypes: { bottle: 100, hookshot: 100, ms: 10 },
    name: 'Defeat Dark Link',
    time: 6.75,
    goal: 
     { difficulty: 9,
       id: 'defeat-dark-link',
       jp: 'ダークリンク撃破',
       name: 'Defeat Dark Link',
       rowtypes: [Object],
       skill: '',
       subtypes: [Object],
       time: 6.75,
       types: [Object] },
    synergy: 5 },
  { difficulty: 11,
    desiredTime: 8.25,
    types: { childchu: 0, dmc: 2, selfsynergy: 0 },
    subtypes: { child2: 3, childtrade: 1, wallet: 4 },
    rowtypes: { bottle: 100, hookshot: 0.25, ms: 100 },
    name: 'All 8 Death Mountain area Skulltulas',
    time: 8.25,
    goal: 
     { difficulty: 11,
       id: 'all-8-death-mountain-area-skulltulas',
       jp: 'デスマウンテンエリアの黄金のスタルチュラ8匹',
       name: 'All 8 Death Mountain area Skulltulas',
       rowtypes: [Object],
       skill: '',
       subtypes: [Object],
       time: 8.25,
       types: [Object] },
    synergy: 2.25 },
  { difficulty: 18,
    desiredTime: 13.5,
    types: { dmc: 1, fire: 10, forest: 2, gtunic: 1.75, selfsynergy: 0 },
    subtypes: 
     { bosskey: 2,
       compass: 4,
       hearts: 2,
       hovers: 0.25,
       lightarrow: 3,
       map: 2,
       pg: 1,
       songs: 2.5,
       wallet: 0.25 },
    rowtypes: { bottle: 0.5, hookshot: 0.5, ms: 100 },
    name: 'Fire Medallion',
    time: 14,
    goal: 
     { difficulty: 18,
       id: 'fire-medallion',
       jp: '',
       name: 'Fire Medallion',
       rowtypes: [Object],
       skill: '',
       subtypes: [Object],
       time: 14,
       types: [Object] },
    synergy: 1.5 },
  { difficulty: 5,
    desiredTime: 3.75,
    types: { dc: 3, endon: -0.5, kd: 2, selfsynergy: 0 },
    subtypes: { compass: 2, hearts: 3, map: 2, wallet: 0.5 },
    rowtypes: { bottle: 0.5, hookshot: 0, ms: 1 },
    name: 'Defeat King Dodongo',
    time: 4,
    goal: 
     { difficulty: 5,
       id: 'defeat-king-dodongo',
       jp: 'キングドドンゴ撃破',
       name: 'Defeat King Dodongo',
       rowtypes: [Object],
       skill: '',
       subtypes: [Object],
       time: 4,
       types: [Object] },
    synergy: 6.25 },
  { difficulty: 16,
    desiredTime: 12,
    types: { fountain: 2, ice: 1.5, irons: 2, selfsynergy: 0, water: 1 },
    subtypes: 
     { bottleslot: 2,
       child2: 3,
       compass: 4,
       hearts: 1.5,
       hovers: 0.5,
       map: 4,
       wallet: 3 },
    rowtypes: { bottle: 100, hookshot: 100, ms: 100 },
    name: 'All 5 Lake Hylia Skulltulas',
    time: 12,
    goal: 
     { difficulty: 16,
       id: 'all-5-lake-hylia-skulltulas',
       jp: 'ハイリア湖畔エリアの黄金のスタルチュラ5匹',
       name: 'All 5 Lake Hylia Skulltulas',
       rowtypes: [Object],
       skill: '',
       subtypes: [Object],
       time: 12,
       types: [Object] },
    synergy: 4.5 },
  { difficulty: 3,
    desiredTime: 2.25,
    types: { gtunic: 1.75, selfsynergy: 0 },
    subtypes: { bosskey: 0.5, songs: 0.25 },
    rowtypes: { bottle: 0, hookshot: 0, ms: 100 },
    name: 'Goron Tunic',
    time: 1.75,
    goal: 
     { difficulty: 2,
       id: 'goron-tunic',
       jp: 'ゴロンの服',
       name: 'Goron Tunic',
       rowtypes: [Object],
       skill: '',
       subtypes: [Object],
       time: 1.75,
       types: [Object] },
    synergy: 7 },
  { difficulty: 25,
    desiredTime: 18.75,
    types: 
     { bothzl: -4.25,
       czl: 3,
       dmc: 1,
       endon: -0.5,
       fire: 7,
       firearrow: 7.5,
       fortress: 2,
       hovers: 1.5,
       lightarrow: 10,
       magic: 2,
       poachers: 4.25,
       selfsynergy: 0 },
    subtypes: { bosskey: 1, childchu: -2, gtunic: 0.25, songs: 1 },
    rowtypes: { bottle: 100, hookshot: 100, ms: 6 },
    name: 'Get to the end of Forest Trial',
    time: 18,
    goal: 
     { difficulty: 24,
       id: 'get-to-the-end-of-forest-trial',
       jp: '',
       name: 'Get to the end of Forest Trial',
       rowtypes: [Object],
       skill: '',
       subtypes: [Object],
       time: 18,
       types: [Object] },
    synergy: 0.75 },
  { difficulty: 7,
    desiredTime: 5.25,
    types: { childreset: 1.25, forest: 0.25, selfsynergy: 0 },
    subtypes: { child2: 1, wallet: 1.5 },
    rowtypes: { bottle: 100, hookshot: 0.5, ms: 100 },
    name: 'All 3 Kokiri Forest area Skulltulas',
    time: 4.5,
    goal: 
     { difficulty: 6,
       id: 'all-3-kokiri-forest-area-skulltulas',
       jp: 'コキリの森エリアの黄金のスタルチュラ３匹',
       name: 'All 3 Kokiri Forest area Skulltulas',
       rowtypes: [Object],
       skill: '',
       subtypes: [Object],
       time: 4.5,
       types: [Object] },
    synergy: 6 },
  { difficulty: 14,
    desiredTime: 10.5,
    types: { fortress: 2.5, gtg: 1, hovers: 3, selfsynergy: 0, spirit: 3 },
    subtypes: 
     { bosskey: 3,
       bosskey2: 5,
       childchu: 1,
       compass: 1,
       hearts: 0.5,
       map: 3,
       songs: 1,
       wallet: 0.75 },
    rowtypes: { bottle: 0, hookshot: 100, ms: 6 },
    name: 'Mirror Shield',
    time: 10.75,
    goal: 
     { difficulty: 14,
       id: 'mirror-shield',
       jp: 'ミラーシールド',
       name: 'Mirror Shield',
       rowtypes: [Object],
       skill: '',
       subtypes: [Object],
       time: 10.75,
       types: [Object] },
    synergy: 4 },
  meta: { iterations: 1 } ]
