[ ,
  { difficulty: 25,
    child: 'no',
    types: { zl: 1, strength: 1, saria: 1, bulletbag: 1, atrade: 1 },
    subtypes: { wallet: 1 },
    name: 'Green Gauntlets',
    goal: 
     { subtypes: [Object],
       jp: '緑のグローブ\u001a',
       types: [Object],
       child: 'no',
       name: 'Green Gauntlets' },
    synergy: 0 },
  { difficulty: 2,
    child: 'no',
    types: { swords: 1 },
    subtypes: { wallet: 1 },
    name: 'Giant\'s Knife',
    goal: 
     { subtypes: [Object],
       jp: '巨人のナイフ',
       types: [Object],
       child: 'no',
       name: 'Giant\'s Knife' },
    synergy: 0 },
  { difficulty: 9,
    child: 'yes',
    types: { water: 1 },
    subtypes: { hearts: 1 },
    name: 'Defeat Morpha',
    goal: 
     { subtypes: [Object],
       jp: 'モーファ撃破',
       types: [Object],
       child: 'yes',
       name: 'Defeat Morpha' },
    synergy: 0 },
  { difficulty: 16,
    child: 'yes',
    types: { jabu: 1 },
    subtypes: { hearts: 1 },
    name: 'Defeat Barinade',
    goal: 
     { subtypes: [Object],
       jp: 'バリネード撃破',
       types: [Object],
       child: 'yes',
       name: 'Defeat Barinade' },
    synergy: 0 },
  { difficulty: 13,
    child: 'yes',
    types: { kd: 1, dc: 1 },
    subtypes: { hearts: 1, child2: 1 },
    name: 'Win Bombchu Bowling Prize',
    goal: 
     { subtypes: [Object],
       jp: 'ボムチュウボウリングの景品',
       types: [Object],
       child: 'yes',
       name: 'Win Bombchu Bowling Prize' },
    synergy: 0 },
  { difficulty: 19,
    child: 'no',
    types: { spirit: 1 },
    subtypes: undefined,
    name: 'Defeat Nabooru-Knuckle',
    goal: 
     { jp: 'アイアンナック(ナボール)撃破',
       types: [Object],
       child: 'no',
       name: 'Defeat Nabooru-Knuckle' },
    synergy: 0 },
  { difficulty: 11,
    child: 'yes',
    types: { shadow: 1 },
    subtypes: { hearts: 1, bosskey: 1 },
    name: 'Defeat Bongo-Bongo',
    goal: 
     { subtypes: [Object],
       jp: 'ボンゴボンゴ撃破',
       types: [Object],
       child: 'yes',
       name: 'Defeat Bongo-Bongo' },
    synergy: 0 },
  { difficulty: 23,
    child: 'no',
    types: { fire: 1, ganon: 1, lightarrow: 1 },
    subtypes: { pg: 1, mapcompass: 1, bosskey: 1 },
    name: 'Get to the end of Water Trial',
    goal: 
     { subtypes: [Object],
       jp: '水の結界の最後の部屋に到達\u001a',
       types: [Object],
       child: 'no',
       name: 'Get to the end of Water Trial' },
    synergy: 0 },
  { difficulty: 5,
    child: 'yes',
    types: { deku: 1, bulletbag: 1 },
    subtypes: undefined,
    name: 'Bullet Bag (40)',
    goal: 
     { jp: 'デクのタネ袋(40)',
       types: [Object],
       child: 'yes',
       name: 'Bullet Bag (40)' },
    synergy: 0 },
  { difficulty: 7,
    child: 'yes',
    types: { bottle: 1 },
    subtypes: undefined,
    name: 'Fill all 4 Bottle Slots',
    goal: 
     { jp: '4つの空きビンスロットを全て埋める\u001a',
       types: [Object],
       child: 'yes',
       name: 'Fill all 4 Bottle Slots' },
    synergy: 0 },
  { difficulty: 3,
    child: 'yes',
    types: { dc: 1 },
    subtypes: undefined,
    name: 'Defeat all Lizalfos in Dodongo\'s Cavern',
    goal: 
     { jp: 'ドドンゴの洞窟のリザルフォス全て撃破',
       types: [Object],
       child: 'yes',
       name: 'Defeat all Lizalfos in Dodongo\'s Cavern' },
    synergy: 0 },
  { difficulty: 10,
    child: 'yes',
    types: { water: 1 },
    subtypes: { hearts: 1 },
    name: 'Beat the Water Temple',
    goal: 
     { subtypes: [Object],
       jp: '水の神殿クリア',
       types: [Object],
       child: 'yes',
       name: 'Beat the Water Temple' },
    synergy: 0 },
  { difficulty: 17,
    child: 'yes',
    types: { spirit: 1 },
    subtypes: { wallet: 1 },
    name: 'All 5 Skulltulas in Spirit Temple',
    goal: 
     { subtypes: [Object],
       jp: '魂の神殿の黄金のスタルチュラ5匹',
       types: [Object],
       child: 'yes',
       name: 'All 5 Skulltulas in Spirit Temple' },
    synergy: 0 },
  { difficulty: 14,
    child: 'no',
    types: { claimcheck: 1, quiver: 1, forest: 1 },
    subtypes: { mapcompass: 1, bosskey: 1 },
    name: 'Forest Temple Boss Key',
    goal: 
     { subtypes: [Object],
       jp: '森の神殿のボス部屋のカギ',
       types: [Object],
       child: 'no',
       name: 'Forest Temple Boss Key' },
    synergy: 0 },
  { difficulty: 21,
    child: 'yes',
    types: { zl: 1, fortress: 1, beans: 1, saria: 1 },
    subtypes: undefined,
    name: 'Spooky Mask',
    goal: 
     { jp: 'こわそなお面',
       types: [Object],
       child: 'yes',
       name: 'Spooky Mask' },
    synergy: 0 },
  { difficulty: 12,
    child: 'yes',
    types: { shadow: 1 },
    subtypes: { hearts: 1, bosskey: 1 },
    name: 'Beat the Shadow Temple',
    goal: 
     { subtypes: [Object],
       jp: '闇の神殿クリア',
       types: [Object],
       child: 'yes',
       name: 'Beat the Shadow Temple' },
    synergy: 0 },
  { difficulty: 24,
    child: 'no',
    types: { fire: 1, ganon: 1 },
    subtypes: { pg: 1, mapcompass: 1, lightarrow: 1, bosskey: 1 },
    name: 'Get to the end of Shadow Trial',
    goal: 
     { subtypes: [Object],
       jp: '闇の結界の最後の部屋に到達\u001a',
       types: [Object],
       child: 'no',
       name: 'Get to the end of Shadow Trial' },
    synergy: 0 },
  { difficulty: 1,
    child: 'yes',
    types: { bottle: 1 },
    subtypes: undefined,
    name: 'Bottled Fairy',
    goal: 
     { jp: 'ビン(妖精)',
       types: [Object],
       child: 'yes',
       name: 'Bottled Fairy' },
    synergy: 0 },
  { difficulty: 8,
    child: 'yes',
    types: { ice: 1, boots: 1 },
    subtypes: { mapcompass: 1 },
    name: 'Iron Boots',
    goal: 
     { subtypes: [Object],
       jp: 'ヘビーブーツ\u001a',
       types: [Object],
       child: 'yes',
       name: 'Iron Boots' },
    synergy: 0 },
  { difficulty: 20,
    child: 'no',
    types: { quiver: 1, forest: 1 },
    subtypes: { mapcompass: 1, bosskey: 1 },
    name: 'Defeat Meg (purple Poe)',
    goal: 
     { subtypes: [Object],
       jp: 'メグ撃破(紫のポウ)',
       types: [Object],
       child: 'no',
       name: 'Defeat Meg (purple Poe)' },
    synergy: 0 },
  { difficulty: 6,
    child: 'yes',
    types: { botw: 1 },
    subtypes: { wallet: 1 },
    name: 'All 3 Skulltulas in Bottom of the Well',
    goal: 
     { subtypes: [Object],
       jp: '井戸の底の黄金のスタルチュラ3匹',
       types: [Object],
       child: 'yes',
       name: 'All 3 Skulltulas in Bottom of the Well' },
    synergy: 0 },
  { difficulty: 18,
    child: 'no',
    types: { zl: 1, songs: 1, atrade: 1 },
    subtypes: { child2: 1 },
    name: 'At least 9 songs',
    goal: 
     { subtypes: [Object],
       jp: '歌9つ以上',
       types: [Object],
       child: 'no',
       name: 'At least 9 songs' },
    synergy: 0 },
  { difficulty: 15,
    child: 'no',
    types: { fortress: 1 },
    subtypes: { wallet: 1, child2: 1 },
    name: 'All 4 Gerudo Valley area Skulltulas',
    goal: 
     { subtypes: [Object],
       jp: 'ゲルドの谷エリアの黄金のスタルチュラ4匹',
       types: [Object],
       child: 'no',
       name: 'All 4 Gerudo Valley area Skulltulas' },
    synergy: 0 },
  { difficulty: 22,
    child: 'no',
    types: { spirit: 1 },
    subtypes: { hearts: 1 },
    name: 'Defeat Twinrova',
    goal: 
     { subtypes: [Object],
       jp: 'ツインローバ撃破',
       types: [Object],
       child: 'no',
       name: 'Defeat Twinrova' },
    synergy: 0 },
  { difficulty: 4,
    child: 'no',
    types: { fire: 1 },
    subtypes: { bosskey: 1 },
    name: 'Fire Temple Boss Key',
    goal: 
     { subtypes: [Object],
       jp: '炎の神殿のボス部屋のカギ',
       types: [Object],
       child: 'no',
       name: 'Fire Temple Boss Key' },
    synergy: 0 },
  meta: { iterations: 1 } ]
