[ ,
  { difficulty: 15,
    child: 'no',
    types: { quiver: 1, forest: 1 },
    subtypes: { mapcompass: 1, bosskey: 1 },
    name: 'Map & Compass in Forest Temple',
    goal: 
     { subtypes: [Object],
       jp: '森の神殿のマップとコンパス',
       types: [Object],
       child: 'no',
       name: 'Map & Compass in Forest Temple' },
    synergy: 0 },
  { difficulty: 22,
    child: 'no',
    types: { spirit: 1 },
    subtypes: { hearts: 1 },
    name: 'Defeat Twinrova',
    goal: 
     { subtypes: [Object],
       jp: 'ツインローバ撃破',
       types: [Object],
       child: 'no',
       name: 'Defeat Twinrova' },
    synergy: 0 },
  { difficulty: 9,
    child: 'yes',
    types: { dc: 1 },
    subtypes: { wallet: 1 },
    name: 'All 5 Skulltulas in Dodongo\'s Cavern',
    goal: 
     { subtypes: [Object],
       jp: 'ドドンゴの洞窟の黄金のスタルチュラ5匹',
       types: [Object],
       child: 'yes',
       name: 'All 5 Skulltulas in Dodongo\'s Cavern' },
    synergy: 0 },
  { difficulty: 1,
    child: 'yes',
    types: { botw: 1 },
    subtypes: undefined,
    name: 'Lens of Truth',
    goal: 
     { jp: 'まことのメガネ\u001a',
       types: [Object],
       child: 'yes',
       name: 'Lens of Truth' },
    synergy: 0 },
  { difficulty: 18,
    child: 'yes',
    types: { zl: 1, ice: 1 },
    subtypes: undefined,
    name: 'Farore\'s Wind',
    goal: 
     { jp: 'フロルの風',
       types: [Object],
       child: 'yes',
       name: 'Farore\'s Wind' },
    synergy: 0 },
  { difficulty: 4,
    child: 'yes',
    types: { atrade: 1 },
    subtypes: undefined,
    name: '30 Deku Sticks',
    goal: 
     { jp: 'デクの棒30本',
       types: [Object],
       child: 'yes',
       name: '30 Deku Sticks' },
    synergy: 0 },
  { difficulty: 16,
    child: 'no',
    types: { jabu: 1, ice: 1 },
    subtypes: { wallet: 1 },
    name: 'All 8 Zora\'s Domain area Skulltulas',
    goal: 
     { subtypes: [Object],
       jp: 'ゾーラの里エリアの黄金のスタルチュラ8匹',
       types: [Object],
       child: 'no',
       name: 'All 8 Zora\'s Domain area Skulltulas' },
    synergy: 0 },
  { difficulty: 13,
    child: 'yes',
    types: { hearts: 1 },
    subtypes: undefined,
    name: '7 Hearts',
    goal: { jp: 'ハート7つ', types: [Object], child: 'yes', name: '7 Hearts' },
    synergy: 0 },
  { difficulty: 25,
    child: 'no',
    types: { mapcompass: 1 },
    subtypes: undefined,
    name: '7 Compasses',
    goal: 
     { jp: 'コンパス7つ',
       types: [Object],
       child: 'no',
       name: '7 Compasses' },
    synergy: 0 },
  { difficulty: 7,
    child: 'yes',
    types: { lonlon: 1, bottle: 1 },
    subtypes: undefined,
    name: 'Milk',
    goal: { jp: 'ロンロン牛乳', types: [Object], child: 'yes', name: 'Milk' },
    synergy: 0 },
  { difficulty: 23,
    child: 'no',
    types: { spirit: 1 },
    subtypes: { hearts: 1 },
    name: 'Defeat Twinrova',
    goal: 
     { subtypes: [Object],
       jp: 'ツインローバ撃破',
       types: [Object],
       child: 'no',
       name: 'Defeat Twinrova' },
    synergy: 0 },
  { difficulty: 10,
    child: 'yes',
    types: { beans: 1 },
    subtypes: { child2: 1, wallet: 1 },
    name: 'At least 7 Magic Beans',
    goal: 
     { subtypes: [Object],
       jp: '魔法のマメ7つ以上\u001a',
       types: [Object],
       child: 'yes',
       name: 'At least 7 Magic Beans' },
    synergy: 0 },
  { difficulty: 2,
    child: 'no',
    types: { swords: 1 },
    subtypes: { wallet: 1 },
    name: 'Giant\'s Knife',
    goal: 
     { subtypes: [Object],
       jp: '巨人のナイフ',
       types: [Object],
       child: 'no',
       name: 'Giant\'s Knife' },
    synergy: 0 },
  { difficulty: 19,
    child: 'yes',
    types: { zl: 1, saria: 1 },
    subtypes: { child2: 1, songs: 1 },
    name: 'Saria\'s Song',
    goal: 
     { subtypes: [Object],
       jp: 'サリアの歌',
       types: [Object],
       child: 'yes',
       name: 'Saria\'s Song' },
    synergy: 0 },
  { difficulty: 11,
    child: 'yes',
    types: { shadow: 1 },
    subtypes: { hearts: 1, bosskey: 1 },
    name: 'Defeat Bongo-Bongo',
    goal: 
     { subtypes: [Object],
       jp: 'ボンゴボンゴ撃破',
       types: [Object],
       child: 'yes',
       name: 'Defeat Bongo-Bongo' },
    synergy: 0 },
  { difficulty: 17,
    child: 'no',
    types: { fire: 1 },
    subtypes: { mapcompass: 1, bosskey: 1 },
    name: 'Defeat both Flare Dancers',
    goal: 
     { subtypes: [Object],
       jp: 'フレアダンサー2体撃破',
       types: [Object],
       child: 'no',
       name: 'Defeat both Flare Dancers' },
    synergy: 0 },
  { difficulty: 14,
    child: 'no',
    types: { strength: 1, ganon: 1, bulletbag: 1, atrade: 1 },
    subtypes: { wallet: 1 },
    name: 'Bronze Gauntlets',
    goal: 
     { subtypes: [Object],
       jp: '銅のグローブ',
       types: [Object],
       child: 'no',
       name: 'Bronze Gauntlets' },
    synergy: 0 },
  { difficulty: 21,
    child: 'no',
    types: { water: 1, ice: 1 },
    subtypes: { mapcompass: 1, child2: 1, wallet: 1 },
    name: 'All 5 Lake Hylia Skulltulas',
    goal: 
     { subtypes: [Object],
       jp: 'ハイリア湖畔エリアの黄金のスタルチュラ5匹',
       types: [Object],
       child: 'no',
       name: 'All 5 Lake Hylia Skulltulas' },
    synergy: 0 },
  { difficulty: 8,
    child: 'yes',
    types: { hearts: 1 },
    subtypes: undefined,
    name: '6 Hearts',
    goal: { jp: 'ハート6つ', types: [Object], child: 'yes', name: '6 Hearts' },
    synergy: 0 },
  { difficulty: 5,
    child: 'yes',
    types: { fortress: 1 },
    subtypes: undefined,
    name: '3 unused keys in Gerudo Training Grounds',
    goal: 
     { jp: 'ゲルドの修練場の未使用のカギ3つ',
       types: [Object],
       child: 'yes',
       name: '3 unused keys in Gerudo Training Grounds' },
    synergy: 0 },
  { difficulty: 6,
    child: 'no',
    types: { cow: 1 },
    subtypes: undefined,
    name: 'Cow in House',
    goal: 
     { jp: '牛(リンクの家)',
       types: [Object],
       child: 'no',
       name: 'Cow in House' },
    synergy: 0 },
  { difficulty: 3,
    child: 'yes',
    types: { zl: 1, songs: 1 },
    subtypes: undefined,
    name: 'At least 3 songs',
    goal: 
     { jp: '歌3つ以上',
       types: [Object],
       child: 'yes',
       name: 'At least 3 songs' },
    synergy: 0 },
  { difficulty: 20,
    child: 'no',
    types: { spirit: 1 },
    subtypes: { kd: 1, child2: 1, wallet: 1 },
    name: 'All 4 Wasteland/ Colossus area Skulltulas',
    goal: 
     { subtypes: [Object],
       jp: '幻影の砂漠・巨大邪神像エリアの黄金のスタルチュラ4匹',
       types: [Object],
       child: 'no',
       name: 'All 4 Wasteland/ Colossus area Skulltulas' },
    synergy: 0 },
  { difficulty: 12,
    child: 'no',
    types: { water: 1, ice: 1 },
    subtypes: undefined,
    name: 'Defeat Dark Link',
    goal: 
     { jp: 'ダークリンク撃破',
       types: [Object],
       child: 'no',
       name: 'Defeat Dark Link' },
    synergy: 0 },
  { difficulty: 24,
    child: 'no',
    types: { fire: 1, ganon: 1 },
    subtypes: { pg: 1, mapcompass: 1, lightarrow: 1, bosskey: 1 },
    name: 'Get to the end of Shadow Trial',
    goal: 
     { subtypes: [Object],
       jp: '闇の結界の最後の部屋に到達\u001a',
       types: [Object],
       child: 'no',
       name: 'Get to the end of Shadow Trial' },
    synergy: 0 },
  meta: { iterations: 1 } ]
