[ ,
  { difficulty: 5,
    desiredTime: 3.75,
    types: { bulletbag: 100, deku: 3, selfsynergy: 0 },
    subtypes: undefined,
    rowtypes: { bottle: 0, hookshot: 0, ms: 0 },
    name: 'Bullet Bag (40)',
    time: 4.5,
    goal: 
     { difficulty: 6,
       id: 'bullet-bag-40-',
       jp: 'デクのタネ袋(40)',
       name: 'Bullet Bag (40)',
       rowtypes: [Object],
       skill: '',
       time: 4.5,
       types: [Object] },
    synergy: 2.5 },
  { difficulty: 12,
    desiredTime: 9,
    types: { childchu: 0, fountain: 2, jabu: 0.5, selfsynergy: 0 },
    subtypes: { childreset: 1.25, compass: 2, hearts: 1, map: 2, wallet: 4 },
    rowtypes: { bottle: 0, hookshot: 100, ms: 100 },
    name: 'All 8 Zora\'s Domain area Skulltulas',
    time: 10,
    goal: 
     { difficulty: 13,
       id: 'all-8-zora-s-domain-area-skulltulas',
       jp: 'ゾーラの里エリアの黄金のスタルチュラ8匹',
       name: 'All 8 Zora\'s Domain area Skulltulas',
       rowtypes: [Object],
       skill: '',
       subtypes: [Object],
       time: 10,
       types: [Object] },
    synergy: 6.5 },
  { difficulty: 24,
    desiredTime: 18,
    types: 
     { bothzl: -4.25,
       czl: 3,
       dmc: 1,
       endon: -0.5,
       fire: 7,
       firearrow: 7.5,
       fortress: 2,
       hovers: 1.5,
       lightarrow: 10,
       magic: 2,
       poachers: 4.25,
       selfsynergy: 0 },
    subtypes: { bosskey: 1, childchu: -2, gtunic: 0.25, songs: 1 },
    rowtypes: { bottle: 100, hookshot: 100, ms: 6 },
    name: 'Get to the end of Forest Trial',
    time: 18,
    goal: 
     { difficulty: 24,
       id: 'get-to-the-end-of-forest-trial',
       jp: '',
       name: 'Get to the end of Forest Trial',
       rowtypes: [Object],
       skill: '',
       subtypes: [Object],
       time: 18,
       types: [Object] },
    synergy: 0 },
  { difficulty: 6,
    desiredTime: 4.5,
    types: { fountain: 2, ganon: 2.5, ice: 1.5, selfsynergy: 0 },
    subtypes: { bosskey: 2.5, compass: 3, hearts: 0.5, map: 3, wallet: 0.75 },
    rowtypes: { bottle: 100, hookshot: 0, ms: 0 },
    name: 'Blue Fire',
    time: 3.5,
    goal: 
     { difficulty: 4,
       id: 'blue-fire',
       jp: '青い炎',
       name: 'Blue Fire',
       rowtypes: [Object],
       skill: '',
       subtypes: [Object],
       time: 3.5,
       types: [Object] },
    synergy: 2.25 },
  { difficulty: 18,
    desiredTime: 13.5,
    types: 
     { childchu: 0,
       childreset: 1.25,
       childtrade: 2.75,
       czl: 7,
       saria: 3,
       selfsynergy: 0 },
    subtypes: { child2: 2.5, wallet: 0.25 },
    rowtypes: { bottle: 0, hookshot: 0, ms: 0 },
    name: 'Saria\'s Song',
    time: 12.5,
    goal: 
     { difficulty: 16,
       id: 'saria-s-song',
       jp: 'サリアの歌',
       name: 'Saria\'s Song',
       rowtypes: [Object],
       skill: '',
       subtypes: [Object],
       time: 12.5,
       types: [Object] },
    synergy: 2 },
  { difficulty: 9,
    desiredTime: 6.75,
    types: { dc: 4, selfsynergy: 0 },
    subtypes: { compass: 2, hearts: 1, hovers: 0.25, map: 1, wallet: 2.5 },
    rowtypes: { bottle: 0, hookshot: 0.25, ms: 1.5 },
    name: 'All 5 Skulltulas in Dodongo\'s Cavern',
    time: 5.75,
    goal: 
     { difficulty: 7,
       id: 'all-5-skulltulas-in-dodongo-s-cavern',
       jp: 'ドドンゴの洞窟の黄金のスタルチュラ5匹',
       name: 'All 5 Skulltulas in Dodongo\'s Cavern',
       rowtypes: [Object],
       skill: '',
       subtypes: [Object],
       time: 5.75,
       types: [Object] },
    synergy: 0.75 },
  { difficulty: 16,
    desiredTime: 12,
    types: 
     { bothzl: -4.25,
       czl: 4.25,
       dmc: 1,
       fountain: 2,
       magic: 2,
       poachers: 4.25,
       selfsynergy: 0 },
    subtypes: { childchu: -2, gtunic: 0.25, hearts: 0.75, wallet: 0.5 },
    rowtypes: { bottle: 100, hookshot: 0.5, ms: 3 },
    name: 'Farore\'s Wind',
    time: 11.5,
    goal: 
     { difficulty: 15,
       id: 'farore-s-wind',
       jp: 'フロルの風',
       name: 'Farore\'s Wind',
       rowtypes: [Object],
       skill: '',
       subtypes: [Object],
       time: 11.5,
       types: [Object] },
    synergy: 6.75 },
  { difficulty: 3,
    desiredTime: 2.25,
    types: { lonlon: 1.75, selfsynergy: 0 },
    subtypes: { hearts: 1 },
    rowtypes: { bottle: 0, hookshot: 0, ms: 0 },
    name: 'Lon Lon Ranch HP',
    time: 2.5,
    goal: 
     { difficulty: 3,
       id: 'lon-lon-ranch-hp',
       jp: '',
       name: 'Lon Lon Ranch HP',
       rowtypes: [Object],
       skill: '',
       subtypes: [Object],
       time: 2.5,
       types: [Object] },
    synergy: 7.25 },
  { difficulty: 15,
    desiredTime: 11.25,
    types: 
     { fortress: 2.5,
       gtg: 1,
       hovers: 3,
       selfsynergy: 0,
       spirit: 3,
       swords: 3 },
    subtypes: 
     { bosskey: 3,
       bosskey2: 5,
       bulletbag: -5,
       childchu: 1,
       compass: 1,
       hearts: 0.5,
       map: 3,
       songs: 1,
       wallet: 0.75 },
    rowtypes: { bottle: 100, hookshot: 100, ms: 100 },
    name: '3 Swords & 3 Shields',
    time: 12.25,
    goal: 
     { difficulty: 16,
       id: '3-swords-3-shields',
       jp: '剣3種類と盾3種類',
       name: '3 Swords & 3 Shields',
       rowtypes: [Object],
       skill: '',
       subtypes: [Object],
       time: 12.25,
       types: [Object] },
    synergy: 1.25 },
  { difficulty: 22,
    desiredTime: 16.5,
    types: 
     { dmc: 1,
       endon: -0.5,
       fire: 7,
       ganon: 3,
       gtunic: 1,
       hovers: 1.5,
       lightarrow: 10,
       selfsynergy: 0 },
    subtypes: 
     { bosskey: 4.5,
       compass: 4,
       hearts: 2,
       map: 2,
       pg: 2,
       poachers: 3,
       quiver: 3,
       songs: 1.25,
       wallet: 0.5 },
    rowtypes: { bottle: 0.5, hookshot: 1, ms: 100 },
    name: 'Get to the end of Shadow Trial',
    time: 15.5,
    goal: 
     { difficulty: 21,
       id: 'get-to-the-end-of-shadow-trial',
       jp: '闇の結界の最後の部屋に到達',
       name: 'Get to the end of Shadow Trial',
       rowtypes: [Object],
       skill: '',
       subtypes: [Object],
       time: 15.5,
       types: [Object] },
    synergy: 7.5 },
  { difficulty: 13,
    desiredTime: 9.75,
    types: { fortress: 2.5, gerudo: 6, selfsynergy: 0 },
    subtypes: { bosskey: 2.5, hearts: 0.5, hovers: 0.5, map: 2.5, wallet: 0.5 },
    rowtypes: { bottle: 0, hookshot: 0.75, ms: 2.5 },
    name: 'Gerudo\'s Card',
    time: 9,
    goal: 
     { difficulty: 12,
       id: 'gerudo-s-card',
       jp: 'ゲルドの会員証',
       name: 'Gerudo\'s Card',
       rowtypes: [Object],
       skill: '',
       subtypes: [Object],
       time: 9,
       types: [Object] },
    synergy: 4 },
  { difficulty: 25,
    desiredTime: 18.75,
    types: 
     { endon: -1,
       fortress: 2.5,
       gtg: 1,
       hovers: 3,
       selfsynergy: 0,
       spirit: 3 },
    subtypes: 
     { bosskey: 6,
       bosskey2: 6,
       childchu: 1,
       compass: 1,
       hearts: 3,
       map: 3,
       songs: 1,
       wallet: 0.5 },
    rowtypes: { bottle: 100, hookshot: 100, ms: 100 },
    name: 'Defeat Twinrova',
    time: 19.25,
    goal: 
     { difficulty: 24,
       id: 'defeat-twinrova',
       jp: 'ツインローバ撃破',
       name: 'Defeat Twinrova',
       rowtypes: [Object],
       skill: '',
       subtypes: [Object],
       time: 19.25,
       types: [Object] },
    synergy: 0 },
  { difficulty: 7,
    desiredTime: 5.25,
    types: { endon: -0.5, ganon: 3, selfsynergy: 0, strength: 100 },
    subtypes: { bombbag: 100, bosskey: 2.5, hovers: 1, wallet: 0.25 },
    rowtypes: { bottle: 100, hookshot: 2.5, ms: 0 },
    name: 'Golden Gauntlets',
    time: 5,
    goal: 
     { difficulty: 6,
       id: 'golden-gauntlets',
       jp: '金のグローブ',
       name: 'Golden Gauntlets',
       rowtypes: [Object],
       skill: '',
       subtypes: [Object],
       time: 5,
       types: [Object] },
    synergy: 0.75 },
  { difficulty: 19,
    desiredTime: 14.25,
    types: { bow: 1.5, forest: 3, hovers: 2, quiver: 3, selfsynergy: 0 },
    subtypes: 
     { bosskey2: 3,
       compass: 4,
       hearts: 1,
       map: 2.5,
       songs: 1.75,
       wallet: 1 },
    rowtypes: { bottle: 0.5, hookshot: 100, ms: 100 },
    name: 'Defeat Meg (purple Poe)',
    time: 14,
    goal: 
     { difficulty: 18,
       id: 'defeat-meg-purple-poe-',
       jp: 'メグ撃破(紫のポウ)',
       name: 'Defeat Meg (purple Poe)',
       rowtypes: [Object],
       skill: '',
       subtypes: [Object],
       time: 14,
       types: [Object] },
    synergy: 6.25 },
  { difficulty: 1,
    desiredTime: 0.75,
    types: { childchu: 0, selfsynergy: 0 },
    subtypes: undefined,
    rowtypes: { bottle: 0, hookshot: 0, ms: 0 },
    name: 'Lens of Truth',
    time: 0.25,
    goal: 
     { difficulty: 1,
       id: 'lens-of-truth',
       jp: 'まことのメガネ',
       name: 'Lens of Truth',
       rowtypes: [Object],
       skill: '',
       time: 0.25,
       types: [Object] },
    synergy: 2.25 },
  { difficulty: 17,
    desiredTime: 12.75,
    types: 
     { dmc: 1,
       endon: -1,
       fire: 10,
       forest: 2,
       gtunic: 1.75,
       selfsynergy: 0 },
    subtypes: 
     { bosskey: 2,
       compass: 4,
       hearts: 2,
       hovers: 0.25,
       lightarrow: 3,
       map: 2,
       pg: 1,
       songs: 1.25,
       wallet: 0.25 },
    rowtypes: { bottle: 0.5, hookshot: 0.25, ms: 100 },
    name: 'Beat the Fire Temple',
    time: 13,
    goal: 
     { difficulty: 17,
       id: 'beat-the-fire-temple',
       jp: '炎の神殿クリア',
       name: 'Beat the Fire Temple',
       rowtypes: [Object],
       skill: '',
       subtypes: [Object],
       time: 13,
       types: [Object] },
    synergy: 7 },
  { difficulty: 4,
    desiredTime: 3,
    types: { fire: 2.5, fountain: 1.5, gtunic: 1.75, selfsynergy: 0 },
    subtypes: 
     { bosskey: 0.25,
       compass: 1.5,
       dmc: 0.25,
       hearts: 0.5,
       map: 1.5,
       wallet: 0.5 },
    rowtypes: { bottle: 0, hookshot: 0, ms: 100 },
    name: '3 Tunics',
    time: 3.25,
    goal: 
     { difficulty: 4,
       id: '3-tunics',
       jp: '服3種類',
       name: '3 Tunics',
       rowtypes: [Object],
       skill: '',
       subtypes: [Object],
       time: 3.25,
       types: [Object] },
    synergy: 5.25 },
  { difficulty: 11,
    desiredTime: 8.25,
    types: { beans: 0.5, fountain: 2, ice: 1.5, irons: 2, selfsynergy: 0 },
    subtypes: { hovers: 1 },
    rowtypes: { bottle: 0, hookshot: 0.5, ms: 100 },
    name: 'At Least 5 Zora Area HPs',
    time: 8.5,
    goal: 
     { difficulty: 11,
       id: 'at-least-5-zora-area-hps',
       jp: '',
       name: 'At Least 5 Zora Area HPs',
       rowtypes: [Object],
       skill: '',
       subtypes: [Object],
       time: 8.5,
       types: [Object] },
    synergy: 6 },
  { difficulty: 23,
    desiredTime: 17.25,
    types: { childtrade: 1, hearts: 18, saria: 1, selfsynergy: -1 },
    subtypes: undefined,
    rowtypes: { bottle: 0, hookshot: 1, ms: 6 },
    name: '8 Hearts',
    time: 17,
    goal: 
     { difficulty: 22,
       id: '8-hearts',
       jp: 'ハート8つ',
       name: '8 Hearts',
       rowtypes: [Object],
       skill: '',
       time: 17,
       types: [Object] },
    synergy: 0.25 },
  { difficulty: 10,
    desiredTime: 7.5,
    types: 
     { childchu: 0,
       endon: -0.5,
       ganon: 3,
       selfsynergy: 0,
       strength: 100 },
    subtypes: { bombbag: 100, bulletbag: 100, hovers: 1.5, wallet: 0.5 },
    rowtypes: { bottle: 100, hookshot: 2.5, ms: 100 },
    name: 'Bronze Gauntlets',
    time: 7.75,
    goal: 
     { difficulty: 10,
       id: 'bronze-gauntlets',
       jp: '銅のグローブ',
       name: 'Bronze Gauntlets',
       rowtypes: [Object],
       skill: '',
       subtypes: [Object],
       time: 7.75,
       types: [Object] },
    synergy: 8 },
  { difficulty: 21,
    desiredTime: 15.75,
    types: 
     { child2: 3,
       endon: 0,
       forest: 3,
       hovers: 3,
       pg: 2.25,
       selfsynergy: 0 },
    subtypes: { bosskey2: 2, compass: 1, hearts: 3, map: 2, wallet: 2.75 },
    rowtypes: { bottle: 100, hookshot: 100, ms: 100 },
    name: 'All 4 Market area Skulltulas',
    time: 16.5,
    goal: 
     { difficulty: 22,
       id: 'all-4-market-area-skulltulas',
       jp: '城下町エリアの黄金のスタルチュラ4匹',
       name: 'All 4 Market area Skulltulas',
       rowtypes: [Object],
       skill: '',
       subtypes: [Object],
       time: 16.5,
       types: [Object] },
    synergy: 5.5 },
  { difficulty: 8,
    desiredTime: 6,
    types: { hovers: 3, selfsynergy: 0 },
    subtypes: { dmc: 1, firearrow: 2, gtunic: 0.25, magic: 2, wallet: 1 },
    rowtypes: { bottle: 0, hookshot: 2, ms: 6 },
    name: 'Both Hyrule Field area Skulltulas',
    time: 6.5,
    goal: 
     { difficulty: 8,
       id: 'both-hyrule-field-area-skulltulas',
       jp: 'ハイラル平原エリアの黄金ノスタルチュラ2匹',
       name: 'Both Hyrule Field area Skulltulas',
       rowtypes: [Object],
       skill: '',
       subtypes: [Object],
       time: 6.5,
       types: [Object] },
    synergy: 8 },
  { difficulty: 20,
    desiredTime: 15,
    types: { bow: 1.5, fortress: 2.5, hovers: 3, selfsynergy: 0, spirit: 6 },
    subtypes: 
     { bosskey: 2,
       bosskey2: 5,
       compass: 2.5,
       hearts: 0.5,
       map: 3,
       songs: 1,
       wallet: 2.5 },
    rowtypes: { bottle: 0, hookshot: 100, ms: 4 },
    name: 'All 5 Skulltulas in Spirit Temple',
    time: 14,
    goal: 
     { difficulty: 18,
       id: 'all-5-skulltulas-in-spirit-temple',
       jp: '魂の神殿の黄金のスタルチュラ5匹',
       name: 'All 5 Skulltulas in Spirit Temple',
       rowtypes: [Object],
       skill: '',
       subtypes: [Object],
       time: 14,
       types: [Object] },
    synergy: 5.5 },
  { difficulty: 2,
    desiredTime: 1.5,
    types: { childchu: 0, selfsynergy: 0 },
    subtypes: { compass: 1, map: 1 },
    rowtypes: { bottle: 0, hookshot: 0, ms: 0 },
    name: 'Map & Compass in Bottom of the Well',
    time: 1,
    goal: 
     { difficulty: 1,
       id: 'map-compass-in-bottom-of-the-well',
       jp: '井戸の底のマップとコンパス',
       name: 'Map & Compass in Bottom of the Well',
       rowtypes: [Object],
       skill: '',
       subtypes: [Object],
       time: 1,
       types: [Object] },
    synergy: 1.5 },
  { difficulty: 14,
    desiredTime: 10.5,
    types: 
     { childchu: 0,
       dc: 2,
       deku: 3,
       fountain: 2,
       jabu: 3,
       selfsynergy: 0 },
    subtypes: { compass: 4, hovers: 1, map: 4, wallet: 2 },
    rowtypes: { bottle: 0, hookshot: 0.5, ms: 0 },
    name: 'At Least 1 Skulltula from each Child Dungeon',
    time: 9.75,
    goal: 
     { difficulty: 13,
       id: 'at-least-1-skulltula-from-each-child-dungeon',
       jp: '',
       name: 'At Least 1 Skulltula from each Child Dungeon',
       rowtypes: [Object],
       skill: '',
       subtypes: [Object],
       time: 9.75,
       types: [Object] },
    synergy: 1.75 },
  meta: { iterations: 1 } ]
