[ ,
  { difficulty: 20,
    desiredTime: 15,
    types: 
     { childchu: 0,
       childtrade: 2.75,
       czl: 7,
       dmc: 1.5,
       magic: 2,
       selfsynergy: 0 },
    subtypes: { child2: 5.5, childreset: 1.25, wallet: 0.5 },
    rowtypes: { bottle: 100, hookshot: 0, ms: 0 },
    name: 'Din\'s Fire',
    time: 14.25,
    goal: 
     { difficulty: 19,
       id: 'din-s-fire',
       jp: 'ディンの炎',
       name: 'Din\'s Fire',
       rowtypes: [Object],
       skill: '',
       subtypes: [Object],
       time: 14.25,
       types: [Object] },
    synergy: 4.75 },
  { difficulty: 7,
    desiredTime: 5.25,
    types: { selfsynergy: 0 },
    subtypes: { bottleslot: 4.5, wallet: 0.5 },
    rowtypes: { bottle: 0, hookshot: 0, ms: 0 },
    name: 'Ruto\'s Letter',
    time: 4.5,
    goal: 
     { difficulty: 6,
       id: 'ruto-s-letter',
       jp: 'ルトの手紙',
       name: 'Ruto\'s Letter',
       rowtypes: [Object],
       skill: '',
       subtypes: [Object],
       time: 4.5,
       types: [Object] },
    synergy: 3.25 },
  { difficulty: 4,
    desiredTime: 3,
    types: { dmc: 1, fire: 0.25, firearrow: 2.5, selfsynergy: 0 },
    subtypes: { bosskey: 2.5, gtunic: 0.25, songs: 1 },
    rowtypes: { bottle: 0.5, hookshot: 100, ms: 100 },
    name: 'Fire Temple Boss Key',
    time: 2.5,
    goal: 
     { difficulty: 3,
       id: 'fire-temple-boss-key',
       jp: '炎の神殿のボス部屋のカギ',
       name: 'Fire Temple Boss Key',
       rowtypes: [Object],
       skill: '',
       subtypes: [Object],
       time: 2.5,
       types: [Object] },
    synergy: 5.75 },
  { difficulty: 21,
    desiredTime: 15.75,
    types: { childchu: 0, hovers: 3, map: 20, selfsynergy: -3 },
    subtypes: 
     { bosskey2: 2,
       claimcheck: 6,
       compass: 20,
       hearts: 2,
       poachers: 1.25,
       songs: 1.5 },
    rowtypes: { bottle: 0.5, hookshot: 1, ms: 4 },
    name: '7 Maps',
    time: 15.5,
    goal: 
     { difficulty: 20,
       id: '7-maps',
       jp: 'マップ7つ',
       name: '7 Maps',
       rowtypes: [Object],
       skill: '',
       subtypes: [Object],
       time: 15.5,
       types: [Object] },
    synergy: 5.5 },
  { difficulty: 13,
    desiredTime: 9.75,
    types: { dmc: 1, fire: 5, gtunic: 1, selfsynergy: 0 },
    subtypes: 
     { bosskey: 2,
       compass: 4,
       hovers: 0.25,
       map: 3,
       songs: 1.25,
       wallet: 0.25 },
    rowtypes: { bottle: 0.5, hookshot: 0.25, ms: 4 },
    name: 'Map & Compass in Fire Temple',
    time: 9,
    goal: 
     { difficulty: 12,
       id: 'map-compass-in-fire-temple',
       jp: '炎の神殿のマップとコンパス',
       name: 'Map & Compass in Fire Temple',
       rowtypes: [Object],
       skill: '',
       subtypes: [Object],
       time: 9,
       types: [Object] },
    synergy: 3.75 },
  { difficulty: 24,
    desiredTime: 18,
    types: { childtrade: 1, hearts: 18, saria: 1, selfsynergy: -1 },
    subtypes: undefined,
    rowtypes: { bottle: 0, hookshot: 1, ms: 6 },
    name: '8 Hearts',
    time: 17,
    goal: 
     { difficulty: 22,
       id: '8-hearts',
       jp: 'ハート8つ',
       name: '8 Hearts',
       rowtypes: [Object],
       skill: '',
       time: 17,
       types: [Object] },
    synergy: 1 },
  { difficulty: 11,
    desiredTime: 8.25,
    types: { selfsynergy: 0, wallet: 5 },
    subtypes: { bulletbag: 100, childchu: -2 },
    rowtypes: { bottle: 100, hookshot: 2, ms: 100 },
    name: '500 Rupees',
    time: 8,
    goal: 
     { difficulty: 10,
       id: '500-rupees',
       jp: '500ルピー',
       name: '500 Rupees',
       rowtypes: [Object],
       skill: '',
       subtypes: [Object],
       time: 8,
       types: [Object] },
    synergy: 5 },
  { difficulty: 18,
    desiredTime: 13.5,
    types: { bow: 1.5, forest: 3, hovers: 2, quiver: 3, selfsynergy: 0 },
    subtypes: 
     { bosskey2: 3,
       compass: 4,
       hearts: 1,
       map: 2.5,
       songs: 1.75,
       wallet: 1 },
    rowtypes: { bottle: 0.5, hookshot: 100, ms: 100 },
    name: 'Defeat Meg (purple Poe)',
    time: 14,
    goal: 
     { difficulty: 18,
       id: 'defeat-meg-purple-poe-',
       jp: 'メグ撃破(紫のポウ)',
       name: 'Defeat Meg (purple Poe)',
       rowtypes: [Object],
       skill: '',
       subtypes: [Object],
       time: 14,
       types: [Object] },
    synergy: 6.75 },
  { difficulty: 10,
    desiredTime: 7.5,
    types: { endon: -0.5, fortress: 3, gtg: 3, selfsynergy: 0 },
    subtypes: { bosskey: 3, hearts: 0.5, hovers: 0.75, map: 3, wallet: 0.5 },
    rowtypes: { bottle: 100, hookshot: 100, ms: 3 },
    name: '7 Different Unused Keys in Gerudo Training Grounds',
    time: 8.25,
    goal: 
     { difficulty: 11,
       id: '7-different-unused-keys-in-gerudo-training-grounds',
       jp: '',
       name: '7 Different Unused Keys in Gerudo Training Grounds',
       rowtypes: [Object],
       skill: '',
       subtypes: [Object],
       time: 8.25,
       types: [Object] },
    synergy: 3 },
  { difficulty: 2,
    desiredTime: 1.5,
    types: { forest: 0.5, nuts: 100, selfsynergy: 0 },
    subtypes: { songs: 0.5 },
    rowtypes: { bottle: 0, hookshot: 0, ms: 0 },
    name: 'At least 30 Deku Nuts',
    time: 1,
    goal: 
     { difficulty: 1,
       id: 'at-least-30-deku-nuts',
       jp: 'デクの実30個以上',
       name: 'At least 30 Deku Nuts',
       rowtypes: [Object],
       skill: '',
       subtypes: [Object],
       time: 1,
       types: [Object] },
    synergy: 7 },
  { difficulty: 8,
    desiredTime: 6,
    types: { endon: -0.5, ganon: 3, selfsynergy: 0, strength: 100 },
    subtypes: { bombbag: 100, bosskey: 2.5, hovers: 1, wallet: 0.25 },
    rowtypes: { bottle: 100, hookshot: 2.5, ms: 0 },
    name: 'Golden Gauntlets',
    time: 5,
    goal: 
     { difficulty: 6,
       id: 'golden-gauntlets',
       jp: '金のグローブ',
       name: 'Golden Gauntlets',
       rowtypes: [Object],
       skill: '',
       subtypes: [Object],
       time: 5,
       types: [Object] },
    synergy: 6.25 },
  { difficulty: 5,
    desiredTime: 3.75,
    types: { beans: -1, childchu: 0, dmc: 2, selfsynergy: 0 },
    subtypes: { child2: 5, childreset: 1.25, wallet: 0.5 },
    rowtypes: { bottle: 0, hookshot: 0, ms: 0 },
    name: 'Plant bean in Death Mountain Crater',
    time: 4.25,
    goal: 
     { difficulty: 5,
       id: 'plant-bean-in-death-mountain-crater',
       jp: 'デスマウンテン火口の土にマメを植える',
       name: 'Plant bean in Death Mountain Crater',
       rowtypes: [Object],
       skill: '',
       subtypes: [Object],
       time: 4.25,
       types: [Object] },
    synergy: 0 },
  { difficulty: 22,
    desiredTime: 16.5,
    types: 
     { bothzl: -4.25,
       czl: 3,
       dc: 2.5,
       longshot: 4,
       poachers: 4.25,
       selfsynergy: 0,
       water: 4 },
    subtypes: 
     { bosskey: 3.75,
       childchu: -2,
       compass: 1.5,
       hearts: 0.5,
       hovers: 0.5,
       map: 2,
       spirit: -1,
       wallet: 2.5 },
    rowtypes: { bottle: 100, hookshot: 100, ms: 100 },
    name: 'All 5 Skulltulas in Water Temple',
    time: 15.75,
    goal: 
     { difficulty: 21,
       id: 'all-5-skulltulas-in-water-temple',
       jp: '水の神殿の黄金のスタルチュラ5匹',
       name: 'All 5 Skulltulas in Water Temple',
       rowtypes: [Object],
       skill: '',
       subtypes: [Object],
       time: 15.75,
       types: [Object] },
    synergy: 0.75 },
  { difficulty: 14,
    desiredTime: 10.5,
    types: { deku: 3, selfsynergy: 0 },
    subtypes: 
     { bow: 1.5,
       compass: 3,
       fortress: 1,
       gtg: 1,
       hovers: 1,
       map: 1,
       wallet: 2 },
    rowtypes: { bottle: 0, hookshot: 1, ms: 0 },
    name: 'All 4 Skulltulas in Deku Tree',
    time: 9.75,
    goal: 
     { difficulty: 13,
       id: 'all-4-skulltulas-in-deku-tree',
       jp: 'デクの樹様の中の黄金のスタルチュラ4匹',
       name: 'All 4 Skulltulas in Deku Tree',
       rowtypes: [Object],
       skill: '',
       subtypes: [Object],
       time: 9.75,
       types: [Object] },
    synergy: 2.5 },
  { difficulty: 16,
    desiredTime: 12,
    types: { fountain: 2, ice: 1.5, irons: 2, selfsynergy: 0, water: 1 },
    subtypes: 
     { bottleslot: 2,
       child2: 3,
       compass: 4,
       hearts: 1.5,
       hovers: 0.5,
       map: 4,
       wallet: 3 },
    rowtypes: { bottle: 100, hookshot: 100, ms: 100 },
    name: 'All 5 Lake Hylia Skulltulas',
    time: 12,
    goal: 
     { difficulty: 16,
       id: 'all-5-lake-hylia-skulltulas',
       jp: 'ハイリア湖畔エリアの黄金のスタルチュラ5匹',
       name: 'All 5 Lake Hylia Skulltulas',
       rowtypes: [Object],
       skill: '',
       subtypes: [Object],
       time: 12,
       types: [Object] },
    synergy: 6 },
  { difficulty: 12,
    desiredTime: 9,
    types: { childchu: 0, dmc: 2, selfsynergy: 0 },
    subtypes: { child2: 3, childtrade: 1, wallet: 4 },
    rowtypes: { bottle: 100, hookshot: 0.25, ms: 100 },
    name: 'All 8 Death Mountain area Skulltulas',
    time: 8.25,
    goal: 
     { difficulty: 11,
       id: 'all-8-death-mountain-area-skulltulas',
       jp: 'デスマウンテンエリアの黄金のスタルチュラ8匹',
       name: 'All 8 Death Mountain area Skulltulas',
       rowtypes: [Object],
       skill: '',
       subtypes: [Object],
       time: 8.25,
       types: [Object] },
    synergy: 5.25 },
  { difficulty: 19,
    desiredTime: 14.25,
    types: 
     { beans: 10,
       bombbag: 100,
       fortress: 3,
       gerudo: 7,
       quiver: 1,
       selfsynergy: 0 },
    subtypes: { bosskey: 2.5, childchu: -2, hearts: 0.5, map: 2, wallet: 0.25 },
    rowtypes: { bottle: 100, hookshot: 0, ms: 100 },
    name: 'Quiver (50)',
    time: 14.5,
    goal: 
     { difficulty: 19,
       id: 'quiver-50-',
       jp: '矢立て(50)',
       name: 'Quiver (50)',
       rowtypes: [Object],
       skill: '',
       subtypes: [Object],
       time: 14.5,
       types: [Object] },
    synergy: 3 },
  { difficulty: 6,
    desiredTime: 4.5,
    types: { endon: -0.5, forest: 3, pg: 1.5, selfsynergy: 0 },
    subtypes: 
     { bosskey2: 3,
       compass: 1,
       hearts: 3,
       map: 2,
       songs: 1.75,
       wallet: 0.75 },
    rowtypes: { bottle: 0.5, hookshot: 100, ms: 3 },
    name: 'Defeat Phantom Ganon',
    time: 4.5,
    goal: 
     { difficulty: 6,
       id: 'defeat-phantom-ganon',
       jp: 'ファントムガノン撃破',
       name: 'Defeat Phantom Ganon',
       rowtypes: [Object],
       skill: '',
       subtypes: [Object],
       time: 4.5,
       types: [Object] },
    synergy: 4 },
  { difficulty: 3,
    desiredTime: 2.25,
    types: { forest: 1.75, selfsynergy: 0 },
    subtypes: { bosskey2: 1.75, songs: 1.75, wallet: 0.5 },
    rowtypes: { bottle: 0, hookshot: 0, ms: 100 },
    name: 'Minuet of Forest',
    time: 1.75,
    goal: 
     { difficulty: 2,
       id: 'minuet-of-forest',
       jp: '森のメヌエット',
       name: 'Minuet of Forest',
       rowtypes: [Object],
       skill: '',
       subtypes: [Object],
       time: 1.75,
       types: [Object] },
    synergy: 4.5 },
  { difficulty: 25,
    desiredTime: 18.75,
    types: 
     { dmc: 1,
       fire: 2,
       forest: 3,
       fortress: 2.5,
       gtg: 1,
       hovers: 3,
       selfsynergy: -3,
       shadow: 2,
       spirit: 3,
       water: 3 },
    subtypes: 
     { bosskey: 4,
       bosskey2: 3,
       compass: 6,
       hearts: 2,
       map: 6,
       songs: 5,
       wallet: 4.5 },
    rowtypes: { bottle: 0.5, hookshot: 100, ms: 100 },
    name: 'At Least 1 Skulltula from each Adult Dungeon',
    time: 19,
    goal: 
     { difficulty: 25,
       id: 'at-least-1-skulltula-from-each-adult-dungeon',
       jp: '',
       name: 'At Least 1 Skulltula from each Adult Dungeon',
       rowtypes: [Object],
       skill: '',
       subtypes: [Object],
       time: 19,
       types: [Object] },
    synergy: 0 },
  { difficulty: 1,
    desiredTime: 0.75,
    types: { selfsynergy: 0 },
    subtypes: undefined,
    rowtypes: { bottle: 100, hookshot: 0, ms: 0 },
    name: 'Bottled Fairy',
    time: 0.5,
    goal: 
     { difficulty: 1,
       id: 'bottled-fairy',
       jp: 'ビン(妖精)',
       name: 'Bottled Fairy',
       rowtypes: [Object],
       skill: '',
       time: 0.5,
       types: [Object] },
    synergy: 1 },
  { difficulty: 23,
    desiredTime: 17.25,
    types: 
     { endon: -0.5,
       fortress: 2.5,
       fountain: 2,
       gtg: 1,
       hovers: 3,
       ice: 1.5,
       irons: 2,
       selfsynergy: 0,
       spirit: 3 },
    subtypes: 
     { bosskey: 3,
       bosskey2: 5,
       childchu: 1,
       compass: 4,
       hearts: 1.5,
       map: 6,
       songs: 1,
       wallet: 1.5 },
    rowtypes: { bottle: 0, hookshot: 100, ms: 7.5 },
    name: '3 Shields & 3 Boots',
    time: 16.5,
    goal: 
     { difficulty: 22,
       id: '3-shields-3-boots',
       jp: '盾3種類と靴3種類',
       name: '3 Shields & 3 Boots',
       rowtypes: [Object],
       skill: '',
       subtypes: [Object],
       time: 16.5,
       types: [Object] },
    synergy: 0.75 },
  { difficulty: 15,
    desiredTime: 11.25,
    types: { dmc: 1, fire: 8, gtunic: 1, selfsynergy: 0 },
    subtypes: 
     { bosskey: 2,
       compass: 4,
       hovers: 0.25,
       map: 2.5,
       songs: 1.25,
       wallet: 0.5 },
    rowtypes: { bottle: 0.5, hookshot: 0.25, ms: 100 },
    name: 'Defeat both Flare Dancers',
    time: 10.5,
    goal: 
     { difficulty: 14,
       id: 'defeat-both-flare-dancers',
       jp: 'フレアダンサー2体撃破',
       name: 'Defeat both Flare Dancers',
       rowtypes: [Object],
       skill: '',
       subtypes: [Object],
       time: 10.5,
       types: [Object] },
    synergy: 5.25 },
  { difficulty: 17,
    desiredTime: 12.75,
    types: { beans: 10, childreset: 0.5, selfsynergy: 0 },
    subtypes: { child2: 3, gerudo: 6, wallet: 0.5 },
    rowtypes: { bottle: 0, hookshot: 0, ms: 0 },
    name: 'At least 9 Magic Beans',
    time: 13.25,
    goal: 
     { difficulty: 17,
       id: 'at-least-9-magic-beans',
       jp: '魔法のマメ9つ以上',
       name: 'At least 9 Magic Beans',
       rowtypes: [Object],
       skill: '',
       subtypes: [Object],
       time: 13.25,
       types: [Object] },
    synergy: 5 },
  { difficulty: 9,
    desiredTime: 6.75,
    types: { endon: -0.25, fortress: 3, gtg: 5, selfsynergy: 0 },
    subtypes: { bosskey: 3, hearts: 0.5, hovers: 0.5, map: 3, wallet: 0.25 },
    rowtypes: { bottle: 0, hookshot: 1, ms: 0 },
    name: '6 unused keys in Gerudo Training Grounds',
    time: 7,
    goal: 
     { difficulty: 9,
       id: '6-unused-keys-in-gerudo-training-grounds',
       jp: 'ゲルドの修練場の未使用のカギ6つ',
       name: '6 unused keys in Gerudo Training Grounds',
       rowtypes: [Object],
       skill: '',
       subtypes: [Object],
       time: 7,
       types: [Object] },
    synergy: 4.75 },
  meta: { iterations: 1 } ]
