[ ,
  { difficulty: 20,
    child: 'no',
    types: { fire: 1 },
    subtypes: { mapcompass: 1, bosskey: 1 },
    name: 'Free all 9 gorons in Fire Temple',
    goal: 
     { subtypes: [Object],
       jp: '炎の神殿で９人のゴロンを全員救う',
       types: [Object],
       child: 'no',
       name: 'Free all 9 gorons in Fire Temple' },
    synergy: 0 },
  { difficulty: 12,
    child: 'yes',
    types: { strength: 1, deku: 1, ganon: 1 },
    subtypes: undefined,
    name: 'Golden Gauntlets',
    goal: 
     { jp: '金のグローブ',
       types: [Object],
       child: 'yes',
       name: 'Golden Gauntlets' },
    synergy: 0 },
  { difficulty: 4,
    child: 'yes',
    types: { bottle: 1 },
    subtypes: undefined,
    name: 'Ruto\'s Letter',
    goal: 
     { jp: 'ルトの手紙\u001a',
       types: [Object],
       child: 'yes',
       name: 'Ruto\'s Letter' },
    synergy: 0 },
  { difficulty: 6,
    child: 'yes',
    types: { botw: 1 },
    subtypes: { wallet: 1 },
    name: 'All 3 Skulltulas in Bottom of the Well',
    goal: 
     { subtypes: [Object],
       jp: '井戸の底の黄金のスタルチュラ3匹',
       types: [Object],
       child: 'yes',
       name: 'All 3 Skulltulas in Bottom of the Well' },
    synergy: 0 },
  { difficulty: 23,
    child: 'yes',
    types: { zl: 1, spirit: 1 },
    subtypes: { mapcompass: 1 },
    name: 'Map & Compass in Spirit Temple',
    goal: 
     { subtypes: [Object],
       jp: '魂の神殿のマップとコンパス',
       types: [Object],
       child: 'yes',
       name: 'Map & Compass in Spirit Temple' },
    synergy: 0 },
  { difficulty: 9,
    child: 'yes',
    types: { pg: 1, forest: 1 },
    subtypes: { hearts: 1 },
    name: 'Beat the Forest Temple',
    goal: 
     { subtypes: [Object],
       jp: '森の神殿クリア',
       types: [Object],
       child: 'yes',
       name: 'Beat the Forest Temple' },
    synergy: 0 },
  { difficulty: 21,
    child: 'yes',
    types: { zl: 1 },
    subtypes: { child2: 1 },
    name: 'Din\'s Fire',
    goal: 
     { subtypes: [Object],
       jp: 'ディンの炎\u001a',
       types: [Object],
       child: 'yes',
       name: 'Din\'s Fire' },
    synergy: 0 },
  { difficulty: 18,
    child: 'no',
    types: { spirit: 1 },
    subtypes: undefined,
    name: 'Defeat Nabooru-Knuckle',
    goal: 
     { jp: 'アイアンナック(ナボール)撃破',
       types: [Object],
       child: 'no',
       name: 'Defeat Nabooru-Knuckle' },
    synergy: 0 },
  { difficulty: 15,
    child: 'no',
    types: { fire: 1 },
    subtypes: { mapcompass: 1, bosskey: 1 },
    name: 'Map & Compass in Fire Temple',
    goal: 
     { subtypes: [Object],
       jp: '炎の神殿のマップとコンパス',
       types: [Object],
       child: 'no',
       name: 'Map & Compass in Fire Temple' },
    synergy: 0 },
  { difficulty: 2,
    child: 'yes',
    types: { dc: 1 },
    subtypes: { mapcompass: 1 },
    name: 'Map & Compass in Dodongo\'s Cavern',
    goal: 
     { subtypes: [Object],
       jp: 'ドドンゴの洞窟のマップとコンパス',
       types: [Object],
       child: 'yes',
       name: 'Map & Compass in Dodongo\'s Cavern' },
    synergy: 0 },
  { difficulty: 13,
    child: 'no',
    types: { swords: 1, ice: 1, boots: 1 },
    subtypes: { mapcompass: 1, wallet: 1 },
    name: '3 Swords & 3 Boots',
    goal: 
     { subtypes: [Object],
       jp: '剣3種類と靴3種類',
       types: [Object],
       child: 'no',
       name: '3 Swords & 3 Boots' },
    synergy: 0 },
  { difficulty: 5,
    child: 'no',
    types: { forest: 1 },
    subtypes: { wallet: 1 },
    name: 'All 3 Kokiri Forest area Skulltulas',
    goal: 
     { subtypes: [Object],
       jp: 'コキリの森エリアの黄金のスタルチュラ３匹',
       types: [Object],
       child: 'no',
       name: 'All 3 Kokiri Forest area Skulltulas' },
    synergy: 0 },
  { difficulty: 7,
    child: 'yes',
    types: { fortress: 1, kd: 1, dc: 1 },
    subtypes: undefined,
    name: 'Beat Dodongo\'s Cavern',
    goal: 
     { jp: 'ドドンゴの洞窟クリア',
       types: [Object],
       child: 'yes',
       name: 'Beat Dodongo\'s Cavern' },
    synergy: 0 },
  { difficulty: 24,
    child: 'no',
    types: { spirit: 1 },
    subtypes: { hearts: 1 },
    name: 'Beat the Spirit Temple',
    goal: 
     { subtypes: [Object],
       jp: '魂の神殿クリア',
       types: [Object],
       child: 'no',
       name: 'Beat the Spirit Temple' },
    synergy: 0 },
  { difficulty: 16,
    child: 'no',
    types: { fire: 1 },
    subtypes: { mapcompass: 1, bosskey: 1 },
    name: 'Megaton Hammer',
    goal: 
     { subtypes: [Object],
       jp: 'メガトンハンマー',
       types: [Object],
       child: 'no',
       name: 'Megaton Hammer' },
    synergy: 0 },
  { difficulty: 22,
    child: 'no',
    types: { zl: 1, lightarrow: 1, spirit: 1 },
    subtypes: { bosskey: 1 },
    name: 'Spirit Temple Boss Key',
    goal: 
     { subtypes: [Object],
       jp: '魂の神殿のボス部屋のカギ',
       types: [Object],
       child: 'no',
       name: 'Spirit Temple Boss Key' },
    synergy: 0 },
  { difficulty: 19,
    child: 'yes',
    types: { hearts: 1 },
    subtypes: undefined,
    name: '8 Hearts',
    goal: { jp: 'ハート8つ', types: [Object], child: 'yes', name: '8 Hearts' },
    synergy: 0 },
  { difficulty: 11,
    child: 'no',
    types: { shadow: 1 },
    subtypes: { wallet: 1 },
    name: 'At least 4 Skulltulas in Shadow Temple',
    goal: 
     { subtypes: [Object],
       jp: '闇の神殿の黄金のスタルチュラ4匹以上',
       types: [Object],
       child: 'no',
       name: 'At least 4 Skulltulas in Shadow Temple' },
    synergy: 0 },
  { difficulty: 3,
    child: 'no',
    types: { quiver: 1, forest: 1, atrade: 1 },
    subtypes: undefined,
    name: 'Quiver (40)',
    goal: 
     { jp: '矢立て(40)',
       types: [Object],
       child: 'no',
       name: 'Quiver (40)' },
    synergy: 0 },
  { difficulty: 10,
    child: 'yes',
    types: { jabu: 1, ice: 1 },
    subtypes: undefined,
    name: 'Defeat Big Octo',
    goal: 
     { jp: '大オクタ撃破',
       types: [Object],
       child: 'yes',
       name: 'Defeat Big Octo' },
    synergy: 0 },
  { difficulty: 1,
    child: 'yes',
    types: { bottle: 1 },
    subtypes: undefined,
    name: 'Bottled Fairy',
    goal: 
     { jp: 'ビン(妖精)',
       types: [Object],
       child: 'yes',
       name: 'Bottled Fairy' },
    synergy: 0 },
  { difficulty: 8,
    child: 'yes',
    types: { ice: 1, boots: 1 },
    subtypes: { mapcompass: 1 },
    name: 'Iron Boots',
    goal: 
     { subtypes: [Object],
       jp: 'ヘビーブーツ\u001a',
       types: [Object],
       child: 'yes',
       name: 'Iron Boots' },
    synergy: 0 },
  { difficulty: 25,
    child: 'yes',
    types: { hearts: 1 },
    subtypes: undefined,
    name: '9 Hearts',
    goal: { jp: 'ハート9つ', types: [Object], child: 'yes', name: '9 Hearts' },
    synergy: 0 },
  { difficulty: 17,
    child: 'no',
    types: { zl: 1, ganon: 1, strength: 1 },
    subtypes: undefined,
    name: 'Get to the end of Light Trial',
    goal: 
     { jp: '光の結界の最後の部屋に到達\u001a',
       types: [Object],
       child: 'no',
       name: 'Get to the end of Light Trial' },
    synergy: 0 },
  { difficulty: 14,
    child: 'no',
    types: { dmc: 1 },
    subtypes: { child2: 1, wallet: 1 },
    name: 'All 8 Death Mountain area Skulltulas',
    goal: 
     { subtypes: [Object],
       jp: 'デスマウンテンエリアの黄金のスタルチュラ8匹',
       types: [Object],
       child: 'no',
       name: 'All 8 Death Mountain area Skulltulas' },
    synergy: 0 },
  meta: { iterations: 1 } ]
